Archive member included to satisfy reference by file (symbol)

/home/mateusz/st/stm32cubeide_1.9.0/plugins/com.st.stm32cube.ide.mcu.externaltools.gnu-tools-for-stm32.10.3-2021.10.linux64_1.0.0.202111181127/tools/bin/../lib/gcc/arm-none-eabi/10.3.1/../../../../arm-none-eabi/lib/thumb/v7e-m+fp/hard/libm.a(lib_a-w_pow.o)
                              ./Core/Src/MLX90621_API.o (pow)
/home/mateusz/st/stm32cubeide_1.9.0/plugins/com.st.stm32cube.ide.mcu.externaltools.gnu-tools-for-stm32.10.3-2021.10.linux64_1.0.0.202111181127/tools/bin/../lib/gcc/arm-none-eabi/10.3.1/../../../../arm-none-eabi/lib/thumb/v7e-m+fp/hard/libm.a(lib_a-w_sqrt.o)
                              ./Core/Src/MLX90621_API.o (sqrt)
/home/mateusz/st/stm32cubeide_1.9.0/plugins/com.st.stm32cube.ide.mcu.externaltools.gnu-tools-for-stm32.10.3-2021.10.linux64_1.0.0.202111181127/tools/bin/../lib/gcc/arm-none-eabi/10.3.1/../../../../arm-none-eabi/lib/thumb/v7e-m+fp/hard/libm.a(lib_a-wf_sqrt.o)
                              ./Core/Src/MLX90621_API.o (sqrtf)
/home/mateusz/st/stm32cubeide_1.9.0/plugins/com.st.stm32cube.ide.mcu.externaltools.gnu-tools-for-stm32.10.3-2021.10.linux64_1.0.0.202111181127/tools/bin/../lib/gcc/arm-none-eabi/10.3.1/../../../../arm-none-eabi/lib/thumb/v7e-m+fp/hard/libm.a(lib_a-e_pow.o)
                              /home/mateusz/st/stm32cubeide_1.9.0/plugins/com.st.stm32cube.ide.mcu.externaltools.gnu-tools-for-stm32.10.3-2021.10.linux64_1.0.0.202111181127/tools/bin/../lib/gcc/arm-none-eabi/10.3.1/../../../../arm-none-eabi/lib/thumb/v7e-m+fp/hard/libm.a(lib_a-w_pow.o) (__ieee754_pow)
/home/mateusz/st/stm32cubeide_1.9.0/plugins/com.st.stm32cube.ide.mcu.externaltools.gnu-tools-for-stm32.10.3-2021.10.linux64_1.0.0.202111181127/tools/bin/../lib/gcc/arm-none-eabi/10.3.1/../../../../arm-none-eabi/lib/thumb/v7e-m+fp/hard/libm.a(lib_a-e_sqrt.o)
                              /home/mateusz/st/stm32cubeide_1.9.0/plugins/com.st.stm32cube.ide.mcu.externaltools.gnu-tools-for-stm32.10.3-2021.10.linux64_1.0.0.202111181127/tools/bin/../lib/gcc/arm-none-eabi/10.3.1/../../../../arm-none-eabi/lib/thumb/v7e-m+fp/hard/libm.a(lib_a-w_sqrt.o) (__ieee754_sqrt)
/home/mateusz/st/stm32cubeide_1.9.0/plugins/com.st.stm32cube.ide.mcu.externaltools.gnu-tools-for-stm32.10.3-2021.10.linux64_1.0.0.202111181127/tools/bin/../lib/gcc/arm-none-eabi/10.3.1/../../../../arm-none-eabi/lib/thumb/v7e-m+fp/hard/libm.a(lib_a-ef_sqrt.o)
                              /home/mateusz/st/stm32cubeide_1.9.0/plugins/com.st.stm32cube.ide.mcu.externaltools.gnu-tools-for-stm32.10.3-2021.10.linux64_1.0.0.202111181127/tools/bin/../lib/gcc/arm-none-eabi/10.3.1/../../../../arm-none-eabi/lib/thumb/v7e-m+fp/hard/libm.a(lib_a-wf_sqrt.o) (__ieee754_sqrtf)
/home/mateusz/st/stm32cubeide_1.9.0/plugins/com.st.stm32cube.ide.mcu.externaltools.gnu-tools-for-stm32.10.3-2021.10.linux64_1.0.0.202111181127/tools/bin/../lib/gcc/arm-none-eabi/10.3.1/../../../../arm-none-eabi/lib/thumb/v7e-m+fp/hard/libm.a(lib_a-math_err.o)
                              /home/mateusz/st/stm32cubeide_1.9.0/plugins/com.st.stm32cube.ide.mcu.externaltools.gnu-tools-for-stm32.10.3-2021.10.linux64_1.0.0.202111181127/tools/bin/../lib/gcc/arm-none-eabi/10.3.1/../../../../arm-none-eabi/lib/thumb/v7e-m+fp/hard/libm.a(lib_a-e_pow.o) (__math_uflow)
/home/mateusz/st/stm32cubeide_1.9.0/plugins/com.st.stm32cube.ide.mcu.externaltools.gnu-tools-for-stm32.10.3-2021.10.linux64_1.0.0.202111181127/tools/bin/../lib/gcc/arm-none-eabi/10.3.1/../../../../arm-none-eabi/lib/thumb/v7e-m+fp/hard/libm.a(lib_a-s_fabs.o)
                              /home/mateusz/st/stm32cubeide_1.9.0/plugins/com.st.stm32cube.ide.mcu.externaltools.gnu-tools-for-stm32.10.3-2021.10.linux64_1.0.0.202111181127/tools/bin/../lib/gcc/arm-none-eabi/10.3.1/../../../../arm-none-eabi/lib/thumb/v7e-m+fp/hard/libm.a(lib_a-e_pow.o) (fabs)
/home/mateusz/st/stm32cubeide_1.9.0/plugins/com.st.stm32cube.ide.mcu.externaltools.gnu-tools-for-stm32.10.3-2021.10.linux64_1.0.0.202111181127/tools/bin/../lib/gcc/arm-none-eabi/10.3.1/../../../../arm-none-eabi/lib/thumb/v7e-m+fp/hard/libm.a(lib_a-s_finite.o)
                              /home/mateusz/st/stm32cubeide_1.9.0/plugins/com.st.stm32cube.ide.mcu.externaltools.gnu-tools-for-stm32.10.3-2021.10.linux64_1.0.0.202111181127/tools/bin/../lib/gcc/arm-none-eabi/10.3.1/../../../../arm-none-eabi/lib/thumb/v7e-m+fp/hard/libm.a(lib_a-w_pow.o) (finite)
/home/mateusz/st/stm32cubeide_1.9.0/plugins/com.st.stm32cube.ide.mcu.externaltools.gnu-tools-for-stm32.10.3-2021.10.linux64_1.0.0.202111181127/tools/bin/../lib/gcc/arm-none-eabi/10.3.1/../../../../arm-none-eabi/lib/thumb/v7e-m+fp/hard/libm.a(lib_a-s_scalbn.o)
                              /home/mateusz/st/stm32cubeide_1.9.0/plugins/com.st.stm32cube.ide.mcu.externaltools.gnu-tools-for-stm32.10.3-2021.10.linux64_1.0.0.202111181127/tools/bin/../lib/gcc/arm-none-eabi/10.3.1/../../../../arm-none-eabi/lib/thumb/v7e-m+fp/hard/libm.a(lib_a-e_pow.o) (scalbn)
[...]
Memory Configuration

Name             Origin             Length             Attributes
RAM              0x0000000020000000 0x0000000000050000 xrw
RAM2             0x0000000010000000 0x0000000000010000 xrw
RAM3             0x0000000020030000 0x0000000000020000 xrw
FLASH            0x0000000008000000 0x0000000000080000 xr
*default*        0x0000000000000000 0xffffffffffffffff

Linker script and memory map

LOAD /home/mateusz/st/stm32cubeide_1.9.0/plugins/com.st.stm32cube.ide.mcu.externaltools.gnu-tools-for-stm32.10.3-2021.10.linux64_1.0.0.202111181127/tools/bin/../lib/gcc/arm-none-eabi/10.3.1/thumb/v7e-m+fp/hard/crti.o
LOAD /home/mateusz/st/stm32cubeide_1.9.0/plugins/com.st.stm32cube.ide.mcu.externaltools.gnu-tools-for-stm32.10.3-2021.10.linux64_1.0.0.202111181127/tools/bin/../lib/gcc/arm-none-eabi/10.3.1/thumb/v7e-m+fp/hard/crtbegin.o
LOAD /home/mateusz/st/stm32cubeide_1.9.0/plugins/com.st.stm32cube.ide.mcu.externaltools.gnu-tools-for-stm32.10.3-2021.10.linux64_1.0.0.202111181127/tools/bin/../lib/gcc/arm-none-eabi/10.3.1/../../../../arm-none-eabi/lib/thumb/v7e-m+fp/hard/crt0.o
LOAD ./Core/Src/MLX90621_API.o
LOAD ./Core/Src/MLX90621_I2C_Driver.o
LOAD ./Core/Src/can.o
LOAD ./Core/Src/gpio.o
LOAD ./Core/Src/i2c.o
LOAD ./Core/Src/main.o
LOAD ./Core/Src/stm32l4xx_hal_msp.o
LOAD ./Core/Src/stm32l4xx_it.o
LOAD ./Core/Src/syscalls.o
LOAD ./Core/Src/sysmem.o
LOAD ./Core/Src/system_stm32l4xx.o
LOAD ./Core/Startup/startup_stm32l4p5retx.o
LOAD ./Drivers/STM32L4xx_HAL_Driver/Src/stm32l4xx_hal.o
LOAD ./Drivers/STM32L4xx_HAL_Driver/Src/stm32l4xx_hal_can.o
LOAD ./Drivers/STM32L4xx_HAL_Driver/Src/stm32l4xx_hal_cortex.o
LOAD ./Drivers/STM32L4xx_HAL_Driver/Src/stm32l4xx_hal_dma.o
LOAD ./Drivers/STM32L4xx_HAL_Driver/Src/stm32l4xx_hal_dma_ex.o
LOAD ./Drivers/STM32L4xx_HAL_Driver/Src/stm32l4xx_hal_exti.o
LOAD ./Drivers/STM32L4xx_HAL_Driver/Src/stm32l4xx_hal_flash.o
LOAD ./Drivers/STM32L4xx_HAL_Driver/Src/stm32l4xx_hal_flash_ex.o
LOAD ./Drivers/STM32L4xx_HAL_Driver/Src/stm32l4xx_hal_flash_ramfunc.o
LOAD ./Drivers/STM32L4xx_HAL_Driver/Src/stm32l4xx_hal_gpio.o
LOAD ./Drivers/STM32L4xx_HAL_Driver/Src/stm32l4xx_hal_i2c.o
LOAD ./Drivers/STM32L4xx_HAL_Driver/Src/stm32l4xx_hal_i2c_ex.o
LOAD ./Drivers/STM32L4xx_HAL_Driver/Src/stm32l4xx_hal_pwr.o
LOAD ./Drivers/STM32L4xx_HAL_Driver/Src/stm32l4xx_hal_pwr_ex.o
LOAD ./Drivers/STM32L4xx_HAL_Driver/Src/stm32l4xx_hal_rcc.o
LOAD ./Drivers/STM32L4xx_HAL_Driver/Src/stm32l4xx_hal_rcc_ex.o
LOAD ./Drivers/STM32L4xx_HAL_Driver/Src/stm32l4xx_hal_tim.o
LOAD ./Drivers/STM32L4xx_HAL_Driver/Src/stm32l4xx_hal_tim_ex.o
START GROUP
LOAD /home/mateusz/st/stm32cubeide_1.9.0/plugins/com.st.stm32cube.ide.mcu.externaltools.gnu-tools-for-stm32.10.3-2021.10.linux64_1.0.0.202111181127/tools/bin/../lib/gcc/arm-none-eabi/10.3.1/../../../../arm-none-eabi/lib/thumb/v7e-m+fp/hard/libstdc++_nano.a
LOAD /home/mateusz/st/stm32cubeide_1.9.0/plugins/com.st.stm32cube.ide.mcu.externaltools.gnu-tools-for-stm32.10.3-2021.10.linux64_1.0.0.202111181127/tools/bin/../lib/gcc/arm-none-eabi/10.3.1/../../../../arm-none-eabi/lib/thumb/v7e-m+fp/hard/libsupc++_nano.a
END GROUP
LOAD /home/mateusz/st/stm32cubeide_1.9.0/plugins/com.st.stm32cube.ide.mcu.externaltools.gnu-tools-for-stm32.10.3-2021.10.linux64_1.0.0.202111181127/tools/bin/../lib/gcc/arm-none-eabi/10.3.1/../../../../arm-none-eabi/lib/thumb/v7e-m+fp/hard/libstdc++_nano.a
LOAD /home/mateusz/st/stm32cubeide_1.9.0/plugins/com.st.stm32cube.ide.mcu.externaltools.gnu-tools-for-stm32.10.3-2021.10.linux64_1.0.0.202111181127/tools/bin/../lib/gcc/arm-none-eabi/10.3.1/../../../../arm-none-eabi/lib/thumb/v7e-m+fp/hard/libm.a
LOAD /home/mateusz/st/stm32cubeide_1.9.0/plugins/com.st.stm32cube.ide.mcu.externaltools.gnu-tools-for-stm32.10.3-2021.10.linux64_1.0.0.202111181127/tools/bin/../lib/gcc/arm-none-eabi/10.3.1/../../../../arm-none-eabi/lib/thumb/v7e-m+fp/hard/libc_nano.a
START GROUP
LOAD /home/mateusz/st/stm32cubeide_1.9.0/plugins/com.st.stm32cube.ide.mcu.externaltools.gnu-tools-for-stm32.10.3-2021.10.linux64_1.0.0.202111181127/tools/bin/../lib/gcc/arm-none-eabi/10.3.1/thumb/v7e-m+fp/hard/libgcc.a
LOAD /home/mateusz/st/stm32cubeide_1.9.0/plugins/com.st.stm32cube.ide.mcu.externaltools.gnu-tools-for-stm32.10.3-2021.10.linux64_1.0.0.202111181127/tools/bin/../lib/gcc/arm-none-eabi/10.3.1/../../../../arm-none-eabi/lib/thumb/v7e-m+fp/hard/libc_nano.a
END GROUP
START GROUP
LOAD /home/mateusz/st/stm32cubeide_1.9.0/plugins/com.st.stm32cube.ide.mcu.externaltools.gnu-tools-for-stm32.10.3-2021.10.linux64_1.0.0.202111181127/tools/bin/../lib/gcc/arm-none-eabi/10.3.1/thumb/v7e-m+fp/hard/libgcc.a
LOAD /home/mateusz/st/stm32cubeide_1.9.0/plugins/com.st.stm32cube.ide.mcu.externaltools.gnu-tools-for-stm32.10.3-2021.10.linux64_1.0.0.202111181127/tools/bin/../lib/gcc/arm-none-eabi/10.3.1/../../../../arm-none-eabi/lib/thumb/v7e-m+fp/hard/libc_nano.a
END GROUP
LOAD /home/mateusz/st/stm32cubeide_1.9.0/plugins/com.st.stm32cube.ide.mcu.externaltools.gnu-tools-for-stm32.10.3-2021.10.linux64_1.0.0.202111181127/tools/bin/../lib/gcc/arm-none-eabi/10.3.1/thumb/v7e-m+fp/hard/crtend.o
LOAD /home/mateusz/st/stm32cubeide_1.9.0/plugins/com.st.stm32cube.ide.mcu.externaltools.gnu-tools-for-stm32.10.3-2021.10.linux64_1.0.0.202111181127/tools/bin/../lib/gcc/arm-none-eabi/10.3.1/thumb/v7e-m+fp/hard/crtn.o
                0x0000000020050000                _estack = (ORIGIN (RAM) + LENGTH (RAM))
                0x0000000000000200                _Min_Heap_Size = 0x200
                0x0000000000000400                _Min_Stack_Size = 0x400

.isr_vector     0x0000000008000000      0x1bc
                0x0000000008000000                . = ALIGN (0x4)
 *(.isr_vector)
 .isr_vector    0x0000000008000000      0x1bc ./Core/Startup/startup_stm32l4p5retx.o
                0x0000000008000000                g_pfnVectors
                0x00000000080001bc                . = ALIGN (0x4)

.text           0x00000000080001bc     0x3a6c
                0x00000000080001bc                . = ALIGN (0x4)
 *(.text)
 .text          0x00000000080001bc       0x40 /home/mateusz/st/stm32cubeide_1.9.0/plugins/com.st.stm32cube.ide.mcu.externaltools.gnu-tools-for-stm32.10.3-2021.10.linux64_1.0.0.202111181127/tools/bin/../lib/gcc/arm-none-eabi/10.3.1/thumb/v7e-m+fp/hard/crtbegin.o
 *(.text*)
 .text._Z15MLX90621_DumpEEPh
                0x00000000080001fc       0x20 ./Core/Src/MLX90621_API.o
                0x00000000080001fc                MLX90621_DumpEE(unsigned char*)
 .text._Z18MLX90621_ConfigurePh
                0x000000000800021c       0x62 ./Core/Src/MLX90621_API.o
                0x000000000800021c                MLX90621_Configure(unsigned char*)
 .text._Z25MLX90621_GetConfigurationPt
                0x000000000800027e       0x2c ./Core/Src/MLX90621_API.o
                0x000000000800027e                MLX90621_GetConfiguration(unsigned short*)
 .text._Z25MLX90621_GetCurResolutionv
                0x00000000080002aa       0x30 ./Core/Src/MLX90621_API.o
                0x00000000080002aa                MLX90621_GetCurResolution()
 .text._Z23MLX90621_GetRefreshRatev
                0x00000000080002da       0x2c ./Core/Src/MLX90621_API.o
                0x00000000080002da                MLX90621_GetRefreshRate()
 *fill*         0x0000000008000306        0x2 
 .text._Z22MLX90621_I2CReadEEPROMhhtPh
                0x0000000008000308      0x11c ./Core/Src/MLX90621_I2C_Driver.o
                0x0000000008000308                MLX90621_I2CReadEEPROM(unsigned char, unsigned char, unsigned short, unsigned char*)
 .text._Z16MLX90621_I2CReadhhhhhPt
                0x0000000008000424      0x100 ./Core/Src/MLX90621_I2C_Driver.o
                0x0000000008000424                MLX90621_I2CRead(unsigned char, unsigned char, unsigned char, unsigned char, unsigned char, unsigned short*)
 .text._Z17MLX90621_I2CWritehhht
                0x0000000008000524       0xc4 ./Core/Src/MLX90621_I2C_Driver.o
                0x0000000008000524                MLX90621_I2CWrite(unsigned char, unsigned char, unsigned char, unsigned short)
 .text.MX_CAN1_Init
                0x00000000080005e8       0x6c ./Core/Src/can.o
                0x00000000080005e8                MX_CAN1_Init
 .text.HAL_CAN_MspInit
                0x0000000008000654       0x88 ./Core/Src/can.o
                0x0000000008000654                HAL_CAN_MspInit
 .text.MX_GPIO_Init
                0x00000000080006dc      0x100 ./Core/Src/gpio.o
                0x00000000080006dc                MX_GPIO_Init
 .text.MX_I2C2_Init
                0x00000000080007dc       0x80 ./Core/Src/i2c.o
                0x00000000080007dc                MX_I2C2_Init
 .text.HAL_I2C_MspInit
                0x000000000800085c       0xbc ./Core/Src/i2c.o
                0x000000000800085c                HAL_I2C_MspInit
 .text.main     0x0000000008000918       0x44 ./Core/Src/main.o
                0x0000000008000918                main
 .text._Z18SystemClock_Configv
                0x000000000800095c       0xba ./Core/Src/main.o
                0x000000000800095c                SystemClock_Config()
 .text.Error_Handler
                0x0000000008000a16        0xa ./Core/Src/main.o
                0x0000000008000a16                Error_Handler
 .text.HAL_MspInit
                0x0000000008000a20       0x48 ./Core/Src/stm32l4xx_hal_msp.o
                0x0000000008000a20                HAL_MspInit
 .text.NMI_Handler
                0x0000000008000a68        0x6 ./Core/Src/stm32l4xx_it.o
                0x0000000008000a68                NMI_Handler
 .text.HardFault_Handler
                0x0000000008000a6e        0x6 ./Core/Src/stm32l4xx_it.o
                0x0000000008000a6e                HardFault_Handler
 .text.MemManage_Handler
                0x0000000008000a74        0x6 ./Core/Src/stm32l4xx_it.o
                0x0000000008000a74                MemManage_Handler
 .text.BusFault_Handler
                0x0000000008000a7a        0x6 ./Core/Src/stm32l4xx_it.o
                0x0000000008000a7a                BusFault_Handler
 .text.UsageFault_Handler
                0x0000000008000a80        0x6 ./Core/Src/stm32l4xx_it.o
                0x0000000008000a80                UsageFault_Handler
 .text.SVC_Handler
                0x0000000008000a86        0xe ./Core/Src/stm32l4xx_it.o
                0x0000000008000a86                SVC_Handler
 .text.DebugMon_Handler
                0x0000000008000a94        0xe ./Core/Src/stm32l4xx_it.o
                0x0000000008000a94                DebugMon_Handler
 .text.PendSV_Handler
                0x0000000008000aa2        0xe ./Core/Src/stm32l4xx_it.o
                0x0000000008000aa2                PendSV_Handler
 .text.SysTick_Handler
                0x0000000008000ab0        0xc ./Core/Src/stm32l4xx_it.o
                0x0000000008000ab0                SysTick_Handler
 .text.SystemInit
                0x0000000008000abc       0x24 ./Core/Src/system_stm32l4xx.o
                0x0000000008000abc                SystemInit
 .text.Reset_Handler
                0x0000000008000ae0       0x50 ./Core/Startup/startup_stm32l4p5retx.o
                0x0000000008000ae0                Reset_Handler
 .text.Default_Handler
                0x0000000008000b30        0x2 ./Core/Startup/startup_stm32l4p5retx.o
                0x0000000008000b30                RTC_Alarm_IRQHandler
                0x0000000008000b30                EXTI2_IRQHandler
                0x0000000008000b30                TIM8_TRG_COM_IRQHandler
                0x0000000008000b30                TIM8_CC_IRQHandler
                0x0000000008000b30                TIM1_CC_IRQHandler
                0x0000000008000b30                TSC_IRQHandler
                0x0000000008000b30                TAMP_STAMP_IRQHandler
                0x0000000008000b30                EXTI3_IRQHandler
                0x0000000008000b30                LPTIM2_IRQHandler
                0x0000000008000b30                DFSDM1_FLT1_IRQHandler
                0x0000000008000b30                I2C3_ER_IRQHandler
                0x0000000008000b30                EXTI0_IRQHandler
                0x0000000008000b30                I2C2_EV_IRQHandler
                0x0000000008000b30                CAN1_RX0_IRQHandler
                0x0000000008000b30                FPU_IRQHandler
                0x0000000008000b30                TIM1_UP_TIM16_IRQHandler
                0x0000000008000b30                LTDC_ER_IRQHandler
                0x0000000008000b30                ADC1_2_IRQHandler
                0x0000000008000b30                SPI1_IRQHandler
                0x0000000008000b30                OCTOSPI1_IRQHandler
                0x0000000008000b30                TIM6_DAC_IRQHandler
                0x0000000008000b30                TIM8_UP_IRQHandler
                0x0000000008000b30                OCTOSPI2_IRQHandler
                0x0000000008000b30                DMA2_Channel2_IRQHandler
                0x0000000008000b30                DMA1_Channel4_IRQHandler
                0x0000000008000b30                SAI2_IRQHandler
                0x0000000008000b30                USART3_IRQHandler
                0x0000000008000b30                DMA1_Channel7_IRQHandler
                0x0000000008000b30                CAN1_RX1_IRQHandler
                0x0000000008000b30                UART5_IRQHandler
                0x0000000008000b30                TIM4_IRQHandler
                0x0000000008000b30                DMA2_Channel1_IRQHandler
                0x0000000008000b30                I2C1_EV_IRQHandler
                0x0000000008000b30                DMAMUX1_OVR_IRQHandler
                0x0000000008000b30                DMA1_Channel6_IRQHandler
                0x0000000008000b30                UART4_IRQHandler
                0x0000000008000b30                DMA2_Channel4_IRQHandler
                0x0000000008000b30                TIM3_IRQHandler
                0x0000000008000b30                RCC_IRQHandler
                0x0000000008000b30                DMA1_Channel1_IRQHandler
                0x0000000008000b30                Default_Handler
                0x0000000008000b30                DMA2_Channel7_IRQHandler
                0x0000000008000b30                EXTI15_10_IRQHandler
                0x0000000008000b30                TIM7_IRQHandler
                0x0000000008000b30                SDMMC1_IRQHandler
                0x0000000008000b30                TIM5_IRQHandler
                0x0000000008000b30                I2C3_EV_IRQHandler
                0x0000000008000b30                EXTI9_5_IRQHandler
                0x0000000008000b30                RTC_WKUP_IRQHandler
                0x0000000008000b30                LTDC_IRQHandler
                0x0000000008000b30                PVD_PVM_IRQHandler
                0x0000000008000b30                SPI2_IRQHandler
                0x0000000008000b30                CAN1_TX_IRQHandler
                0x0000000008000b30                DMA2_Channel5_IRQHandler
                0x0000000008000b30                DMA1_Channel5_IRQHandler
                0x0000000008000b30                EXTI4_IRQHandler
                0x0000000008000b30                RNG_IRQHandler
                0x0000000008000b30                TIM1_TRG_COM_TIM17_IRQHandler
                0x0000000008000b30                DMA1_Channel3_IRQHandler
                0x0000000008000b30                COMP_IRQHandler
                0x0000000008000b30                HASH_CRS_IRQHandler
                0x0000000008000b30                WWDG_IRQHandler
                0x0000000008000b30                I2C4_EV_IRQHandler
                0x0000000008000b30                LPUART1_IRQHandler
                0x0000000008000b30                DMA2_Channel6_IRQHandler
                0x0000000008000b30                TIM2_IRQHandler
                0x0000000008000b30                DMA2D_IRQHandler
                0x0000000008000b30                EXTI1_IRQHandler
                0x0000000008000b30                SDMMC2_IRQHandler
                0x0000000008000b30                USART2_IRQHandler
                0x0000000008000b30                DFSDM1_FLT0_IRQHandler
                0x0000000008000b30                I2C2_ER_IRQHandler
                0x0000000008000b30                DMA1_Channel2_IRQHandler
                0x0000000008000b30                TIM8_BRK_IRQHandler
                0x0000000008000b30                CAN1_SCE_IRQHandler
                0x0000000008000b30                FLASH_IRQHandler
                0x0000000008000b30                USART1_IRQHandler
                0x0000000008000b30                OTG_FS_IRQHandler
                0x0000000008000b30                SPI3_IRQHandler
                0x0000000008000b30                I2C1_ER_IRQHandler
                0x0000000008000b30                FMC_IRQHandler
                0x0000000008000b30                LPTIM1_IRQHandler
                0x0000000008000b30                DCMI_PSSI_IRQHandler
                0x0000000008000b30                I2C4_ER_IRQHandler
                0x0000000008000b30                SAI1_IRQHandler
                0x0000000008000b30                DMA2_Channel3_IRQHandler
                0x0000000008000b30                TIM1_BRK_TIM15_IRQHandler
 .text.HAL_Init
                0x0000000008000b32       0x30 ./Drivers/STM32L4xx_HAL_Driver/Src/stm32l4xx_hal.o
                0x0000000008000b32                HAL_Init
 *fill*         0x0000000008000b62        0x2 
 .text.HAL_InitTick
                0x0000000008000b64       0x78 ./Drivers/STM32L4xx_HAL_Driver/Src/stm32l4xx_hal.o
                0x0000000008000b64                HAL_InitTick
 .text.HAL_IncTick
                0x0000000008000bdc       0x28 ./Drivers/STM32L4xx_HAL_Driver/Src/stm32l4xx_hal.o
                0x0000000008000bdc                HAL_IncTick
 .text.HAL_GetTick
                0x0000000008000c04       0x18 ./Drivers/STM32L4xx_HAL_Driver/Src/stm32l4xx_hal.o
                0x0000000008000c04                HAL_GetTick
 .text.HAL_Delay
                0x0000000008000c1c       0x48 ./Drivers/STM32L4xx_HAL_Driver/Src/stm32l4xx_hal.o
                0x0000000008000c1c                HAL_Delay
 .text.HAL_CAN_Init
                0x0000000008000c64      0x1f6 ./Drivers/STM32L4xx_HAL_Driver/Src/stm32l4xx_hal_can.o
                0x0000000008000c64                HAL_CAN_Init
 *fill*         0x0000000008000e5a        0x2 
 .text.__NVIC_SetPriorityGrouping
                0x0000000008000e5c       0x48 ./Drivers/STM32L4xx_HAL_Driver/Src/stm32l4xx_hal_cortex.o
 .text.__NVIC_GetPriorityGrouping
                0x0000000008000ea4       0x1c ./Drivers/STM32L4xx_HAL_Driver/Src/stm32l4xx_hal_cortex.o
 .text.__NVIC_SetPriority
                0x0000000008000ec0       0x54 ./Drivers/STM32L4xx_HAL_Driver/Src/stm32l4xx_hal_cortex.o
 .text.NVIC_EncodePriority
                0x0000000008000f14       0x66 ./Drivers/STM32L4xx_HAL_Driver/Src/stm32l4xx_hal_cortex.o
 *fill*         0x0000000008000f7a        0x2 
 .text.SysTick_Config
                0x0000000008000f7c       0x44 ./Drivers/STM32L4xx_HAL_Driver/Src/stm32l4xx_hal_cortex.o
 .text.HAL_NVIC_SetPriorityGrouping
                0x0000000008000fc0       0x16 ./Drivers/STM32L4xx_HAL_Driver/Src/stm32l4xx_hal_cortex.o
                0x0000000008000fc0                HAL_NVIC_SetPriorityGrouping
 .text.HAL_NVIC_SetPriority
                0x0000000008000fd6       0x38 ./Drivers/STM32L4xx_HAL_Driver/Src/stm32l4xx_hal_cortex.o
                0x0000000008000fd6                HAL_NVIC_SetPriority
 .text.HAL_SYSTICK_Config
                0x000000000800100e       0x18 ./Drivers/STM32L4xx_HAL_Driver/Src/stm32l4xx_hal_cortex.o
                0x000000000800100e                HAL_SYSTICK_Config
 *fill*         0x0000000008001026        0x2 
 .text.HAL_GPIO_Init
                0x0000000008001028      0x324 ./Drivers/STM32L4xx_HAL_Driver/Src/stm32l4xx_hal_gpio.o
                0x0000000008001028                HAL_GPIO_Init
 .text.HAL_GPIO_WritePin
                0x000000000800134c       0x30 ./Drivers/STM32L4xx_HAL_Driver/Src/stm32l4xx_hal_gpio.o
                0x000000000800134c                HAL_GPIO_WritePin
 .text.HAL_I2C_Init
                0x000000000800137c      0x11e ./Drivers/STM32L4xx_HAL_Driver/Src/stm32l4xx_hal_i2c.o
                0x000000000800137c                HAL_I2C_Init
 *fill*         0x000000000800149a        0x2 
 .text.HAL_I2C_Master_Transmit
                0x000000000800149c      0x1e8 ./Drivers/STM32L4xx_HAL_Driver/Src/stm32l4xx_hal_i2c.o
                0x000000000800149c                HAL_I2C_Master_Transmit
 .text.HAL_I2C_Mem_Read
                0x0000000008001684      0x234 ./Drivers/STM32L4xx_HAL_Driver/Src/stm32l4xx_hal_i2c.o
                0x0000000008001684                HAL_I2C_Mem_Read
 .text.I2C_RequestMemoryRead
                0x00000000080018b8       0xa8 ./Drivers/STM32L4xx_HAL_Driver/Src/stm32l4xx_hal_i2c.o
 .text.I2C_Flush_TXDR
                0x0000000008001960       0x48 ./Drivers/STM32L4xx_HAL_Driver/Src/stm32l4xx_hal_i2c.o
 .text.I2C_WaitOnFlagUntilTimeout
                0x00000000080019a8       0x80 ./Drivers/STM32L4xx_HAL_Driver/Src/stm32l4xx_hal_i2c.o
 .text.I2C_WaitOnTXISFlagUntilTimeout
                0x0000000008001a28       0x80 ./Drivers/STM32L4xx_HAL_Driver/Src/stm32l4xx_hal_i2c.o
 .text.I2C_WaitOnSTOPFlagUntilTimeout
                0x0000000008001aa8       0x78 ./Drivers/STM32L4xx_HAL_Driver/Src/stm32l4xx_hal_i2c.o
 .text.I2C_IsErrorOccurred
                0x0000000008001b20      0x1d8 ./Drivers/STM32L4xx_HAL_Driver/Src/stm32l4xx_hal_i2c.o
 .text.I2C_TransferConfig
                0x0000000008001cf8       0x64 ./Drivers/STM32L4xx_HAL_Driver/Src/stm32l4xx_hal_i2c.o
 .text.Custom_HAL_I2C_Mem_Read
                0x0000000008001d5c      0x23c ./Drivers/STM32L4xx_HAL_Driver/Src/stm32l4xx_hal_i2c.o
                0x0000000008001d5c                Custom_HAL_I2C_Mem_Read
 .text.Custom_I2C_RequestMemoryRead
                0x0000000008001f98       0xc4 ./Drivers/STM32L4xx_HAL_Driver/Src/stm32l4xx_hal_i2c.o
 .text.HAL_I2CEx_ConfigAnalogFilter
                0x000000000800205c       0x96 ./Drivers/STM32L4xx_HAL_Driver/Src/stm32l4xx_hal_i2c_ex.o
                0x000000000800205c                HAL_I2CEx_ConfigAnalogFilter
 .text.HAL_I2CEx_ConfigDigitalFilter
                0x00000000080020f2       0x98 ./Drivers/STM32L4xx_HAL_Driver/Src/stm32l4xx_hal_i2c_ex.o
                0x00000000080020f2                HAL_I2CEx_ConfigDigitalFilter
 *fill*         0x000000000800218a        0x2 
 .text.HAL_PWREx_GetVoltageRange
                0x000000000800218c       0x40 ./Drivers/STM32L4xx_HAL_Driver/Src/stm32l4xx_hal_pwr_ex.o
                0x000000000800218c                HAL_PWREx_GetVoltageRange
 .text.HAL_PWREx_ControlVoltageScaling
                0x00000000080021cc      0x148 ./Drivers/STM32L4xx_HAL_Driver/Src/stm32l4xx_hal_pwr_ex.o
                0x00000000080021cc                HAL_PWREx_ControlVoltageScaling
 .text.HAL_RCC_OscConfig
                0x0000000008002314      0x8f8 ./Drivers/STM32L4xx_HAL_Driver/Src/stm32l4xx_hal_rcc.o
                0x0000000008002314                HAL_RCC_OscConfig
 .text.HAL_RCC_ClockConfig
                0x0000000008002c0c      0x274 ./Drivers/STM32L4xx_HAL_Driver/Src/stm32l4xx_hal_rcc.o
                0x0000000008002c0c                HAL_RCC_ClockConfig
 .text.HAL_RCC_GetSysClockFreq
                0x0000000008002e80      0x114 ./Drivers/STM32L4xx_HAL_Driver/Src/stm32l4xx_hal_rcc.o
                0x0000000008002e80                HAL_RCC_GetSysClockFreq
 .text.RCC_SetFlashLatencyFromMSIRange
                0x0000000008002f94       0xb4 ./Drivers/STM32L4xx_HAL_Driver/Src/stm32l4xx_hal_rcc.o
 .text.RCC_GetSysClockFreqFromPLLSource
                0x0000000008003048       0xc8 ./Drivers/STM32L4xx_HAL_Driver/Src/stm32l4xx_hal_rcc.o
 .text.HAL_RCCEx_PeriphCLKConfig
                0x0000000008003110      0x6d8 ./Drivers/STM32L4xx_HAL_Driver/Src/stm32l4xx_hal_rcc_ex.o
                0x0000000008003110                HAL_RCCEx_PeriphCLKConfig
 .text.RCCEx_PLLSAI1_Config
                0x00000000080037e8      0x1e8 ./Drivers/STM32L4xx_HAL_Driver/Src/stm32l4xx_hal_rcc_ex.o
 .text.RCCEx_PLLSAI2_Config
                0x00000000080039d0      0x1e8 ./Drivers/STM32L4xx_HAL_Driver/Src/stm32l4xx_hal_rcc_ex.o
 .text.__libc_init_array
                0x0000000008003bb8       0x48 /home/mateusz/st/stm32cubeide_1.9.0/plugins/com.st.stm32cube.ide.mcu.externaltools.gnu-tools-for-stm32.10.3-2021.10.linux64_1.0.0.202111181127/tools/bin/../lib/gcc/arm-none-eabi/10.3.1/../../../../arm-none-eabi/lib/thumb/v7e-m+fp/hard/libc_nano.a(lib_a-init.o)
                0x0000000008003bb8                __libc_init_array
 .text.memset   0x0000000008003c00       0x10 /home/mateusz/st/stm32cubeide_1.9.0/plugins/com.st.stm32cube.ide.mcu.externaltools.gnu-tools-for-stm32.10.3-2021.10.linux64_1.0.0.202111181127/tools/bin/../lib/gcc/arm-none-eabi/10.3.1/../../../../arm-none-eabi/lib/thumb/v7e-m+fp/hard/libc_nano.a(lib_a-memset.o)
                0x0000000008003c00                memset
 *(.glue_7)
 .glue_7        0x0000000008003c10        0x0 linker stubs
 *(.glue_7t)
 .glue_7t       0x0000000008003c10        0x0 linker stubs
 *(.eh_frame)
 .eh_frame      0x0000000008003c10        0x0 /home/mateusz/st/stm32cubeide_1.9.0/plugins/com.st.stm32cube.ide.mcu.externaltools.gnu-tools-for-stm32.10.3-2021.10.linux64_1.0.0.202111181127/tools/bin/../lib/gcc/arm-none-eabi/10.3.1/thumb/v7e-m+fp/hard/crtbegin.o
 *(.init)
 .init          0x0000000008003c10        0x4 /home/mateusz/st/stm32cubeide_1.9.0/plugins/com.st.stm32cube.ide.mcu.externaltools.gnu-tools-for-stm32.10.3-2021.10.linux64_1.0.0.202111181127/tools/bin/../lib/gcc/arm-none-eabi/10.3.1/thumb/v7e-m+fp/hard/crti.o
                0x0000000008003c10                _init
 .init          0x0000000008003c14        0x8 /home/mateusz/st/stm32cubeide_1.9.0/plugins/com.st.stm32cube.ide.mcu.externaltools.gnu-tools-for-stm32.10.3-2021.10.linux64_1.0.0.202111181127/tools/bin/../lib/gcc/arm-none-eabi/10.3.1/thumb/v7e-m+fp/hard/crtn.o
 *(.fini)
 .fini          0x0000000008003c1c        0x4 /home/mateusz/st/stm32cubeide_1.9.0/plugins/com.st.stm32cube.ide.mcu.externaltools.gnu-tools-for-stm32.10.3-2021.10.linux64_1.0.0.202111181127/tools/bin/../lib/gcc/arm-none-eabi/10.3.1/thumb/v7e-m+fp/hard/crti.o
                0x0000000008003c1c                _fini
 .fini          0x0000000008003c20        0x8 /home/mateusz/st/stm32cubeide_1.9.0/plugins/com.st.stm32cube.ide.mcu.externaltools.gnu-tools-for-stm32.10.3-2021.10.linux64_1.0.0.202111181127/tools/bin/../lib/gcc/arm-none-eabi/10.3.1/thumb/v7e-m+fp/hard/crtn.o
                0x0000000008003c28                . = ALIGN (0x4)
                0x0000000008003c28                _etext = .

.vfp11_veneer   0x0000000008003c28        0x0
 .vfp11_veneer  0x0000000008003c28        0x0 linker stubs

.v4_bx          0x0000000008003c28        0x0
 .v4_bx         0x0000000008003c28        0x0 linker stubs

.iplt           0x0000000008003c28        0x0
 .iplt          0x0000000008003c28        0x0 /home/mateusz/st/stm32cubeide_1.9.0/plugins/com.st.stm32cube.ide.mcu.externaltools.gnu-tools-for-stm32.10.3-2021.10.linux64_1.0.0.202111181127/tools/bin/../lib/gcc/arm-none-eabi/10.3.1/thumb/v7e-m+fp/hard/crtbegin.o

.rodata         0x0000000008003c28       0x48
                0x0000000008003c28                . = ALIGN (0x4)
 *(.rodata)
 .rodata        0x0000000008003c28        0x5 ./Core/Src/MLX90621_I2C_Driver.o
 *(.rodata*)
 *fill*         0x0000000008003c2d        0x3 
 .rodata.AHBPrescTable
                0x0000000008003c30       0x10 ./Core/Src/system_stm32l4xx.o
                0x0000000008003c30                AHBPrescTable
 .rodata.MSIRangeTable
                0x0000000008003c40       0x30 ./Core/Src/system_stm32l4xx.o
                0x0000000008003c40                MSIRangeTable
                0x0000000008003c70                . = ALIGN (0x4)

.rel.dyn        0x0000000008003c70        0x0
 .rel.iplt      0x0000000008003c70        0x0 /home/mateusz/st/stm32cubeide_1.9.0/plugins/com.st.stm32cube.ide.mcu.externaltools.gnu-tools-for-stm32.10.3-2021.10.linux64_1.0.0.202111181127/tools/bin/../lib/gcc/arm-none-eabi/10.3.1/thumb/v7e-m+fp/hard/crtbegin.o

.ARM.extab      0x0000000008003c70        0x0
                0x0000000008003c70                . = ALIGN (0x4)
 *(.ARM.extab* .gnu.linkonce.armextab.*)
                0x0000000008003c70                . = ALIGN (0x4)

.ARM            0x0000000008003c70        0x0
                0x0000000008003c70                . = ALIGN (0x4)
                0x0000000008003c70                __exidx_start = .
 *(.ARM.exidx*)
                0x0000000008003c70                __exidx_end = .
                0x0000000008003c70                . = ALIGN (0x4)

.preinit_array  0x0000000008003c70        0x0
                0x0000000008003c70                . = ALIGN (0x4)
                0x0000000008003c70                PROVIDE (__preinit_array_start = .)
 *(.preinit_array*)
                0x0000000008003c70                PROVIDE (__preinit_array_end = .)
                0x0000000008003c70                . = ALIGN (0x4)

.init_array     0x0000000008003c70        0x4
                0x0000000008003c70                . = ALIGN (0x4)
                0x0000000008003c70                PROVIDE (__init_array_start = .)
 *(SORT_BY_NAME(.init_array.*))
 *(.init_array*)
 .init_array    0x0000000008003c70        0x4 /home/mateusz/st/stm32cubeide_1.9.0/plugins/com.st.stm32cube.ide.mcu.externaltools.gnu-tools-for-stm32.10.3-2021.10.linux64_1.0.0.202111181127/tools/bin/../lib/gcc/arm-none-eabi/10.3.1/thumb/v7e-m+fp/hard/crtbegin.o
                0x0000000008003c74                PROVIDE (__init_array_end = .)
                0x0000000008003c74                . = ALIGN (0x4)

.fini_array     0x0000000008003c74        0x4
                0x0000000008003c74                . = ALIGN (0x4)
                [!provide]                        PROVIDE (__fini_array_start = .)
 *(SORT_BY_NAME(.fini_array.*))
 *(.fini_array*)
 .fini_array    0x0000000008003c74        0x4 /home/mateusz/st/stm32cubeide_1.9.0/plugins/com.st.stm32cube.ide.mcu.externaltools.gnu-tools-for-stm32.10.3-2021.10.linux64_1.0.0.202111181127/tools/bin/../lib/gcc/arm-none-eabi/10.3.1/thumb/v7e-m+fp/hard/crtbegin.o
                [!provide]                        PROVIDE (__fini_array_end = .)
                0x0000000008003c78                . = ALIGN (0x4)
                0x0000000008003c78                _sidata = LOADADDR (.data)

.data           0x0000000020000000        0xc load address 0x0000000008003c78
                0x0000000020000000                . = ALIGN (0x4)
                0x0000000020000000                _sdata = .
 *(.data)
 *(.data*)
 .data.SystemCoreClock
                0x0000000020000000        0x4 ./Core/Src/system_stm32l4xx.o
                0x0000000020000000                SystemCoreClock
 .data.uwTickPrio
                0x0000000020000004        0x4 ./Drivers/STM32L4xx_HAL_Driver/Src/stm32l4xx_hal.o
                0x0000000020000004                uwTickPrio
 .data.uwTickFreq
                0x0000000020000008        0x1 ./Drivers/STM32L4xx_HAL_Driver/Src/stm32l4xx_hal.o
                0x0000000020000008                uwTickFreq
 *(.RamFunc)
 *(.RamFunc*)
                0x000000002000000c                . = ALIGN (0x4)
 *fill*         0x0000000020000009        0x3 
                0x000000002000000c                _edata = .

.igot.plt       0x000000002000000c        0x0 load address 0x0000000008003c84
 .igot.plt      0x000000002000000c        0x0 /home/mateusz/st/stm32cubeide_1.9.0/plugins/com.st.stm32cube.ide.mcu.externaltools.gnu-tools-for-stm32.10.3-2021.10.linux64_1.0.0.202111181127/tools/bin/../lib/gcc/arm-none-eabi/10.3.1/thumb/v7e-m+fp/hard/crtbegin.o
                0x000000002000000c                . = ALIGN (0x4)

.bss            0x000000002000000c      0x1a0 load address 0x0000000008003c84
                0x000000002000000c                _sbss = .
                0x000000002000000c                __bss_start__ = _sbss
 *(.bss)
 .bss           0x000000002000000c       0x1c /home/mateusz/st/stm32cubeide_1.9.0/plugins/com.st.stm32cube.ide.mcu.externaltools.gnu-tools-for-stm32.10.3-2021.10.linux64_1.0.0.202111181127/tools/bin/../lib/gcc/arm-none-eabi/10.3.1/thumb/v7e-m+fp/hard/crtbegin.o
 *(.bss*)
 .bss._ZZ17MLX90621_I2CWritehhhtE9dataCheck
                0x0000000020000028        0x2 ./Core/Src/MLX90621_I2C_Driver.o
 *fill*         0x000000002000002a        0x2 
 .bss.hcan1     0x000000002000002c       0x28 ./Core/Src/can.o
                0x000000002000002c                hcan1
 .bss.hi2c2     0x0000000020000054       0x54 ./Core/Src/i2c.o
                0x0000000020000054                hi2c2
 .bss._ZZ4mainE10eeMLX90621
                0x00000000200000a8      0x100 ./Core/Src/main.o
 .bss.uwTick    0x00000000200001a8        0x4 ./Drivers/STM32L4xx_HAL_Driver/Src/stm32l4xx_hal.o
                0x00000000200001a8                uwTick
 *(COMMON)
                0x00000000200001ac                . = ALIGN (0x4)
                0x00000000200001ac                _ebss = .
                0x00000000200001ac                __bss_end__ = _ebss

._user_heap_stack
                0x00000000200001ac      0x604 load address 0x0000000008003c84
                0x00000000200001b0                . = ALIGN (0x8)
 *fill*         0x00000000200001ac        0x4 
                [!provide]                        PROVIDE (end = .)
                0x00000000200001b0                PROVIDE (_end = .)
                0x00000000200003b0                . = (. + _Min_Heap_Size)
 *fill*         0x00000000200001b0      0x200 
                0x00000000200007b0                . = (. + _Min_Stack_Size)
 *fill*         0x00000000200003b0      0x400 
                0x00000000200007b0                . = ALIGN (0x8)

/DISCARD/
 libc.a(*)
 libm.a(*)
 libgcc.a(*)

.ARM.attributes
                0x0000000000000000       0x30
 *(.ARM.attributes)
 .ARM.attributes
                0x0000000000000000       0x1e /home/mateusz/st/stm32cubeide_1.9.0/plugins/com.st.stm32cube.ide.mcu.externaltools.gnu-tools-for-stm32.10.3-2021.10.linux64_1.0.0.202111181127/tools/bin/../lib/gcc/arm-none-eabi/10.3.1/thumb/v7e-m+fp/hard/crti.o
 .ARM.attributes
                0x000000000000001e       0x34 /home/mateusz/st/stm32cubeide_1.9.0/plugins/com.st.stm32cube.ide.mcu.externaltools.gnu-tools-for-stm32.10.3-2021.10.linux64_1.0.0.202111181127/tools/bin/../lib/gcc/arm-none-eabi/10.3.1/thumb/v7e-m+fp/hard/crtbegin.o
 .ARM.attributes
                0x0000000000000052       0x34 ./Core/Src/MLX90621_API.o
 .ARM.attributes
                0x0000000000000086       0x34 ./Core/Src/MLX90621_I2C_Driver.o
 .ARM.attributes
                0x00000000000000ba       0x34 ./Core/Src/can.o
 .ARM.attributes
                0x00000000000000ee       0x34 ./Core/Src/gpio.o
 .ARM.attributes
                0x0000000000000122       0x34 ./Core/Src/i2c.o
 .ARM.attributes
                0x0000000000000156       0x34 ./Core/Src/main.o
 .ARM.attributes
                0x000000000000018a       0x34 ./Core/Src/stm32l4xx_hal_msp.o
 .ARM.attributes
                0x00000000000001be       0x34 ./Core/Src/stm32l4xx_it.o
 .ARM.attributes
                0x00000000000001f2       0x34 ./Core/Src/system_stm32l4xx.o
 .ARM.attributes
                0x0000000000000226       0x21 ./Core/Startup/startup_stm32l4p5retx.o
 .ARM.attributes
                0x0000000000000247       0x34 ./Drivers/STM32L4xx_HAL_Driver/Src/stm32l4xx_hal.o
 .ARM.attributes
                0x000000000000027b       0x34 ./Drivers/STM32L4xx_HAL_Driver/Src/stm32l4xx_hal_can.o
 .ARM.attributes
                0x00000000000002af       0x34 ./Drivers/STM32L4xx_HAL_Driver/Src/stm32l4xx_hal_cortex.o
 .ARM.attributes
                0x00000000000002e3       0x34 ./Drivers/STM32L4xx_HAL_Driver/Src/stm32l4xx_hal_gpio.o
 .ARM.attributes
                0x0000000000000317       0x34 ./Drivers/STM32L4xx_HAL_Driver/Src/stm32l4xx_hal_i2c.o
 .ARM.attributes
                0x000000000000034b       0x34 ./Drivers/STM32L4xx_HAL_Driver/Src/stm32l4xx_hal_i2c_ex.o
 .ARM.attributes
                0x000000000000037f       0x34 ./Drivers/STM32L4xx_HAL_Driver/Src/stm32l4xx_hal_pwr_ex.o
 .ARM.attributes
                0x00000000000003b3       0x34 ./Drivers/STM32L4xx_HAL_Driver/Src/stm32l4xx_hal_rcc.o
 .ARM.attributes
                0x00000000000003e7       0x34 ./Drivers/STM32L4xx_HAL_Driver/Src/stm32l4xx_hal_rcc_ex.o
 .ARM.attributes
                0x000000000000041b       0x34 /home/mateusz/st/stm32cubeide_1.9.0/plugins/com.st.stm32cube.ide.mcu.externaltools.gnu-tools-for-stm32.10.3-2021.10.linux64_1.0.0.202111181127/tools/bin/../lib/gcc/arm-none-eabi/10.3.1/../../../../arm-none-eabi/lib/thumb/v7e-m+fp/hard/libc_nano.a(lib_a-init.o)
 .ARM.attributes
                0x000000000000044f       0x34 /home/mateusz/st/stm32cubeide_1.9.0/plugins/com.st.stm32cube.ide.mcu.externaltools.gnu-tools-for-stm32.10.3-2021.10.linux64_1.0.0.202111181127/tools/bin/../lib/gcc/arm-none-eabi/10.3.1/../../../../arm-none-eabi/lib/thumb/v7e-m+fp/hard/libc_nano.a(lib_a-memset.o)
 .ARM.attributes
                0x0000000000000483       0x1e /home/mateusz/st/stm32cubeide_1.9.0/plugins/com.st.stm32cube.ide.mcu.externaltools.gnu-tools-for-stm32.10.3-2021.10.linux64_1.0.0.202111181127/tools/bin/../lib/gcc/arm-none-eabi/10.3.1/thumb/v7e-m+fp/hard/crtn.o
OUTPUT(Tire_Temperature_Sensor.elf elf32-littlearm)
LOAD linker stubs
LOAD /home/mateusz/st/stm32cubeide_1.9.0/plugins/com.st.stm32cube.ide.mcu.externaltools.gnu-tools-for-stm32.10.3-2021.10.linux64_1.0.0.202111181127/tools/bin/../lib/gcc/arm-none-eabi/10.3.1/../../../../arm-none-eabi/lib/thumb/v7e-m+fp/hard/libc.a
LOAD /home/mateusz/st/stm32cubeide_1.9.0/plugins/com.st.stm32cube.ide.mcu.externaltools.gnu-tools-for-stm32.10.3-2021.10.linux64_1.0.0.202111181127/tools/bin/../lib/gcc/arm-none-eabi/10.3.1/../../../../arm-none-eabi/lib/thumb/v7e-m+fp/hard/libm.a
LOAD /home/mateusz/st/stm32cubeide_1.9.0/plugins/com.st.stm32cube.ide.mcu.externaltools.gnu-tools-for-stm32.10.3-2021.10.linux64_1.0.0.202111181127/tools/bin/../lib/gcc/arm-none-eabi/10.3.1/thumb/v7e-m+fp/hard/libgcc.a

.debug_info     0x0000000000000000     0xe9fd
 .debug_info    0x0000000000000000     0x25e1 ./Core/Src/MLX90621_API.o
 .debug_info    0x00000000000025e1      0xaa4 ./Core/Src/MLX90621_I2C_Driver.o
 .debug_info    0x0000000000003085      0x97a ./Core/Src/can.o
 .debug_info    0x00000000000039ff      0x519 ./Core/Src/gpio.o
 .debug_info    0x0000000000003f18      0xe8e ./Core/Src/i2c.o
 .debug_info    0x0000000000004da6      0x42d ./Core/Src/main.o
 .debug_info    0x00000000000051d3      0x340 ./Core/Src/stm32l4xx_hal_msp.o
 .debug_info    0x0000000000005513      0x122 ./Core/Src/stm32l4xx_it.o
 .debug_info    0x0000000000005635      0x5fe ./Core/Src/system_stm32l4xx.o
 .debug_info    0x0000000000005c33       0x22 ./Core/Startup/startup_stm32l4p5retx.o
 .debug_info    0x0000000000005c55      0xb99 ./Drivers/STM32L4xx_HAL_Driver/Src/stm32l4xx_hal.o
 .debug_info    0x00000000000067ee     0x1038 ./Drivers/STM32L4xx_HAL_Driver/Src/stm32l4xx_hal_can.o
 .debug_info    0x0000000000007826      0xe3f ./Drivers/STM32L4xx_HAL_Driver/Src/stm32l4xx_hal_cortex.o
 .debug_info    0x0000000000008665      0x859 ./Drivers/STM32L4xx_HAL_Driver/Src/stm32l4xx_hal_gpio.o
 .debug_info    0x0000000000008ebe     0x24a4 ./Drivers/STM32L4xx_HAL_Driver/Src/stm32l4xx_hal_i2c.o
 .debug_info    0x000000000000b362      0xba5 ./Drivers/STM32L4xx_HAL_Driver/Src/stm32l4xx_hal_i2c_ex.o
 .debug_info    0x000000000000bf07      0xa84 ./Drivers/STM32L4xx_HAL_Driver/Src/stm32l4xx_hal_pwr_ex.o
 .debug_info    0x000000000000c98b      0xe72 ./Drivers/STM32L4xx_HAL_Driver/Src/stm32l4xx_hal_rcc.o
 .debug_info    0x000000000000d7fd     0x1200 ./Drivers/STM32L4xx_HAL_Driver/Src/stm32l4xx_hal_rcc_ex.o

.debug_abbrev   0x0000000000000000     0x2499
 .debug_abbrev  0x0000000000000000      0x471 ./Core/Src/MLX90621_API.o
 .debug_abbrev  0x0000000000000471      0x1c5 ./Core/Src/MLX90621_I2C_Driver.o
 .debug_abbrev  0x0000000000000636      0x201 ./Core/Src/can.o
 .debug_abbrev  0x0000000000000837      0x146 ./Core/Src/gpio.o
 .debug_abbrev  0x000000000000097d      0x202 ./Core/Src/i2c.o
 .debug_abbrev  0x0000000000000b7f      0x1b1 ./Core/Src/main.o
 .debug_abbrev  0x0000000000000d30       0xc2 ./Core/Src/stm32l4xx_hal_msp.o
 .debug_abbrev  0x0000000000000df2       0x74 ./Core/Src/stm32l4xx_it.o
 .debug_abbrev  0x0000000000000e66      0x116 ./Core/Src/system_stm32l4xx.o
 .debug_abbrev  0x0000000000000f7c       0x12 ./Core/Startup/startup_stm32l4p5retx.o
 .debug_abbrev  0x0000000000000f8e      0x23a ./Drivers/STM32L4xx_HAL_Driver/Src/stm32l4xx_hal.o
 .debug_abbrev  0x00000000000011c8      0x26c ./Drivers/STM32L4xx_HAL_Driver/Src/stm32l4xx_hal_can.o
 .debug_abbrev  0x0000000000001434      0x316 ./Drivers/STM32L4xx_HAL_Driver/Src/stm32l4xx_hal_cortex.o
 .debug_abbrev  0x000000000000174a      0x1bb ./Drivers/STM32L4xx_HAL_Driver/Src/stm32l4xx_hal_gpio.o
 .debug_abbrev  0x0000000000001905      0x243 ./Drivers/STM32L4xx_HAL_Driver/Src/stm32l4xx_hal_i2c.o
 .debug_abbrev  0x0000000000001b48      0x1b0 ./Drivers/STM32L4xx_HAL_Driver/Src/stm32l4xx_hal_i2c_ex.o
 .debug_abbrev  0x0000000000001cf8      0x1f3 ./Drivers/STM32L4xx_HAL_Driver/Src/stm32l4xx_hal_pwr_ex.o
 .debug_abbrev  0x0000000000001eeb      0x315 ./Drivers/STM32L4xx_HAL_Driver/Src/stm32l4xx_hal_rcc.o
 .debug_abbrev  0x0000000000002200      0x299 ./Drivers/STM32L4xx_HAL_Driver/Src/stm32l4xx_hal_rcc_ex.o

.debug_aranges  0x0000000000000000      0xc78
 .debug_aranges
                0x0000000000000000       0xc0 ./Core/Src/MLX90621_API.o
 .debug_aranges
                0x00000000000000c0       0x40 ./Core/Src/MLX90621_I2C_Driver.o
 .debug_aranges
                0x0000000000000100       0x30 ./Core/Src/can.o
 .debug_aranges
                0x0000000000000130       0x20 ./Core/Src/gpio.o
 .debug_aranges
                0x0000000000000150       0x30 ./Core/Src/i2c.o
 .debug_aranges
                0x0000000000000180       0x30 ./Core/Src/main.o
 .debug_aranges
                0x00000000000001b0       0x20 ./Core/Src/stm32l4xx_hal_msp.o
 .debug_aranges
                0x00000000000001d0       0x60 ./Core/Src/stm32l4xx_it.o
 .debug_aranges
                0x0000000000000230       0x28 ./Core/Src/system_stm32l4xx.o
 .debug_aranges
                0x0000000000000258       0x28 ./Core/Startup/startup_stm32l4p5retx.o
 .debug_aranges
                0x0000000000000280      0x130 ./Drivers/STM32L4xx_HAL_Driver/Src/stm32l4xx_hal.o
 .debug_aranges
                0x00000000000003b0      0x138 ./Drivers/STM32L4xx_HAL_Driver/Src/stm32l4xx_hal_can.o
 .debug_aranges
                0x00000000000004e8      0x118 ./Drivers/STM32L4xx_HAL_Driver/Src/stm32l4xx_hal_cortex.o
 .debug_aranges
                0x0000000000000600       0x58 ./Drivers/STM32L4xx_HAL_Driver/Src/stm32l4xx_hal_gpio.o
 .debug_aranges
                0x0000000000000658      0x2b0 ./Drivers/STM32L4xx_HAL_Driver/Src/stm32l4xx_hal_i2c.o
 .debug_aranges
                0x0000000000000908       0x48 ./Drivers/STM32L4xx_HAL_Driver/Src/stm32l4xx_hal_i2c_ex.o
 .debug_aranges
                0x0000000000000950      0x180 ./Drivers/STM32L4xx_HAL_Driver/Src/stm32l4xx_hal_pwr_ex.o
 .debug_aranges
                0x0000000000000ad0       0x98 ./Drivers/STM32L4xx_HAL_Driver/Src/stm32l4xx_hal_rcc.o
 .debug_aranges
                0x0000000000000b68      0x110 ./Drivers/STM32L4xx_HAL_Driver/Src/stm32l4xx_hal_rcc_ex.o

.debug_ranges   0x0000000000000000      0xb50
 .debug_ranges  0x0000000000000000       0xb0 ./Core/Src/MLX90621_API.o
 .debug_ranges  0x00000000000000b0       0x30 ./Core/Src/MLX90621_I2C_Driver.o
 .debug_ranges  0x00000000000000e0       0x20 ./Core/Src/can.o
 .debug_ranges  0x0000000000000100       0x10 ./Core/Src/gpio.o
 .debug_ranges  0x0000000000000110       0x20 ./Core/Src/i2c.o
 .debug_ranges  0x0000000000000130       0x20 ./Core/Src/main.o
 .debug_ranges  0x0000000000000150       0x10 ./Core/Src/stm32l4xx_hal_msp.o
 .debug_ranges  0x0000000000000160       0x50 ./Core/Src/stm32l4xx_it.o
 .debug_ranges  0x00000000000001b0       0x18 ./Core/Src/system_stm32l4xx.o
 .debug_ranges  0x00000000000001c8       0x20 ./Core/Startup/startup_stm32l4p5retx.o
 .debug_ranges  0x00000000000001e8      0x120 ./Drivers/STM32L4xx_HAL_Driver/Src/stm32l4xx_hal.o
 .debug_ranges  0x0000000000000308      0x128 ./Drivers/STM32L4xx_HAL_Driver/Src/stm32l4xx_hal_can.o
 .debug_ranges  0x0000000000000430      0x108 ./Drivers/STM32L4xx_HAL_Driver/Src/stm32l4xx_hal_cortex.o
 .debug_ranges  0x0000000000000538       0x48 ./Drivers/STM32L4xx_HAL_Driver/Src/stm32l4xx_hal_gpio.o
 .debug_ranges  0x0000000000000580      0x2a0 ./Drivers/STM32L4xx_HAL_Driver/Src/stm32l4xx_hal_i2c.o
 .debug_ranges  0x0000000000000820       0x38 ./Drivers/STM32L4xx_HAL_Driver/Src/stm32l4xx_hal_i2c_ex.o
 .debug_ranges  0x0000000000000858      0x170 ./Drivers/STM32L4xx_HAL_Driver/Src/stm32l4xx_hal_pwr_ex.o
 .debug_ranges  0x00000000000009c8       0x88 ./Drivers/STM32L4xx_HAL_Driver/Src/stm32l4xx_hal_rcc.o
 .debug_ranges  0x0000000000000a50      0x100 ./Drivers/STM32L4xx_HAL_Driver/Src/stm32l4xx_hal_rcc_ex.o

.debug_macro    0x0000000000000000    0x2e21c
 .debug_macro   0x0000000000000000      0x391 ./Core/Src/MLX90621_API.o
 .debug_macro   0x0000000000000391      0xc10 ./Core/Src/MLX90621_API.o
 .debug_macro   0x0000000000000fa1       0x1c ./Core/Src/MLX90621_API.o
 .debug_macro   0x0000000000000fbd       0x22 ./Core/Src/MLX90621_API.o
 .debug_macro   0x0000000000000fdf       0x56 ./Core/Src/MLX90621_API.o
 .debug_macro   0x0000000000001035       0x51 ./Core/Src/MLX90621_API.o
 .debug_macro   0x0000000000001086      0x103 ./Core/Src/MLX90621_API.o
 .debug_macro   0x0000000000001189       0x6a ./Core/Src/MLX90621_API.o
 .debug_macro   0x00000000000011f3      0x1df ./Core/Src/MLX90621_API.o
 .debug_macro   0x00000000000013d2       0x10 ./Core/Src/MLX90621_API.o
 .debug_macro   0x00000000000013e2      0x18a ./Core/Src/MLX90621_API.o
 .debug_macro   0x000000000000156c       0x10 ./Core/Src/MLX90621_API.o
 .debug_macro   0x000000000000157c       0xba ./Core/Src/MLX90621_API.o
 .debug_macro   0x0000000000001636       0xf7 ./Core/Src/MLX90621_API.o
 .debug_macro   0x000000000000172d      0x34c ./Core/Src/MLX90621_API.o
 .debug_macro   0x0000000000001a79       0x18 ./Core/Src/MLX90621_API.o
 .debug_macro   0x0000000000001a91       0x52 ./Core/Src/MLX90621_API.o
 .debug_macro   0x0000000000001ae3       0x1e ./Core/Src/MLX90621_API.o
 .debug_macro   0x0000000000001b01       0x3c ./Core/Src/MLX90621_API.o
 .debug_macro   0x0000000000001b3d       0x34 ./Core/Src/MLX90621_API.o
 .debug_macro   0x0000000000001b71      0x17b ./Core/Src/MLX90621_API.o
 .debug_macro   0x0000000000001cec       0x16 ./Core/Src/MLX90621_API.o
 .debug_macro   0x0000000000001d02       0x43 ./Core/Src/MLX90621_API.o
 .debug_macro   0x0000000000001d45       0x34 ./Core/Src/MLX90621_API.o
 .debug_macro   0x0000000000001d79       0x10 ./Core/Src/MLX90621_API.o
 .debug_macro   0x0000000000001d89       0x58 ./Core/Src/MLX90621_API.o
 .debug_macro   0x0000000000001de1       0x71 ./Core/Src/MLX90621_API.o
 .debug_macro   0x0000000000001e52       0x16 ./Core/Src/MLX90621_API.o
 .debug_macro   0x0000000000001e68      0x12a ./Core/Src/MLX90621_API.o
 .debug_macro   0x0000000000001f92      0x364 ./Core/Src/MLX90621_API.o
 .debug_macro   0x00000000000022f6       0xe5 ./Core/Src/MLX90621_API.o
 .debug_macro   0x00000000000023db       0x10 ./Core/Src/MLX90621_API.o
 .debug_macro   0x00000000000023eb       0x16 ./Core/Src/MLX90621_API.o
 .debug_macro   0x0000000000002401       0x35 ./Core/Src/MLX90621_API.o
 .debug_macro   0x0000000000002436       0x22 ./Core/Src/MLX90621_API.o
 .debug_macro   0x0000000000002458       0x10 ./Core/Src/MLX90621_API.o
 .debug_macro   0x0000000000002468      0x3d5 ./Core/Src/MLX90621_API.o
 .debug_macro   0x000000000000283d       0x16 ./Core/Src/MLX90621_API.o
 .debug_macro   0x0000000000002853       0x1c ./Core/Src/MLX90621_API.o
 .debug_macro   0x000000000000286f       0x4f ./Core/Src/MLX90621_API.o
 .debug_macro   0x00000000000028be       0x94 ./Core/Src/MLX90621_API.o
 .debug_macro   0x0000000000002952       0x19 ./Core/Src/MLX90621_API.o
 .debug_macro   0x000000000000296b       0x10 ./Core/Src/MLX90621_API.o
 .debug_macro   0x000000000000297b       0x17 ./Core/Src/MLX90621_API.o
 .debug_macro   0x0000000000002992       0x10 ./Core/Src/MLX90621_API.o
 .debug_macro   0x00000000000029a2       0x28 ./Core/Src/MLX90621_API.o
 .debug_macro   0x00000000000029ca       0x2e ./Core/Src/MLX90621_API.o
 .debug_macro   0x00000000000029f8       0x16 ./Core/Src/MLX90621_API.o
 .debug_macro   0x0000000000002a0e       0x10 ./Core/Src/MLX90621_API.o
 .debug_macro   0x0000000000002a1e       0x12 ./Core/Src/MLX90621_API.o
 .debug_macro   0x0000000000002a30       0x19 ./Core/Src/MLX90621_API.o
 .debug_macro   0x0000000000002a49       0x88 ./Core/Src/MLX90621_API.o
 .debug_macro   0x0000000000002ad1       0x19 ./Core/Src/MLX90621_API.o
 .debug_macro   0x0000000000002aea      0x120 ./Core/Src/MLX90621_API.o
 .debug_macro   0x0000000000002c0a       0x11 ./Core/Src/MLX90621_API.o
 .debug_macro   0x0000000000002c1b       0x17 ./Core/Src/MLX90621_API.o
 .debug_macro   0x0000000000002c32       0x17 ./Core/Src/MLX90621_API.o
 .debug_macro   0x0000000000002c49       0x17 ./Core/Src/MLX90621_API.o
 .debug_macro   0x0000000000002c60       0x17 ./Core/Src/MLX90621_API.o
 .debug_macro   0x0000000000002c77       0x17 ./Core/Src/MLX90621_API.o
 .debug_macro   0x0000000000002c8e       0x17 ./Core/Src/MLX90621_API.o
 .debug_macro   0x0000000000002ca5      0x1f1 ./Core/Src/MLX90621_I2C_Driver.o
 .debug_macro   0x0000000000002e96      0x1a7 ./Core/Src/MLX90621_I2C_Driver.o
 .debug_macro   0x000000000000303d       0x2e ./Core/Src/MLX90621_I2C_Driver.o
 .debug_macro   0x000000000000306b       0x28 ./Core/Src/MLX90621_I2C_Driver.o
 .debug_macro   0x0000000000003093       0x1c ./Core/Src/MLX90621_I2C_Driver.o
 .debug_macro   0x00000000000030af       0x22 ./Core/Src/MLX90621_I2C_Driver.o
 .debug_macro   0x00000000000030d1       0xfb ./Core/Src/MLX90621_I2C_Driver.o
 .debug_macro   0x00000000000031cc     0x1011 ./Core/Src/MLX90621_I2C_Driver.o
 .debug_macro   0x00000000000041dd      0x11f ./Core/Src/MLX90621_I2C_Driver.o
 .debug_macro   0x00000000000042fc    0x1e327 ./Core/Src/MLX90621_I2C_Driver.o
 .debug_macro   0x0000000000022623       0x6d ./Core/Src/MLX90621_I2C_Driver.o
 .debug_macro   0x0000000000022690     0x38df ./Core/Src/MLX90621_I2C_Driver.o
 .debug_macro   0x0000000000025f6f       0x5c ./Core/Src/MLX90621_I2C_Driver.o
 .debug_macro   0x0000000000025fcb     0x1979 ./Core/Src/MLX90621_I2C_Driver.o
 .debug_macro   0x0000000000027944      0x85a ./Core/Src/MLX90621_I2C_Driver.o
 .debug_macro   0x000000000002819e      0x1b9 ./Core/Src/MLX90621_I2C_Driver.o
 .debug_macro   0x0000000000028357      0x24f ./Core/Src/MLX90621_I2C_Driver.o
 .debug_macro   0x00000000000285a6      0x486 ./Core/Src/MLX90621_I2C_Driver.o
 .debug_macro   0x0000000000028a2c      0x1b4 ./Core/Src/MLX90621_I2C_Driver.o
 .debug_macro   0x0000000000028be0       0x43 ./Core/Src/MLX90621_I2C_Driver.o
 .debug_macro   0x0000000000028c23      0x23d ./Core/Src/MLX90621_I2C_Driver.o
 .debug_macro   0x0000000000028e60      0x408 ./Core/Src/MLX90621_I2C_Driver.o
 .debug_macro   0x0000000000029268      0x241 ./Core/Src/MLX90621_I2C_Driver.o
 .debug_macro   0x00000000000294a9      0x416 ./Core/Src/MLX90621_I2C_Driver.o
 .debug_macro   0x00000000000298bf       0x1c ./Core/Src/MLX90621_I2C_Driver.o
 .debug_macro   0x00000000000298db       0xeb ./Core/Src/MLX90621_I2C_Driver.o
 .debug_macro   0x00000000000299c6      0x22c ./Core/Src/MLX90621_I2C_Driver.o
 .debug_macro   0x0000000000029bf2       0x61 ./Core/Src/MLX90621_I2C_Driver.o
 .debug_macro   0x0000000000029c53       0xa5 ./Core/Src/MLX90621_I2C_Driver.o
 .debug_macro   0x0000000000029cf8      0x122 ./Core/Src/MLX90621_I2C_Driver.o
 .debug_macro   0x0000000000029e1a      0x404 ./Core/Src/MLX90621_I2C_Driver.o
 .debug_macro   0x000000000002a21e      0x432 ./Core/Src/MLX90621_I2C_Driver.o
 .debug_macro   0x000000000002a650       0x34 ./Core/Src/MLX90621_I2C_Driver.o
 .debug_macro   0x000000000002a684      0x1e2 ./Core/Src/can.o
 .debug_macro   0x000000000002a866      0xa78 ./Core/Src/can.o
 .debug_macro   0x000000000002b2de       0x8e ./Core/Src/can.o
 .debug_macro   0x000000000002b36c     0x1011 ./Core/Src/can.o
 .debug_macro   0x000000000002c37d      0x174 ./Core/Src/can.o
 .debug_macro   0x000000000002c4f1      0x1e2 ./Core/Src/gpio.o
 .debug_macro   0x000000000002c6d3      0x1e2 ./Core/Src/i2c.o
 .debug_macro   0x000000000002c8b5      0x208 ./Core/Src/main.o
 .debug_macro   0x000000000002cabd      0x1d8 ./Core/Src/stm32l4xx_hal_msp.o
 .debug_macro   0x000000000002cc95      0x1e2 ./Core/Src/stm32l4xx_it.o
 .debug_macro   0x000000000002ce77      0x1c9 ./Core/Src/system_stm32l4xx.o
 .debug_macro   0x000000000002d040      0x217 ./Drivers/STM32L4xx_HAL_Driver/Src/stm32l4xx_hal.o
 .debug_macro   0x000000000002d257      0x1d1 ./Drivers/STM32L4xx_HAL_Driver/Src/stm32l4xx_hal_can.o
 .debug_macro   0x000000000002d428      0x1c9 ./Drivers/STM32L4xx_HAL_Driver/Src/stm32l4xx_hal_cortex.o
 .debug_macro   0x000000000002d5f1      0x1d0 ./Drivers/STM32L4xx_HAL_Driver/Src/stm32l4xx_hal_gpio.o
 .debug_macro   0x000000000002d7c1      0x295 ./Drivers/STM32L4xx_HAL_Driver/Src/stm32l4xx_hal_i2c.o
 .debug_macro   0x000000000002da56      0x1c9 ./Drivers/STM32L4xx_HAL_Driver/Src/stm32l4xx_hal_i2c_ex.o
 .debug_macro   0x000000000002dc1f      0x1f3 ./Drivers/STM32L4xx_HAL_Driver/Src/stm32l4xx_hal_pwr_ex.o
 .debug_macro   0x000000000002de12      0x20b ./Drivers/STM32L4xx_HAL_Driver/Src/stm32l4xx_hal_rcc.o
 .debug_macro   0x000000000002e01d      0x1ff ./Drivers/STM32L4xx_HAL_Driver/Src/stm32l4xx_hal_rcc_ex.o

.debug_line     0x0000000000000000     0xfa27
 .debug_line    0x0000000000000000     0x1543 ./Core/Src/MLX90621_API.o
 .debug_line    0x0000000000001543      0x82c ./Core/Src/MLX90621_I2C_Driver.o
 .debug_line    0x0000000000001d6f      0x726 ./Core/Src/can.o
 .debug_line    0x0000000000002495      0x6e4 ./Core/Src/gpio.o
 .debug_line    0x0000000000002b79      0x749 ./Core/Src/i2c.o
 .debug_line    0x00000000000032c2      0x77a ./Core/Src/main.o
 .debug_line    0x0000000000003a3c      0x6b8 ./Core/Src/stm32l4xx_hal_msp.o
 .debug_line    0x00000000000040f4      0x77b ./Core/Src/stm32l4xx_it.o
 .debug_line    0x000000000000486f      0x750 ./Core/Src/system_stm32l4xx.o
 .debug_line    0x0000000000004fbf       0x88 ./Core/Startup/startup_stm32l4p5retx.o
 .debug_line    0x0000000000005047      0xaa8 ./Drivers/STM32L4xx_HAL_Driver/Src/stm32l4xx_hal.o
 .debug_line    0x0000000000005aef     0x1104 ./Drivers/STM32L4xx_HAL_Driver/Src/stm32l4xx_hal_can.o
 .debug_line    0x0000000000006bf3      0xc4f ./Drivers/STM32L4xx_HAL_Driver/Src/stm32l4xx_hal_cortex.o
 .debug_line    0x0000000000007842      0xb04 ./Drivers/STM32L4xx_HAL_Driver/Src/stm32l4xx_hal_gpio.o
 .debug_line    0x0000000000008346     0x379b ./Drivers/STM32L4xx_HAL_Driver/Src/stm32l4xx_hal_i2c.o
 .debug_line    0x000000000000bae1      0x8d6 ./Drivers/STM32L4xx_HAL_Driver/Src/stm32l4xx_hal_i2c_ex.o
 .debug_line    0x000000000000c3b7      0xd49 ./Drivers/STM32L4xx_HAL_Driver/Src/stm32l4xx_hal_pwr_ex.o
 .debug_line    0x000000000000d100     0x1064 ./Drivers/STM32L4xx_HAL_Driver/Src/stm32l4xx_hal_rcc.o
 .debug_line    0x000000000000e164     0x18c3 ./Drivers/STM32L4xx_HAL_Driver/Src/stm32l4xx_hal_rcc_ex.o

.debug_str      0x0000000000000000   0x10b7ca
 .debug_str     0x0000000000000000     0xdf82 ./Core/Src/MLX90621_API.o
                                       0xe2da (size before relaxing)
 .debug_str     0x000000000000df82    0xf96f4 ./Core/Src/MLX90621_I2C_Driver.o
                                      0xfe1c3 (size before relaxing)
 .debug_str     0x0000000000107676      0x74c ./Core/Src/can.o
                                      0xfd5ca (size before relaxing)
 .debug_str     0x0000000000107dc2       0x68 ./Core/Src/gpio.o
                                      0xfd308 (size before relaxing)
 .debug_str     0x0000000000107e2a      0x313 ./Core/Src/i2c.o
                                      0xfdc27 (size before relaxing)
 .debug_str     0x000000000010813d      0x206 ./Core/Src/main.o
                                      0xfdcce (size before relaxing)
 .debug_str     0x0000000000108343       0x2c ./Core/Src/stm32l4xx_hal_msp.o
                                      0xfd23d (size before relaxing)
 .debug_str     0x000000000010836f       0xc9 ./Core/Src/stm32l4xx_it.o
                                      0xfd157 (size before relaxing)
 .debug_str     0x0000000000108438       0xf2 ./Core/Src/system_stm32l4xx.o
                                      0xfd246 (size before relaxing)
 .debug_str     0x000000000010852a       0x36 ./Core/Startup/startup_stm32l4p5retx.o
                                         0x8b (size before relaxing)
 .debug_str     0x0000000000108560      0xae2 ./Drivers/STM32L4xx_HAL_Driver/Src/stm32l4xx_hal.o
                                      0xfde23 (size before relaxing)
 .debug_str     0x0000000000109042      0x572 ./Drivers/STM32L4xx_HAL_Driver/Src/stm32l4xx_hal_can.o
                                      0xfd8b5 (size before relaxing)
 .debug_str     0x00000000001095b4      0x344 ./Drivers/STM32L4xx_HAL_Driver/Src/stm32l4xx_hal_cortex.o
                                      0xfdab2 (size before relaxing)
 .debug_str     0x00000000001098f8      0x123 ./Drivers/STM32L4xx_HAL_Driver/Src/stm32l4xx_hal_gpio.o
                                      0xfd3c0 (size before relaxing)
 .debug_str     0x0000000000109a1b      0xdc7 ./Drivers/STM32L4xx_HAL_Driver/Src/stm32l4xx_hal_i2c.o
                                      0xfe58c (size before relaxing)
 .debug_str     0x000000000010a7e2       0xb8 ./Drivers/STM32L4xx_HAL_Driver/Src/stm32l4xx_hal_i2c_ex.o
                                      0xfd87e (size before relaxing)
 .debug_str     0x000000000010a89a      0x5a3 ./Drivers/STM32L4xx_HAL_Driver/Src/stm32l4xx_hal_pwr_ex.o
                                      0xfd842 (size before relaxing)
 .debug_str     0x000000000010ae3d      0x3d1 ./Drivers/STM32L4xx_HAL_Driver/Src/stm32l4xx_hal_rcc.o
                                      0xfd8ca (size before relaxing)
 .debug_str     0x000000000010b20e      0x5bc ./Drivers/STM32L4xx_HAL_Driver/Src/stm32l4xx_hal_rcc_ex.o
                                      0xfdc8d (size before relaxing)

.comment        0x0000000000000000       0x50
 .comment       0x0000000000000000       0x50 ./Core/Src/MLX90621_API.o
                                         0x51 (size before relaxing)
 .comment       0x0000000000000050       0x51 ./Core/Src/MLX90621_I2C_Driver.o
 .comment       0x0000000000000050       0x51 ./Core/Src/can.o
 .comment       0x0000000000000050       0x51 ./Core/Src/gpio.o
 .comment       0x0000000000000050       0x51 ./Core/Src/i2c.o
 .comment       0x0000000000000050       0x51 ./Core/Src/main.o
 .comment       0x0000000000000050       0x51 ./Core/Src/stm32l4xx_hal_msp.o
 .comment       0x0000000000000050       0x51 ./Core/Src/stm32l4xx_it.o
 .comment       0x0000000000000050       0x51 ./Core/Src/system_stm32l4xx.o
 .comment       0x0000000000000050       0x51 ./Drivers/STM32L4xx_HAL_Driver/Src/stm32l4xx_hal.o
 .comment       0x0000000000000050       0x51 ./Drivers/STM32L4xx_HAL_Driver/Src/stm32l4xx_hal_can.o
 .comment       0x0000000000000050       0x51 ./Drivers/STM32L4xx_HAL_Driver/Src/stm32l4xx_hal_cortex.o
 .comment       0x0000000000000050       0x51 ./Drivers/STM32L4xx_HAL_Driver/Src/stm32l4xx_hal_gpio.o
 .comment       0x0000000000000050       0x51 ./Drivers/STM32L4xx_HAL_Driver/Src/stm32l4xx_hal_i2c.o
 .comment       0x0000000000000050       0x51 ./Drivers/STM32L4xx_HAL_Driver/Src/stm32l4xx_hal_i2c_ex.o
 .comment       0x0000000000000050       0x51 ./Drivers/STM32L4xx_HAL_Driver/Src/stm32l4xx_hal_pwr_ex.o
 .comment       0x0000000000000050       0x51 ./Drivers/STM32L4xx_HAL_Driver/Src/stm32l4xx_hal_rcc.o
 .comment       0x0000000000000050       0x51 ./Drivers/STM32L4xx_HAL_Driver/Src/stm32l4xx_hal_rcc_ex.o

.debug_frame    0x0000000000000000     0x31b4
 .debug_frame   0x0000000000000000      0x31c ./Core/Src/MLX90621_API.o
 .debug_frame   0x000000000000031c       0xd8 ./Core/Src/MLX90621_I2C_Driver.o
 .debug_frame   0x00000000000003f4       0x74 ./Core/Src/can.o
 .debug_frame   0x0000000000000468       0x34 ./Core/Src/gpio.o
 .debug_frame   0x000000000000049c       0x78 ./Core/Src/i2c.o
 .debug_frame   0x0000000000000514       0x6c ./Core/Src/main.o
 .debug_frame   0x0000000000000580       0x38 ./Core/Src/stm32l4xx_hal_msp.o
 .debug_frame   0x00000000000005b8      0x104 ./Core/Src/stm32l4xx_it.o
 .debug_frame   0x00000000000006bc       0x58 ./Core/Src/system_stm32l4xx.o
 .debug_frame   0x0000000000000714      0x498 ./Drivers/STM32L4xx_HAL_Driver/Src/stm32l4xx_hal.o
 .debug_frame   0x0000000000000bac      0x5a0 ./Drivers/STM32L4xx_HAL_Driver/Src/stm32l4xx_hal_can.o
 .debug_frame   0x000000000000114c      0x498 ./Drivers/STM32L4xx_HAL_Driver/Src/stm32l4xx_hal_cortex.o
 .debug_frame   0x00000000000015e4      0x14c ./Drivers/STM32L4xx_HAL_Driver/Src/stm32l4xx_hal_gpio.o
 .debug_frame   0x0000000000001730      0xc88 ./Drivers/STM32L4xx_HAL_Driver/Src/stm32l4xx_hal_i2c.o
 .debug_frame   0x00000000000023b8      0x100 ./Drivers/STM32L4xx_HAL_Driver/Src/stm32l4xx_hal_i2c_ex.o
 .debug_frame   0x00000000000024b8      0x604 ./Drivers/STM32L4xx_HAL_Driver/Src/stm32l4xx_hal_pwr_ex.o
 .debug_frame   0x0000000000002abc      0x248 ./Drivers/STM32L4xx_HAL_Driver/Src/stm32l4xx_hal_rcc.o
 .debug_frame   0x0000000000002d04      0x464 ./Drivers/STM32L4xx_HAL_Driver/Src/stm32l4xx_hal_rcc_ex.o
 .debug_frame   0x0000000000003168       0x2c /home/mateusz/st/stm32cubeide_1.9.0/plugins/com.st.stm32cube.ide.mcu.externaltools.gnu-tools-for-stm32.10.3-2021.10.linux64_1.0.0.202111181127/tools/bin/../lib/gcc/arm-none-eabi/10.3.1/../../../../arm-none-eabi/lib/thumb/v7e-m+fp/hard/libc_nano.a(lib_a-init.o)
 .debug_frame   0x0000000000003194       0x20 /home/mateusz/st/stm32cubeide_1.9.0/plugins/com.st.stm32cube.ide.mcu.externaltools.gnu-tools-for-stm32.10.3-2021.10.linux64_1.0.0.202111181127/tools/bin/../lib/gcc/arm-none-eabi/10.3.1/../../../../arm-none-eabi/lib/thumb/v7e-m+fp/hard/libc_nano.a(lib_a-memset.o)
