Archive member included to satisfy reference by file (symbol)

/home/mateusz/st/stm32cubeide_1.9.0/plugins/com.st.stm32cube.ide.mcu.externaltools.gnu-tools-for-stm32.10.3-2021.10.linux64_1.0.0.202111181127/tools/bin/../lib/gcc/arm-none-eabi/10.3.1/../../../../arm-none-eabi/lib/thumb/v7e-m+fp/hard/libm.a(lib_a-w_pow.o)
                              ./Core/Src/MLX90621_API.o (pow)
/home/mateusz/st/stm32cubeide_1.9.0/plugins/com.st.stm32cube.ide.mcu.externaltools.gnu-tools-for-stm32.10.3-2021.10.linux64_1.0.0.202111181127/tools/bin/../lib/gcc/arm-none-eabi/10.3.1/../../../../arm-none-eabi/lib/thumb/v7e-m+fp/hard/libm.a(lib_a-wf_sqrt.o)
                              ./Core/Src/MLX90621_API.o (sqrtf)
/home/mateusz/st/stm32cubeide_1.9.0/plugins/com.st.stm32cube.ide.mcu.externaltools.gnu-tools-for-stm32.10.3-2021.10.linux64_1.0.0.202111181127/tools/bin/../lib/gcc/arm-none-eabi/10.3.1/../../../../arm-none-eabi/lib/thumb/v7e-m+fp/hard/libm.a(lib_a-e_pow.o)
                              /home/mateusz/st/stm32cubeide_1.9.0/plugins/com.st.stm32cube.ide.mcu.externaltools.gnu-tools-for-stm32.10.3-2021.10.linux64_1.0.0.202111181127/tools/bin/../lib/gcc/arm-none-eabi/10.3.1/../../../../arm-none-eabi/lib/thumb/v7e-m+fp/hard/libm.a(lib_a-w_pow.o) (__ieee754_pow)
/home/mateusz/st/stm32cubeide_1.9.0/plugins/com.st.stm32cube.ide.mcu.externaltools.gnu-tools-for-stm32.10.3-2021.10.linux64_1.0.0.202111181127/tools/bin/../lib/gcc/arm-none-eabi/10.3.1/../../../../arm-none-eabi/lib/thumb/v7e-m+fp/hard/libm.a(lib_a-e_sqrt.o)
                              /home/mateusz/st/stm32cubeide_1.9.0/plugins/com.st.stm32cube.ide.mcu.externaltools.gnu-tools-for-stm32.10.3-2021.10.linux64_1.0.0.202111181127/tools/bin/../lib/gcc/arm-none-eabi/10.3.1/../../../../arm-none-eabi/lib/thumb/v7e-m+fp/hard/libm.a(lib_a-e_pow.o) (__ieee754_sqrt)
/home/mateusz/st/stm32cubeide_1.9.0/plugins/com.st.stm32cube.ide.mcu.externaltools.gnu-tools-for-stm32.10.3-2021.10.linux64_1.0.0.202111181127/tools/bin/../lib/gcc/arm-none-eabi/10.3.1/../../../../arm-none-eabi/lib/thumb/v7e-m+fp/hard/libm.a(lib_a-ef_sqrt.o)
                              /home/mateusz/st/stm32cubeide_1.9.0/plugins/com.st.stm32cube.ide.mcu.externaltools.gnu-tools-for-stm32.10.3-2021.10.linux64_1.0.0.202111181127/tools/bin/../lib/gcc/arm-none-eabi/10.3.1/../../../../arm-none-eabi/lib/thumb/v7e-m+fp/hard/libm.a(lib_a-wf_sqrt.o) (__ieee754_sqrtf)
/home/mateusz/st/stm32cubeide_1.9.0/plugins/com.st.stm32cube.ide.mcu.externaltools.gnu-tools-for-stm32.10.3-2021.10.linux64_1.0.0.202111181127/tools/bin/../lib/gcc/arm-none-eabi/10.3.1/../../../../arm-none-eabi/lib/thumb/v7e-m+fp/hard/libm.a(lib_a-math_err.o)
                              /home/mateusz/st/stm32cubeide_1.9.0/plugins/com.st.stm32cube.ide.mcu.externaltools.gnu-tools-for-stm32.10.3-2021.10.linux64_1.0.0.202111181127/tools/bin/../lib/gcc/arm-none-eabi/10.3.1/../../../../arm-none-eabi/lib/thumb/v7e-m+fp/hard/libm.a(lib_a-e_pow.o) (__math_uflow)
/home/mateusz/st/stm32cubeide_1.9.0/plugins/com.st.stm32cube.ide.mcu.externaltools.gnu-tools-for-stm32.10.3-2021.10.linux64_1.0.0.202111181127/tools/bin/../lib/gcc/arm-none-eabi/10.3.1/../../../../arm-none-eabi/lib/thumb/v7e-m+fp/hard/libm.a(lib_a-s_fabs.o)
                              /home/mateusz/st/stm32cubeide_1.9.0/plugins/com.st.stm32cube.ide.mcu.externaltools.gnu-tools-for-stm32.10.3-2021.10.linux64_1.0.0.202111181127/tools/bin/../lib/gcc/arm-none-eabi/10.3.1/../../../../arm-none-eabi/lib/thumb/v7e-m+fp/hard/libm.a(lib_a-e_pow.o) (fabs)
/home/mateusz/st/stm32cubeide_1.9.0/plugins/com.st.stm32cube.ide.mcu.externaltools.gnu-tools-for-stm32.10.3-2021.10.linux64_1.0.0.202111181127/tools/bin/../lib/gcc/arm-none-eabi/10.3.1/../../../../arm-none-eabi/lib/thumb/v7e-m+fp/hard/libm.a(lib_a-s_finite.o)
                              /home/mateusz/st/stm32cubeide_1.9.0/plugins/com.st.stm32cube.ide.mcu.externaltools.gnu-tools-for-stm32.10.3-2021.10.linux64_1.0.0.202111181127/tools/bin/../lib/gcc/arm-none-eabi/10.3.1/../../../../arm-none-eabi/lib/thumb/v7e-m+fp/hard/libm.a(lib_a-w_pow.o) (finite)
/home/mateusz/st/stm32cubeide_1.9.0/plugins/com.st.stm32cube.ide.mcu.externaltools.gnu-tools-for-stm32.10.3-2021.10.linux64_1.0.0.202111181127/tools/bin/../lib/gcc/arm-none-eabi/10.3.1/../../../../arm-none-eabi/lib/thumb/v7e-m+fp/hard/libm.a(lib_a-s_scalbn.o)
                              /home/mateusz/st/stm32cubeide_1.9.0/plugins/com.st.stm32cube.ide.mcu.externaltools.gnu-tools-for-stm32.10.3-2021.10.linux64_1.0.0.202111181127/tools/bin/../lib/gcc/arm-none-eabi/10.3.1/../../../../arm-none-eabi/lib/thumb/v7e-m+fp/hard/libm.a(lib_a-e_pow.o) (scalbn)
/home/mateusz/st/stm32cubeide_1.9.0/plugins/com.st.stm32cube.ide.mcu.externaltools.gnu-tools-for-stm32.10.3-2021.10.linux64_1.0.0.202111181127/tools/bin/../lib/gcc/arm-none-eabi/10.3.1/../../../../arm-none-eabi/lib/thumb/v7e-m+fp/hard/libc_nano.a(lib_a-errno.o)
                              ./Core/Src/syscalls.o (__errno)
[...]
Memory Configuration

Name             Origin             Length             Attributes
RAM              0x0000000020000000 0x0000000000050000 xrw
RAM2             0x0000000010000000 0x0000000000010000 xrw
RAM3             0x0000000020030000 0x0000000000020000 xrw
FLASH            0x0000000008000000 0x0000000000080000 xr
*default*        0x0000000000000000 0xffffffffffffffff

Linker script and memory map

LOAD /home/mateusz/st/stm32cubeide_1.9.0/plugins/com.st.stm32cube.ide.mcu.externaltools.gnu-tools-for-stm32.10.3-2021.10.linux64_1.0.0.202111181127/tools/bin/../lib/gcc/arm-none-eabi/10.3.1/thumb/v7e-m+fp/hard/crti.o
LOAD /home/mateusz/st/stm32cubeide_1.9.0/plugins/com.st.stm32cube.ide.mcu.externaltools.gnu-tools-for-stm32.10.3-2021.10.linux64_1.0.0.202111181127/tools/bin/../lib/gcc/arm-none-eabi/10.3.1/thumb/v7e-m+fp/hard/crtbegin.o
LOAD /home/mateusz/st/stm32cubeide_1.9.0/plugins/com.st.stm32cube.ide.mcu.externaltools.gnu-tools-for-stm32.10.3-2021.10.linux64_1.0.0.202111181127/tools/bin/../lib/gcc/arm-none-eabi/10.3.1/../../../../arm-none-eabi/lib/thumb/v7e-m+fp/hard/crt0.o
LOAD ./Core/Src/MLX90621_API.o
LOAD ./Core/Src/MLX90621_I2C_Driver.o
LOAD ./Core/Src/can.o
LOAD ./Core/Src/gpio.o
LOAD ./Core/Src/i2c.o
LOAD ./Core/Src/main.o
LOAD ./Core/Src/stm32l4xx_hal_msp.o
LOAD ./Core/Src/stm32l4xx_it.o
LOAD ./Core/Src/syscalls.o
LOAD ./Core/Src/sysmem.o
LOAD ./Core/Src/system_stm32l4xx.o
LOAD ./Core/Startup/startup_stm32l4p5retx.o
LOAD ./Drivers/STM32L4xx_HAL_Driver/Src/stm32l4xx_hal.o
LOAD ./Drivers/STM32L4xx_HAL_Driver/Src/stm32l4xx_hal_can.o
LOAD ./Drivers/STM32L4xx_HAL_Driver/Src/stm32l4xx_hal_cortex.o
LOAD ./Drivers/STM32L4xx_HAL_Driver/Src/stm32l4xx_hal_dma.o
LOAD ./Drivers/STM32L4xx_HAL_Driver/Src/stm32l4xx_hal_dma_ex.o
LOAD ./Drivers/STM32L4xx_HAL_Driver/Src/stm32l4xx_hal_exti.o
LOAD ./Drivers/STM32L4xx_HAL_Driver/Src/stm32l4xx_hal_flash.o
LOAD ./Drivers/STM32L4xx_HAL_Driver/Src/stm32l4xx_hal_flash_ex.o
LOAD ./Drivers/STM32L4xx_HAL_Driver/Src/stm32l4xx_hal_flash_ramfunc.o
LOAD ./Drivers/STM32L4xx_HAL_Driver/Src/stm32l4xx_hal_gpio.o
LOAD ./Drivers/STM32L4xx_HAL_Driver/Src/stm32l4xx_hal_i2c.o
LOAD ./Drivers/STM32L4xx_HAL_Driver/Src/stm32l4xx_hal_i2c_ex.o
LOAD ./Drivers/STM32L4xx_HAL_Driver/Src/stm32l4xx_hal_pwr.o
LOAD ./Drivers/STM32L4xx_HAL_Driver/Src/stm32l4xx_hal_pwr_ex.o
LOAD ./Drivers/STM32L4xx_HAL_Driver/Src/stm32l4xx_hal_rcc.o
LOAD ./Drivers/STM32L4xx_HAL_Driver/Src/stm32l4xx_hal_rcc_ex.o
LOAD ./Drivers/STM32L4xx_HAL_Driver/Src/stm32l4xx_hal_tim.o
LOAD ./Drivers/STM32L4xx_HAL_Driver/Src/stm32l4xx_hal_tim_ex.o
START GROUP
LOAD /home/mateusz/st/stm32cubeide_1.9.0/plugins/com.st.stm32cube.ide.mcu.externaltools.gnu-tools-for-stm32.10.3-2021.10.linux64_1.0.0.202111181127/tools/bin/../lib/gcc/arm-none-eabi/10.3.1/../../../../arm-none-eabi/lib/thumb/v7e-m+fp/hard/libstdc++_nano.a
LOAD /home/mateusz/st/stm32cubeide_1.9.0/plugins/com.st.stm32cube.ide.mcu.externaltools.gnu-tools-for-stm32.10.3-2021.10.linux64_1.0.0.202111181127/tools/bin/../lib/gcc/arm-none-eabi/10.3.1/../../../../arm-none-eabi/lib/thumb/v7e-m+fp/hard/libsupc++_nano.a
END GROUP
LOAD /home/mateusz/st/stm32cubeide_1.9.0/plugins/com.st.stm32cube.ide.mcu.externaltools.gnu-tools-for-stm32.10.3-2021.10.linux64_1.0.0.202111181127/tools/bin/../lib/gcc/arm-none-eabi/10.3.1/../../../../arm-none-eabi/lib/thumb/v7e-m+fp/hard/libstdc++_nano.a
LOAD /home/mateusz/st/stm32cubeide_1.9.0/plugins/com.st.stm32cube.ide.mcu.externaltools.gnu-tools-for-stm32.10.3-2021.10.linux64_1.0.0.202111181127/tools/bin/../lib/gcc/arm-none-eabi/10.3.1/../../../../arm-none-eabi/lib/thumb/v7e-m+fp/hard/libm.a
LOAD /home/mateusz/st/stm32cubeide_1.9.0/plugins/com.st.stm32cube.ide.mcu.externaltools.gnu-tools-for-stm32.10.3-2021.10.linux64_1.0.0.202111181127/tools/bin/../lib/gcc/arm-none-eabi/10.3.1/../../../../arm-none-eabi/lib/thumb/v7e-m+fp/hard/libc_nano.a
START GROUP
LOAD /home/mateusz/st/stm32cubeide_1.9.0/plugins/com.st.stm32cube.ide.mcu.externaltools.gnu-tools-for-stm32.10.3-2021.10.linux64_1.0.0.202111181127/tools/bin/../lib/gcc/arm-none-eabi/10.3.1/thumb/v7e-m+fp/hard/libgcc.a
LOAD /home/mateusz/st/stm32cubeide_1.9.0/plugins/com.st.stm32cube.ide.mcu.externaltools.gnu-tools-for-stm32.10.3-2021.10.linux64_1.0.0.202111181127/tools/bin/../lib/gcc/arm-none-eabi/10.3.1/../../../../arm-none-eabi/lib/thumb/v7e-m+fp/hard/libc_nano.a
END GROUP
START GROUP
LOAD /home/mateusz/st/stm32cubeide_1.9.0/plugins/com.st.stm32cube.ide.mcu.externaltools.gnu-tools-for-stm32.10.3-2021.10.linux64_1.0.0.202111181127/tools/bin/../lib/gcc/arm-none-eabi/10.3.1/thumb/v7e-m+fp/hard/libgcc.a
LOAD /home/mateusz/st/stm32cubeide_1.9.0/plugins/com.st.stm32cube.ide.mcu.externaltools.gnu-tools-for-stm32.10.3-2021.10.linux64_1.0.0.202111181127/tools/bin/../lib/gcc/arm-none-eabi/10.3.1/../../../../arm-none-eabi/lib/thumb/v7e-m+fp/hard/libc_nano.a
END GROUP
LOAD /home/mateusz/st/stm32cubeide_1.9.0/plugins/com.st.stm32cube.ide.mcu.externaltools.gnu-tools-for-stm32.10.3-2021.10.linux64_1.0.0.202111181127/tools/bin/../lib/gcc/arm-none-eabi/10.3.1/thumb/v7e-m+fp/hard/crtend.o
LOAD /home/mateusz/st/stm32cubeide_1.9.0/plugins/com.st.stm32cube.ide.mcu.externaltools.gnu-tools-for-stm32.10.3-2021.10.linux64_1.0.0.202111181127/tools/bin/../lib/gcc/arm-none-eabi/10.3.1/thumb/v7e-m+fp/hard/crtn.o
                0x0000000020050000                _estack = (ORIGIN (RAM) + LENGTH (RAM))
                0x0000000000000200                _Min_Heap_Size = 0x200
                0x0000000000000400                _Min_Stack_Size = 0x400

.isr_vector     0x0000000008000000      0x1bc
                0x0000000008000000                . = ALIGN (0x4)
 *(.isr_vector)
 .isr_vector    0x0000000008000000      0x1bc ./Core/Startup/startup_stm32l4p5retx.o
                0x0000000008000000                g_pfnVectors
                0x00000000080001bc                . = ALIGN (0x4)

.text           0x00000000080001c0     0x6ed4
                0x00000000080001c0                . = ALIGN (0x4)
 *(.text)
 .text          0x00000000080001c0       0x40 /home/mateusz/st/stm32cubeide_1.9.0/plugins/com.st.stm32cube.ide.mcu.externaltools.gnu-tools-for-stm32.10.3-2021.10.linux64_1.0.0.202111181127/tools/bin/../lib/gcc/arm-none-eabi/10.3.1/thumb/v7e-m+fp/hard/crtbegin.o
 .text          0x0000000008000200      0x378 /home/mateusz/st/stm32cubeide_1.9.0/plugins/com.st.stm32cube.ide.mcu.externaltools.gnu-tools-for-stm32.10.3-2021.10.linux64_1.0.0.202111181127/tools/bin/../lib/gcc/arm-none-eabi/10.3.1/thumb/v7e-m+fp/hard/libgcc.a(_arm_addsubdf3.o)
                0x0000000008000200                __aeabi_drsub
                0x0000000008000208                __aeabi_dsub
                0x0000000008000208                __subdf3
                0x000000000800020c                __adddf3
                0x000000000800020c                __aeabi_dadd
                0x0000000008000484                __aeabi_ui2d
                0x0000000008000484                __floatunsidf
                0x00000000080004a4                __floatsidf
                0x00000000080004a4                __aeabi_i2d
                0x00000000080004c8                __extendsfdf2
                0x00000000080004c8                __aeabi_f2d
                0x000000000800050c                __aeabi_ul2d
                0x000000000800050c                __floatundidf
                0x000000000800051c                __floatdidf
                0x000000000800051c                __aeabi_l2d
 .text          0x0000000008000578      0x424 /home/mateusz/st/stm32cubeide_1.9.0/plugins/com.st.stm32cube.ide.mcu.externaltools.gnu-tools-for-stm32.10.3-2021.10.linux64_1.0.0.202111181127/tools/bin/../lib/gcc/arm-none-eabi/10.3.1/thumb/v7e-m+fp/hard/libgcc.a(_arm_muldivdf3.o)
                0x0000000008000578                __aeabi_dmul
                0x0000000008000578                __muldf3
                0x00000000080007cc                __aeabi_ddiv
                0x00000000080007cc                __divdf3
 .text          0x000000000800099c      0x110 /home/mateusz/st/stm32cubeide_1.9.0/plugins/com.st.stm32cube.ide.mcu.externaltools.gnu-tools-for-stm32.10.3-2021.10.linux64_1.0.0.202111181127/tools/bin/../lib/gcc/arm-none-eabi/10.3.1/thumb/v7e-m+fp/hard/libgcc.a(_arm_cmpdf2.o)
                0x000000000800099c                __gtdf2
                0x000000000800099c                __gedf2
                0x00000000080009a4                __ltdf2
                0x00000000080009a4                __ledf2
                0x00000000080009ac                __cmpdf2
                0x00000000080009ac                __eqdf2
                0x00000000080009ac                __nedf2
                0x0000000008000a28                __aeabi_cdrcmple
                0x0000000008000a38                __aeabi_cdcmple
                0x0000000008000a38                __aeabi_cdcmpeq
                0x0000000008000a48                __aeabi_dcmpeq
                0x0000000008000a5c                __aeabi_dcmplt
                0x0000000008000a70                __aeabi_dcmple
                0x0000000008000a84                __aeabi_dcmpge
                0x0000000008000a98                __aeabi_dcmpgt
 .text          0x0000000008000aac       0x2c /home/mateusz/st/stm32cubeide_1.9.0/plugins/com.st.stm32cube.ide.mcu.externaltools.gnu-tools-for-stm32.10.3-2021.10.linux64_1.0.0.202111181127/tools/bin/../lib/gcc/arm-none-eabi/10.3.1/thumb/v7e-m+fp/hard/libgcc.a(_arm_unorddf2.o)
                0x0000000008000aac                __aeabi_dcmpun
                0x0000000008000aac                __unorddf2
 .text          0x0000000008000ad8       0xa0 /home/mateusz/st/stm32cubeide_1.9.0/plugins/com.st.stm32cube.ide.mcu.externaltools.gnu-tools-for-stm32.10.3-2021.10.linux64_1.0.0.202111181127/tools/bin/../lib/gcc/arm-none-eabi/10.3.1/thumb/v7e-m+fp/hard/libgcc.a(_arm_truncdfsf2.o)
                0x0000000008000ad8                __aeabi_d2f
                0x0000000008000ad8                __truncdfsf2
 *(.text*)
 .text._ZSt4sqrtf
                0x0000000008000b78       0x20 ./Core/Src/MLX90621_API.o
                0x0000000008000b78                std::sqrt(float)
 .text._Z15MLX90621_DumpEEPh
                0x0000000008000b98       0x20 ./Core/Src/MLX90621_API.o
                0x0000000008000b98                MLX90621_DumpEE(unsigned char*)
 .text._Z21MLX90621_GetFrameDataPt
                0x0000000008000bb8       0x2c ./Core/Src/MLX90621_API.o
                0x0000000008000bb8                MLX90621_GetFrameData(unsigned short*)
 .text._Z18MLX90621_ConfigurePh
                0x0000000008000be4       0x62 ./Core/Src/MLX90621_API.o
                0x0000000008000be4                MLX90621_Configure(unsigned char*)
 .text._Z25MLX90621_GetConfigurationPt
                0x0000000008000c46       0x2c ./Core/Src/MLX90621_API.o
                0x0000000008000c46                MLX90621_GetConfiguration(unsigned short*)
 .text._Z26MLX90621_ExtractParametersPhP14paramsMLX90621
                0x0000000008000c72       0x48 ./Core/Src/MLX90621_API.o
                0x0000000008000c72                MLX90621_ExtractParameters(unsigned char*, paramsMLX90621*)
 .text._Z25MLX90621_GetCurResolutionv
                0x0000000008000cba       0x30 ./Core/Src/MLX90621_API.o
                0x0000000008000cba                MLX90621_GetCurResolution()
 *fill*         0x0000000008000cea        0x2 
 .text._Z20MLX90621_CalculateToPtPK14paramsMLX90621ffPf
                0x0000000008000cec      0x2c0 ./Core/Src/MLX90621_API.o
                0x0000000008000cec                MLX90621_CalculateTo(unsigned short*, paramsMLX90621 const*, float, float, float*)
 .text._Z14MLX90621_GetTaPtPK14paramsMLX90621
                0x0000000008000fac       0xe8 ./Core/Src/MLX90621_API.o
                0x0000000008000fac                MLX90621_GetTa(unsigned short*, paramsMLX90621 const*)
 .text._Z21ExtractPTATParametersPhP14paramsMLX90621
                0x0000000008001094      0x144 ./Core/Src/MLX90621_API.o
                0x0000000008001094                ExtractPTATParameters(unsigned char*, paramsMLX90621*)
 .text._Z20ExtractTgcParametersPhP14paramsMLX90621
                0x00000000080011d8       0x3c ./Core/Src/MLX90621_API.o
                0x00000000080011d8                ExtractTgcParameters(unsigned char*, paramsMLX90621*)
 .text._Z21ExtractKsTaParametersPhP14paramsMLX90621
                0x0000000008001214       0x78 ./Core/Src/MLX90621_API.o
                0x0000000008001214                ExtractKsTaParameters(unsigned char*, paramsMLX90621*)
 .text._Z21ExtractKsToParametersPhP14paramsMLX90621
                0x000000000800128c       0x8c ./Core/Src/MLX90621_API.o
                0x000000000800128c                ExtractKsToParameters(unsigned char*, paramsMLX90621*)
 .text._Z22ExtractAlphaParametersPhP14paramsMLX90621
                0x0000000008001318      0x170 ./Core/Src/MLX90621_API.o
                0x0000000008001318                ExtractAlphaParameters(unsigned char*, paramsMLX90621*)
 .text._Z23ExtractOffsetParametersPhP14paramsMLX90621
                0x0000000008001488      0x210 ./Core/Src/MLX90621_API.o
                0x0000000008001488                ExtractOffsetParameters(unsigned char*, paramsMLX90621*)
 .text._Z18MLX90621_AverageToPKfPh
                0x0000000008001698       0x82 ./Core/Src/MLX90621_API.o
                0x0000000008001698                MLX90621_AverageTo(float const*, unsigned char*)
 .text._ZSt3powIidEN9__gnu_cxx11__promote_2IT_T0_NS0_9__promoteIS2_XsrSt12__is_integerIS2_E7__valueEE6__typeENS4_IS3_XsrS5_IS3_E7__valueEE6__typeEE6__typeES2_S3_
                0x000000000800171a       0x38 ./Core/Src/MLX90621_API.o
                0x000000000800171a                __gnu_cxx::__promote_2<int, double, __gnu_cxx::__promote<int, std::__is_integer<int>::__value>::__type, __gnu_cxx::__promote<double, std::__is_integer<double>::__value>::__type>::__type std::pow<int, double>(int, double)
 *fill*         0x0000000008001752        0x2 
 .text._Z22MLX90621_I2CReadEEPROMhhtPh
                0x0000000008001754      0x11c ./Core/Src/MLX90621_I2C_Driver.o
                0x0000000008001754                MLX90621_I2CReadEEPROM(unsigned char, unsigned char, unsigned short, unsigned char*)
 .text._Z16MLX90621_I2CReadhhhhhPt
                0x0000000008001870      0x100 ./Core/Src/MLX90621_I2C_Driver.o
                0x0000000008001870                MLX90621_I2CRead(unsigned char, unsigned char, unsigned char, unsigned char, unsigned char, unsigned short*)
 .text._Z17MLX90621_I2CWritehhht
                0x0000000008001970       0xc4 ./Core/Src/MLX90621_I2C_Driver.o
                0x0000000008001970                MLX90621_I2CWrite(unsigned char, unsigned char, unsigned char, unsigned short)
 .text.MX_CAN1_Init
                0x0000000008001a34       0x6c ./Core/Src/can.o
                0x0000000008001a34                MX_CAN1_Init
 .text.HAL_CAN_MspInit
                0x0000000008001aa0       0xa8 ./Core/Src/can.o
                0x0000000008001aa0                HAL_CAN_MspInit
 .text.MX_GPIO_Init
                0x0000000008001b48      0x100 ./Core/Src/gpio.o
                0x0000000008001b48                MX_GPIO_Init
 .text.MX_I2C2_Init
                0x0000000008001c48       0x80 ./Core/Src/i2c.o
                0x0000000008001c48                MX_I2C2_Init
 .text.HAL_I2C_MspInit
                0x0000000008001cc8       0xbc ./Core/Src/i2c.o
                0x0000000008001cc8                HAL_I2C_MspInit
 .text._ZN8PUTM_CAN14Can_rx_messageC2ER19__CAN_HandleTypeDefm
                0x0000000008001d84       0x4c ./Core/Src/main.o
                0x0000000008001d84                PUTM_CAN::Can_rx_message::Can_rx_message(__CAN_HandleTypeDef&, unsigned long)
                0x0000000008001d84                PUTM_CAN::Can_rx_message::Can_rx_message(__CAN_HandleTypeDef&, unsigned long)
 .text._ZN8PUTM_CAN11Device_base6get_IDEv
                0x0000000008001dd0       0x24 ./Core/Src/main.o
                0x0000000008001dd0                PUTM_CAN::Device_base::get_ID()
 .text._ZN8PUTM_CAN13Can_interface13parse_messageERKNS_14Can_rx_messageE
                0x0000000008001df4       0x74 ./Core/Src/main.o
                0x0000000008001df4                PUTM_CAN::Can_interface::parse_message(PUTM_CAN::Can_rx_message const&)
 .text.HAL_CAN_RxFifo0MsgPendingCallback
                0x0000000008001e68       0x38 ./Core/Src/main.o
                0x0000000008001e68                HAL_CAN_RxFifo0MsgPendingCallback
 .text._ZN8PUTM_CAN14Can_tx_messageINS_14WheelTemp_mainEEC1ERKS1_RK19CAN_TxHeaderTypeDef
                0x0000000008001ea0       0x38 ./Core/Src/main.o
                0x0000000008001ea0                PUTM_CAN::Can_tx_message<PUTM_CAN::WheelTemp_main>::Can_tx_message(PUTM_CAN::WheelTemp_main const&, CAN_TxHeaderTypeDef const&)
 .text.main     0x0000000008001ed8      0x144 ./Core/Src/main.o
                0x0000000008001ed8                main
 .text._Z18SystemClock_Configv
                0x000000000800201c       0xba ./Core/Src/main.o
                0x000000000800201c                SystemClock_Config()
 .text.Error_Handler
                0x00000000080020d6        0xa ./Core/Src/main.o
                0x00000000080020d6                Error_Handler
 .text._ZNSt5arrayIPN8PUTM_CAN11Device_baseELj34EE5beginEv
                0x00000000080020e0       0x18 ./Core/Src/main.o
                0x00000000080020e0                std::array<PUTM_CAN::Device_base*, 34u>::begin()
 .text._ZNSt5arrayIPN8PUTM_CAN11Device_baseELj34EE3endEv
                0x00000000080020f8       0x1a ./Core/Src/main.o
                0x00000000080020f8                std::array<PUTM_CAN::Device_base*, 34u>::end()
 *fill*         0x0000000008002112        0x2 
 .text._ZN8PUTM_CAN14Can_tx_messageINS_14WheelTemp_mainEE4sendER19__CAN_HandleTypeDef
                0x0000000008002114       0x28 ./Core/Src/main.o
                0x0000000008002114                PUTM_CAN::Can_tx_message<PUTM_CAN::WheelTemp_main>::send(__CAN_HandleTypeDef&)
 .text._ZNSt5arrayIPN8PUTM_CAN11Device_baseELj34EE4dataEv
                0x000000000800213c       0x1a ./Core/Src/main.o
                0x000000000800213c                std::array<PUTM_CAN::Device_base*, 34u>::data()
 .text._ZNSt14__array_traitsIPN8PUTM_CAN11Device_baseELj34EE6_S_ptrERA34_KS2_
                0x0000000008002156       0x16 ./Core/Src/main.o
                0x0000000008002156                std::__array_traits<PUTM_CAN::Device_base*, 34u>::_S_ptr(PUTM_CAN::Device_base* const (&) [34])
 .text._ZN8PUTM_CAN6DeviceINS_17YawProbe_air_flowEE8set_dataERKNS_14Can_rx_messageE
                0x000000000800216c       0x2c ./Core/Src/main.o
                0x000000000800216c                PUTM_CAN::Device<PUTM_CAN::YawProbe_air_flow>::set_data(PUTM_CAN::Can_rx_message const&)
 .text._ZN8PUTM_CAN6DeviceINS_14WheelTemp_mainEE8set_dataERKNS_14Can_rx_messageE
                0x0000000008002198       0x2c ./Core/Src/main.o
                0x0000000008002198                PUTM_CAN::Device<PUTM_CAN::WheelTemp_main>::set_data(PUTM_CAN::Can_rx_message const&)
 .text._ZN8PUTM_CAN6DeviceINS_14Telemetry_MainEE8set_dataERKNS_14Can_rx_messageE
                0x00000000080021c4       0x2c ./Core/Src/main.o
                0x00000000080021c4                PUTM_CAN::Device<PUTM_CAN::Telemetry_Main>::set_data(PUTM_CAN::Can_rx_message const&)
 .text._ZN8PUTM_CAN6DeviceINS_11TC_imu_gyroEE8set_dataERKNS_14Can_rx_messageE
                0x00000000080021f0       0x2c ./Core/Src/main.o
                0x00000000080021f0                PUTM_CAN::Device<PUTM_CAN::TC_imu_gyro>::set_data(PUTM_CAN::Can_rx_message const&)
 .text._ZN8PUTM_CAN6DeviceINS_10TC_imu_accEE8set_dataERKNS_14Can_rx_messageE
                0x000000000800221c       0x2c ./Core/Src/main.o
                0x000000000800221c                PUTM_CAN::Device<PUTM_CAN::TC_imu_acc>::set_data(PUTM_CAN::Can_rx_message const&)
 .text._ZN8PUTM_CAN6DeviceINS_15TC_temperaturesEE8set_dataERKNS_14Can_rx_messageE
                0x0000000008002248       0x2c ./Core/Src/main.o
                0x0000000008002248                PUTM_CAN::Device<PUTM_CAN::TC_temperatures>::set_data(PUTM_CAN::Can_rx_message const&)
 .text._ZN8PUTM_CAN6DeviceINS_19TC_wheel_velocitiesEE8set_dataERKNS_14Can_rx_messageE
                0x0000000008002274       0x2c ./Core/Src/main.o
                0x0000000008002274                PUTM_CAN::Device<PUTM_CAN::TC_wheel_velocities>::set_data(PUTM_CAN::Can_rx_message const&)
 .text._ZN8PUTM_CAN6DeviceINS_18TC_rear_suspensionEE8set_dataERKNS_14Can_rx_messageE
                0x00000000080022a0       0x2c ./Core/Src/main.o
                0x00000000080022a0                PUTM_CAN::Device<PUTM_CAN::TC_rear_suspension>::set_data(PUTM_CAN::Can_rx_message const&)
 .text._ZN8PUTM_CAN6DeviceINS_7TC_mainEE8set_dataERKNS_14Can_rx_messageE
                0x00000000080022cc       0x2c ./Core/Src/main.o
                0x00000000080022cc                PUTM_CAN::Device<PUTM_CAN::TC_main>::set_data(PUTM_CAN::Can_rx_message const&)
 .text._ZN8PUTM_CAN6DeviceINS_20Steering_Wheel_eventEE8set_dataERKNS_14Can_rx_messageE
                0x00000000080022f8       0x2c ./Core/Src/main.o
                0x00000000080022f8                PUTM_CAN::Device<PUTM_CAN::Steering_Wheel_event>::set_data(PUTM_CAN::Can_rx_message const&)
 .text._ZN8PUTM_CAN6DeviceINS_19Steering_Wheel_mainEE8set_dataERKNS_14Can_rx_messageE
                0x0000000008002324       0x2c ./Core/Src/main.o
                0x0000000008002324                PUTM_CAN::Device<PUTM_CAN::Steering_Wheel_main>::set_data(PUTM_CAN::Can_rx_message const&)
 .text._ZN8PUTM_CAN6DeviceINS_9SF_safetyEE8set_dataERKNS_14Can_rx_messageE
                0x0000000008002350       0x2c ./Core/Src/main.o
                0x0000000008002350                PUTM_CAN::Device<PUTM_CAN::SF_safety>::set_data(PUTM_CAN::Can_rx_message const&)
 .text._ZN8PUTM_CAN6DeviceINS_18SF_PassiveElementsEE8set_dataERKNS_14Can_rx_messageE
                0x000000000800237c       0x2c ./Core/Src/main.o
                0x000000000800237c                PUTM_CAN::Device<PUTM_CAN::SF_PassiveElements>::set_data(PUTM_CAN::Can_rx_message const&)
 .text._ZN8PUTM_CAN6DeviceINS_9SF_SupplyEE8set_dataERKNS_14Can_rx_messageE
                0x00000000080023a8       0x2c ./Core/Src/main.o
                0x00000000080023a8                PUTM_CAN::Device<PUTM_CAN::SF_Supply>::set_data(PUTM_CAN::Can_rx_message const&)
 .text._ZN8PUTM_CAN6DeviceINS_23SF_LegendaryDVAndSupplyEE8set_dataERKNS_14Can_rx_messageE
                0x00000000080023d4       0x2c ./Core/Src/main.o
                0x00000000080023d4                PUTM_CAN::Device<PUTM_CAN::SF_LegendaryDVAndSupply>::set_data(PUTM_CAN::Can_rx_message const&)
 .text._ZN8PUTM_CAN6DeviceINS_7SF_mainEE8set_dataERKNS_14Can_rx_messageE
                0x0000000008002400       0x2c ./Core/Src/main.o
                0x0000000008002400                PUTM_CAN::Device<PUTM_CAN::SF_main>::set_data(PUTM_CAN::Can_rx_message const&)
 .text._ZN8PUTM_CAN6DeviceINS_18Lap_timer_Lap_timeEE8set_dataERKNS_14Can_rx_messageE
                0x000000000800242c       0x2c ./Core/Src/main.o
                0x000000000800242c                PUTM_CAN::Device<PUTM_CAN::Lap_timer_Lap_time>::set_data(PUTM_CAN::Can_rx_message const&)
 .text._ZN8PUTM_CAN6DeviceINS_18Lap_timer_Acc_timeEE8set_dataERKNS_14Can_rx_messageE
                0x0000000008002458       0x2c ./Core/Src/main.o
                0x0000000008002458                PUTM_CAN::Device<PUTM_CAN::Lap_timer_Acc_time>::set_data(PUTM_CAN::Can_rx_message const&)
 .text._ZN8PUTM_CAN6DeviceINS_14Lap_timer_PassEE8set_dataERKNS_14Can_rx_messageE
                0x0000000008002484       0x2e ./Core/Src/main.o
                0x0000000008002484                PUTM_CAN::Device<PUTM_CAN::Lap_timer_Pass>::set_data(PUTM_CAN::Can_rx_message const&)
 .text._ZN8PUTM_CAN6DeviceINS_14Lap_timer_MainEE8set_dataERKNS_14Can_rx_messageE
                0x00000000080024b2       0x2c ./Core/Src/main.o
                0x00000000080024b2                PUTM_CAN::Device<PUTM_CAN::Lap_timer_Main>::set_data(PUTM_CAN::Can_rx_message const&)
 .text._ZN8PUTM_CAN6DeviceINS_25Dash_steering_wheel_angleEE8set_dataERKNS_14Can_rx_messageE
                0x00000000080024de       0x2e ./Core/Src/main.o
                0x00000000080024de                PUTM_CAN::Device<PUTM_CAN::Dash_steering_wheel_angle>::set_data(PUTM_CAN::Can_rx_message const&)
 .text._ZN8PUTM_CAN6DeviceINS_17Dash_lap_finishedEE8set_dataERKNS_14Can_rx_messageE
                0x000000000800250c       0x2c ./Core/Src/main.o
                0x000000000800250c                PUTM_CAN::Device<PUTM_CAN::Dash_lap_finished>::set_data(PUTM_CAN::Can_rx_message const&)
 .text._ZN8PUTM_CAN6DeviceINS_27Dash_steering_wheel_requestEE8set_dataERKNS_14Can_rx_messageE
                0x0000000008002538       0x2c ./Core/Src/main.o
                0x0000000008002538                PUTM_CAN::Device<PUTM_CAN::Dash_steering_wheel_request>::set_data(PUTM_CAN::Can_rx_message const&)
 .text._ZN8PUTM_CAN6DeviceINS_26Dash_Smart_Fuses_FAN_speedEE8set_dataERKNS_14Can_rx_messageE
                0x0000000008002564       0x2e ./Core/Src/main.o
                0x0000000008002564                PUTM_CAN::Device<PUTM_CAN::Dash_Smart_Fuses_FAN_speed>::set_data(PUTM_CAN::Can_rx_message const&)
 .text._ZN8PUTM_CAN6DeviceINS_8Dash_TCSEE8set_dataERKNS_14Can_rx_messageE
                0x0000000008002592       0x2c ./Core/Src/main.o
                0x0000000008002592                PUTM_CAN::Device<PUTM_CAN::Dash_TCS>::set_data(PUTM_CAN::Can_rx_message const&)
 .text._ZN8PUTM_CAN6DeviceINS_9Dash_MainEE8set_dataERKNS_14Can_rx_messageE
                0x00000000080025be       0x2c ./Core/Src/main.o
                0x00000000080025be                PUTM_CAN::Device<PUTM_CAN::Dash_Main>::set_data(PUTM_CAN::Can_rx_message const&)
 .text._ZN8PUTM_CAN6DeviceINS_18BMS_LV_temperatureEE8set_dataERKNS_14Can_rx_messageE
                0x00000000080025ea       0x2c ./Core/Src/main.o
                0x00000000080025ea                PUTM_CAN::Device<PUTM_CAN::BMS_LV_temperature>::set_data(PUTM_CAN::Can_rx_message const&)
 .text._ZN8PUTM_CAN6DeviceINS_11BMS_LV_mainEE8set_dataERKNS_14Can_rx_messageE
                0x0000000008002616       0x2c ./Core/Src/main.o
                0x0000000008002616                PUTM_CAN::Device<PUTM_CAN::BMS_LV_main>::set_data(PUTM_CAN::Can_rx_message const&)
 .text._ZN8PUTM_CAN6DeviceINS_11BMS_HV_mainEE8set_dataERKNS_14Can_rx_messageE
                0x0000000008002642       0x2c ./Core/Src/main.o
                0x0000000008002642                PUTM_CAN::Device<PUTM_CAN::BMS_HV_main>::set_data(PUTM_CAN::Can_rx_message const&)
 .text._ZN8PUTM_CAN6DeviceINS_12AQ_ts_buttonEE8set_dataERKNS_14Can_rx_messageE
                0x000000000800266e       0x2c ./Core/Src/main.o
                0x000000000800266e                PUTM_CAN::Device<PUTM_CAN::AQ_ts_button>::set_data(PUTM_CAN::Can_rx_message const&)
 .text._ZN8PUTM_CAN6DeviceINS_12AQ_gyroscopeEE8set_dataERKNS_14Can_rx_messageE
                0x000000000800269a       0x2c ./Core/Src/main.o
                0x000000000800269a                PUTM_CAN::Device<PUTM_CAN::AQ_gyroscope>::set_data(PUTM_CAN::Can_rx_message const&)
 .text._ZN8PUTM_CAN6DeviceINS_15AQ_accelerationEE8set_dataERKNS_14Can_rx_messageE
                0x00000000080026c6       0x2c ./Core/Src/main.o
                0x00000000080026c6                PUTM_CAN::Device<PUTM_CAN::AQ_acceleration>::set_data(PUTM_CAN::Can_rx_message const&)
 .text._ZN8PUTM_CAN6DeviceINS_7AQ_mainEE8set_dataERKNS_14Can_rx_messageE
                0x00000000080026f2       0x2c ./Core/Src/main.o
                0x00000000080026f2                PUTM_CAN::Device<PUTM_CAN::AQ_main>::set_data(PUTM_CAN::Can_rx_message const&)
 .text._ZN8PUTM_CAN6DeviceINS_9Apps_mainEE8set_dataERKNS_14Can_rx_messageE
                0x000000000800271e       0x2c ./Core/Src/main.o
                0x000000000800271e                PUTM_CAN::Device<PUTM_CAN::Apps_main>::set_data(PUTM_CAN::Can_rx_message const&)
 *fill*         0x000000000800274a        0x2 
 .text.HAL_MspInit
                0x000000000800274c       0x48 ./Core/Src/stm32l4xx_hal_msp.o
                0x000000000800274c                HAL_MspInit
 .text.NMI_Handler
                0x0000000008002794        0x6 ./Core/Src/stm32l4xx_it.o
                0x0000000008002794                NMI_Handler
 .text.HardFault_Handler
                0x000000000800279a        0x6 ./Core/Src/stm32l4xx_it.o
                0x000000000800279a                HardFault_Handler
 .text.MemManage_Handler
                0x00000000080027a0        0x6 ./Core/Src/stm32l4xx_it.o
                0x00000000080027a0                MemManage_Handler
 .text.BusFault_Handler
                0x00000000080027a6        0x6 ./Core/Src/stm32l4xx_it.o
                0x00000000080027a6                BusFault_Handler
 .text.UsageFault_Handler
                0x00000000080027ac        0x6 ./Core/Src/stm32l4xx_it.o
                0x00000000080027ac                UsageFault_Handler
 .text.SVC_Handler
                0x00000000080027b2        0xe ./Core/Src/stm32l4xx_it.o
                0x00000000080027b2                SVC_Handler
 .text.DebugMon_Handler
                0x00000000080027c0        0xe ./Core/Src/stm32l4xx_it.o
                0x00000000080027c0                DebugMon_Handler
 .text.PendSV_Handler
                0x00000000080027ce        0xe ./Core/Src/stm32l4xx_it.o
                0x00000000080027ce                PendSV_Handler
 .text.SysTick_Handler
                0x00000000080027dc        0xc ./Core/Src/stm32l4xx_it.o
                0x00000000080027dc                SysTick_Handler
 .text.CAN1_RX0_IRQHandler
                0x00000000080027e8       0x14 ./Core/Src/stm32l4xx_it.o
                0x00000000080027e8                CAN1_RX0_IRQHandler
 .text.CAN1_RX1_IRQHandler
                0x00000000080027fc       0x14 ./Core/Src/stm32l4xx_it.o
                0x00000000080027fc                CAN1_RX1_IRQHandler
 .text.SystemInit
                0x0000000008002810       0x24 ./Core/Src/system_stm32l4xx.o
                0x0000000008002810                SystemInit
 .text.Reset_Handler
                0x0000000008002834       0x50 ./Core/Startup/startup_stm32l4p5retx.o
                0x0000000008002834                Reset_Handler
 .text.Default_Handler
                0x0000000008002884        0x2 ./Core/Startup/startup_stm32l4p5retx.o
                0x0000000008002884                RTC_Alarm_IRQHandler
                0x0000000008002884                EXTI2_IRQHandler
                0x0000000008002884                TIM8_TRG_COM_IRQHandler
                0x0000000008002884                TIM8_CC_IRQHandler
                0x0000000008002884                TIM1_CC_IRQHandler
                0x0000000008002884                TSC_IRQHandler
                0x0000000008002884                TAMP_STAMP_IRQHandler
                0x0000000008002884                EXTI3_IRQHandler
                0x0000000008002884                LPTIM2_IRQHandler
                0x0000000008002884                DFSDM1_FLT1_IRQHandler
                0x0000000008002884                I2C3_ER_IRQHandler
                0x0000000008002884                EXTI0_IRQHandler
                0x0000000008002884                I2C2_EV_IRQHandler
                0x0000000008002884                FPU_IRQHandler
                0x0000000008002884                TIM1_UP_TIM16_IRQHandler
                0x0000000008002884                LTDC_ER_IRQHandler
                0x0000000008002884                ADC1_2_IRQHandler
                0x0000000008002884                SPI1_IRQHandler
                0x0000000008002884                OCTOSPI1_IRQHandler
                0x0000000008002884                TIM6_DAC_IRQHandler
                0x0000000008002884                TIM8_UP_IRQHandler
                0x0000000008002884                OCTOSPI2_IRQHandler
                0x0000000008002884                DMA2_Channel2_IRQHandler
                0x0000000008002884                DMA1_Channel4_IRQHandler
                0x0000000008002884                SAI2_IRQHandler
                0x0000000008002884                USART3_IRQHandler
                0x0000000008002884                DMA1_Channel7_IRQHandler
                0x0000000008002884                UART5_IRQHandler
                0x0000000008002884                TIM4_IRQHandler
                0x0000000008002884                DMA2_Channel1_IRQHandler
                0x0000000008002884                I2C1_EV_IRQHandler
                0x0000000008002884                DMAMUX1_OVR_IRQHandler
                0x0000000008002884                DMA1_Channel6_IRQHandler
                0x0000000008002884                UART4_IRQHandler
                0x0000000008002884                DMA2_Channel4_IRQHandler
                0x0000000008002884                TIM3_IRQHandler
                0x0000000008002884                RCC_IRQHandler
                0x0000000008002884                DMA1_Channel1_IRQHandler
                0x0000000008002884                Default_Handler
                0x0000000008002884                DMA2_Channel7_IRQHandler
                0x0000000008002884                EXTI15_10_IRQHandler
                0x0000000008002884                TIM7_IRQHandler
                0x0000000008002884                SDMMC1_IRQHandler
                0x0000000008002884                TIM5_IRQHandler
                0x0000000008002884                I2C3_EV_IRQHandler
                0x0000000008002884                EXTI9_5_IRQHandler
                0x0000000008002884                RTC_WKUP_IRQHandler
                0x0000000008002884                LTDC_IRQHandler
                0x0000000008002884                PVD_PVM_IRQHandler
                0x0000000008002884                SPI2_IRQHandler
                0x0000000008002884                CAN1_TX_IRQHandler
                0x0000000008002884                DMA2_Channel5_IRQHandler
                0x0000000008002884                DMA1_Channel5_IRQHandler
                0x0000000008002884                EXTI4_IRQHandler
                0x0000000008002884                RNG_IRQHandler
                0x0000000008002884                TIM1_TRG_COM_TIM17_IRQHandler
                0x0000000008002884                DMA1_Channel3_IRQHandler
                0x0000000008002884                COMP_IRQHandler
                0x0000000008002884                HASH_CRS_IRQHandler
                0x0000000008002884                WWDG_IRQHandler
                0x0000000008002884                I2C4_EV_IRQHandler
                0x0000000008002884                LPUART1_IRQHandler
                0x0000000008002884                DMA2_Channel6_IRQHandler
                0x0000000008002884                TIM2_IRQHandler
                0x0000000008002884                DMA2D_IRQHandler
                0x0000000008002884                EXTI1_IRQHandler
                0x0000000008002884                SDMMC2_IRQHandler
                0x0000000008002884                USART2_IRQHandler
                0x0000000008002884                DFSDM1_FLT0_IRQHandler
                0x0000000008002884                I2C2_ER_IRQHandler
                0x0000000008002884                DMA1_Channel2_IRQHandler
                0x0000000008002884                TIM8_BRK_IRQHandler
                0x0000000008002884                CAN1_SCE_IRQHandler
                0x0000000008002884                FLASH_IRQHandler
                0x0000000008002884                USART1_IRQHandler
                0x0000000008002884                OTG_FS_IRQHandler
                0x0000000008002884                SPI3_IRQHandler
                0x0000000008002884                I2C1_ER_IRQHandler
                0x0000000008002884                FMC_IRQHandler
                0x0000000008002884                LPTIM1_IRQHandler
                0x0000000008002884                DCMI_PSSI_IRQHandler
                0x0000000008002884                I2C4_ER_IRQHandler
                0x0000000008002884                SAI1_IRQHandler
                0x0000000008002884                DMA2_Channel3_IRQHandler
                0x0000000008002884                TIM1_BRK_TIM15_IRQHandler
 .text.HAL_Init
                0x0000000008002886       0x30 ./Drivers/STM32L4xx_HAL_Driver/Src/stm32l4xx_hal.o
                0x0000000008002886                HAL_Init
 *fill*         0x00000000080028b6        0x2 
 .text.HAL_InitTick
                0x00000000080028b8       0x78 ./Drivers/STM32L4xx_HAL_Driver/Src/stm32l4xx_hal.o
                0x00000000080028b8                HAL_InitTick
 .text.HAL_IncTick
                0x0000000008002930       0x28 ./Drivers/STM32L4xx_HAL_Driver/Src/stm32l4xx_hal.o
                0x0000000008002930                HAL_IncTick
 .text.HAL_GetTick
                0x0000000008002958       0x18 ./Drivers/STM32L4xx_HAL_Driver/Src/stm32l4xx_hal.o
                0x0000000008002958                HAL_GetTick
 .text.HAL_Delay
                0x0000000008002970       0x48 ./Drivers/STM32L4xx_HAL_Driver/Src/stm32l4xx_hal.o
                0x0000000008002970                HAL_Delay
 .text.HAL_CAN_Init
                0x00000000080029b8      0x1f6 ./Drivers/STM32L4xx_HAL_Driver/Src/stm32l4xx_hal_can.o
                0x00000000080029b8                HAL_CAN_Init
 .text.HAL_CAN_AddTxMessage
                0x0000000008002bae      0x1a0 ./Drivers/STM32L4xx_HAL_Driver/Src/stm32l4xx_hal_can.o
                0x0000000008002bae                HAL_CAN_AddTxMessage
 .text.HAL_CAN_GetRxMessage
                0x0000000008002d4e      0x224 ./Drivers/STM32L4xx_HAL_Driver/Src/stm32l4xx_hal_can.o
                0x0000000008002d4e                HAL_CAN_GetRxMessage
 .text.HAL_CAN_IRQHandler
                0x0000000008002f72      0x36e ./Drivers/STM32L4xx_HAL_Driver/Src/stm32l4xx_hal_can.o
                0x0000000008002f72                HAL_CAN_IRQHandler
 .text.HAL_CAN_TxMailbox0CompleteCallback
                0x00000000080032e0       0x14 ./Drivers/STM32L4xx_HAL_Driver/Src/stm32l4xx_hal_can.o
                0x00000000080032e0                HAL_CAN_TxMailbox0CompleteCallback
 .text.HAL_CAN_TxMailbox1CompleteCallback
                0x00000000080032f4       0x14 ./Drivers/STM32L4xx_HAL_Driver/Src/stm32l4xx_hal_can.o
                0x00000000080032f4                HAL_CAN_TxMailbox1CompleteCallback
 .text.HAL_CAN_TxMailbox2CompleteCallback
                0x0000000008003308       0x14 ./Drivers/STM32L4xx_HAL_Driver/Src/stm32l4xx_hal_can.o
                0x0000000008003308                HAL_CAN_TxMailbox2CompleteCallback
 .text.HAL_CAN_TxMailbox0AbortCallback
                0x000000000800331c       0x14 ./Drivers/STM32L4xx_HAL_Driver/Src/stm32l4xx_hal_can.o
                0x000000000800331c                HAL_CAN_TxMailbox0AbortCallback
 .text.HAL_CAN_TxMailbox1AbortCallback
                0x0000000008003330       0x14 ./Drivers/STM32L4xx_HAL_Driver/Src/stm32l4xx_hal_can.o
                0x0000000008003330                HAL_CAN_TxMailbox1AbortCallback
 .text.HAL_CAN_TxMailbox2AbortCallback
                0x0000000008003344       0x14 ./Drivers/STM32L4xx_HAL_Driver/Src/stm32l4xx_hal_can.o
                0x0000000008003344                HAL_CAN_TxMailbox2AbortCallback
 .text.HAL_CAN_RxFifo0FullCallback
                0x0000000008003358       0x14 ./Drivers/STM32L4xx_HAL_Driver/Src/stm32l4xx_hal_can.o
                0x0000000008003358                HAL_CAN_RxFifo0FullCallback
 .text.HAL_CAN_RxFifo1MsgPendingCallback
                0x000000000800336c       0x14 ./Drivers/STM32L4xx_HAL_Driver/Src/stm32l4xx_hal_can.o
                0x000000000800336c                HAL_CAN_RxFifo1MsgPendingCallback
 .text.HAL_CAN_RxFifo1FullCallback
                0x0000000008003380       0x14 ./Drivers/STM32L4xx_HAL_Driver/Src/stm32l4xx_hal_can.o
                0x0000000008003380                HAL_CAN_RxFifo1FullCallback
 .text.HAL_CAN_SleepCallback
                0x0000000008003394       0x14 ./Drivers/STM32L4xx_HAL_Driver/Src/stm32l4xx_hal_can.o
                0x0000000008003394                HAL_CAN_SleepCallback
 .text.HAL_CAN_WakeUpFromRxMsgCallback
                0x00000000080033a8       0x14 ./Drivers/STM32L4xx_HAL_Driver/Src/stm32l4xx_hal_can.o
                0x00000000080033a8                HAL_CAN_WakeUpFromRxMsgCallback
 .text.HAL_CAN_ErrorCallback
                0x00000000080033bc       0x14 ./Drivers/STM32L4xx_HAL_Driver/Src/stm32l4xx_hal_can.o
                0x00000000080033bc                HAL_CAN_ErrorCallback
 .text.__NVIC_SetPriorityGrouping
                0x00000000080033d0       0x48 ./Drivers/STM32L4xx_HAL_Driver/Src/stm32l4xx_hal_cortex.o
 .text.__NVIC_GetPriorityGrouping
                0x0000000008003418       0x1c ./Drivers/STM32L4xx_HAL_Driver/Src/stm32l4xx_hal_cortex.o
 .text.__NVIC_EnableIRQ
                0x0000000008003434       0x3c ./Drivers/STM32L4xx_HAL_Driver/Src/stm32l4xx_hal_cortex.o
 .text.__NVIC_SetPriority
                0x0000000008003470       0x54 ./Drivers/STM32L4xx_HAL_Driver/Src/stm32l4xx_hal_cortex.o
 .text.NVIC_EncodePriority
                0x00000000080034c4       0x66 ./Drivers/STM32L4xx_HAL_Driver/Src/stm32l4xx_hal_cortex.o
 *fill*         0x000000000800352a        0x2 
 .text.SysTick_Config
                0x000000000800352c       0x44 ./Drivers/STM32L4xx_HAL_Driver/Src/stm32l4xx_hal_cortex.o
 .text.HAL_NVIC_SetPriorityGrouping
                0x0000000008003570       0x16 ./Drivers/STM32L4xx_HAL_Driver/Src/stm32l4xx_hal_cortex.o
                0x0000000008003570                HAL_NVIC_SetPriorityGrouping
 .text.HAL_NVIC_SetPriority
                0x0000000008003586       0x38 ./Drivers/STM32L4xx_HAL_Driver/Src/stm32l4xx_hal_cortex.o
                0x0000000008003586                HAL_NVIC_SetPriority
 .text.HAL_NVIC_EnableIRQ
                0x00000000080035be       0x1c ./Drivers/STM32L4xx_HAL_Driver/Src/stm32l4xx_hal_cortex.o
                0x00000000080035be                HAL_NVIC_EnableIRQ
 .text.HAL_SYSTICK_Config
                0x00000000080035da       0x18 ./Drivers/STM32L4xx_HAL_Driver/Src/stm32l4xx_hal_cortex.o
                0x00000000080035da                HAL_SYSTICK_Config
 *fill*         0x00000000080035f2        0x2 
 .text.HAL_GPIO_Init
                0x00000000080035f4      0x324 ./Drivers/STM32L4xx_HAL_Driver/Src/stm32l4xx_hal_gpio.o
                0x00000000080035f4                HAL_GPIO_Init
 .text.HAL_GPIO_WritePin
                0x0000000008003918       0x30 ./Drivers/STM32L4xx_HAL_Driver/Src/stm32l4xx_hal_gpio.o
                0x0000000008003918                HAL_GPIO_WritePin
 .text.HAL_I2C_Init
                0x0000000008003948      0x11e ./Drivers/STM32L4xx_HAL_Driver/Src/stm32l4xx_hal_i2c.o
                0x0000000008003948                HAL_I2C_Init
 *fill*         0x0000000008003a66        0x2 
 .text.HAL_I2C_Master_Transmit
                0x0000000008003a68      0x1e8 ./Drivers/STM32L4xx_HAL_Driver/Src/stm32l4xx_hal_i2c.o
                0x0000000008003a68                HAL_I2C_Master_Transmit
 .text.HAL_I2C_Mem_Read
                0x0000000008003c50      0x234 ./Drivers/STM32L4xx_HAL_Driver/Src/stm32l4xx_hal_i2c.o
                0x0000000008003c50                HAL_I2C_Mem_Read
 .text.I2C_RequestMemoryRead
                0x0000000008003e84       0xa8 ./Drivers/STM32L4xx_HAL_Driver/Src/stm32l4xx_hal_i2c.o
 .text.I2C_Flush_TXDR
                0x0000000008003f2c       0x48 ./Drivers/STM32L4xx_HAL_Driver/Src/stm32l4xx_hal_i2c.o
 .text.I2C_WaitOnFlagUntilTimeout
                0x0000000008003f74       0x80 ./Drivers/STM32L4xx_HAL_Driver/Src/stm32l4xx_hal_i2c.o
 .text.I2C_WaitOnTXISFlagUntilTimeout
                0x0000000008003ff4       0x80 ./Drivers/STM32L4xx_HAL_Driver/Src/stm32l4xx_hal_i2c.o
 .text.I2C_WaitOnSTOPFlagUntilTimeout
                0x0000000008004074       0x78 ./Drivers/STM32L4xx_HAL_Driver/Src/stm32l4xx_hal_i2c.o
 .text.I2C_IsErrorOccurred
                0x00000000080040ec      0x1d8 ./Drivers/STM32L4xx_HAL_Driver/Src/stm32l4xx_hal_i2c.o
 .text.I2C_TransferConfig
                0x00000000080042c4       0x64 ./Drivers/STM32L4xx_HAL_Driver/Src/stm32l4xx_hal_i2c.o
 .text.Custom_HAL_I2C_Mem_Read
                0x0000000008004328      0x23c ./Drivers/STM32L4xx_HAL_Driver/Src/stm32l4xx_hal_i2c.o
                0x0000000008004328                Custom_HAL_I2C_Mem_Read
 .text.Custom_I2C_RequestMemoryRead
                0x0000000008004564       0xc4 ./Drivers/STM32L4xx_HAL_Driver/Src/stm32l4xx_hal_i2c.o
 .text.HAL_I2CEx_ConfigAnalogFilter
                0x0000000008004628       0x96 ./Drivers/STM32L4xx_HAL_Driver/Src/stm32l4xx_hal_i2c_ex.o
                0x0000000008004628                HAL_I2CEx_ConfigAnalogFilter
 .text.HAL_I2CEx_ConfigDigitalFilter
                0x00000000080046be       0x98 ./Drivers/STM32L4xx_HAL_Driver/Src/stm32l4xx_hal_i2c_ex.o
                0x00000000080046be                HAL_I2CEx_ConfigDigitalFilter
 *fill*         0x0000000008004756        0x2 
 .text.HAL_PWREx_GetVoltageRange
                0x0000000008004758       0x40 ./Drivers/STM32L4xx_HAL_Driver/Src/stm32l4xx_hal_pwr_ex.o
                0x0000000008004758                HAL_PWREx_GetVoltageRange
 .text.HAL_PWREx_ControlVoltageScaling
                0x0000000008004798      0x148 ./Drivers/STM32L4xx_HAL_Driver/Src/stm32l4xx_hal_pwr_ex.o
                0x0000000008004798                HAL_PWREx_ControlVoltageScaling
 .text.HAL_RCC_OscConfig
                0x00000000080048e0      0x8f8 ./Drivers/STM32L4xx_HAL_Driver/Src/stm32l4xx_hal_rcc.o
                0x00000000080048e0                HAL_RCC_OscConfig
 .text.HAL_RCC_ClockConfig
                0x00000000080051d8      0x274 ./Drivers/STM32L4xx_HAL_Driver/Src/stm32l4xx_hal_rcc.o
                0x00000000080051d8                HAL_RCC_ClockConfig
 .text.HAL_RCC_GetSysClockFreq
                0x000000000800544c      0x114 ./Drivers/STM32L4xx_HAL_Driver/Src/stm32l4xx_hal_rcc.o
                0x000000000800544c                HAL_RCC_GetSysClockFreq
 .text.RCC_SetFlashLatencyFromMSIRange
                0x0000000008005560       0xb4 ./Drivers/STM32L4xx_HAL_Driver/Src/stm32l4xx_hal_rcc.o
 .text.RCC_GetSysClockFreqFromPLLSource
                0x0000000008005614       0xc8 ./Drivers/STM32L4xx_HAL_Driver/Src/stm32l4xx_hal_rcc.o
 .text.HAL_RCCEx_PeriphCLKConfig
                0x00000000080056dc      0x6d8 ./Drivers/STM32L4xx_HAL_Driver/Src/stm32l4xx_hal_rcc_ex.o
                0x00000000080056dc                HAL_RCCEx_PeriphCLKConfig
 .text.RCCEx_PLLSAI1_Config
                0x0000000008005db4      0x1e8 ./Drivers/STM32L4xx_HAL_Driver/Src/stm32l4xx_hal_rcc_ex.o
 .text.RCCEx_PLLSAI2_Config
                0x0000000008005f9c      0x1e8 ./Drivers/STM32L4xx_HAL_Driver/Src/stm32l4xx_hal_rcc_ex.o
 .text.pow      0x0000000008006184       0xe0 /home/mateusz/st/stm32cubeide_1.9.0/plugins/com.st.stm32cube.ide.mcu.externaltools.gnu-tools-for-stm32.10.3-2021.10.linux64_1.0.0.202111181127/tools/bin/../lib/gcc/arm-none-eabi/10.3.1/../../../../arm-none-eabi/lib/thumb/v7e-m+fp/hard/libm.a(lib_a-w_pow.o)
                0x0000000008006184                pow
 .text.sqrtf    0x0000000008006264       0x3c /home/mateusz/st/stm32cubeide_1.9.0/plugins/com.st.stm32cube.ide.mcu.externaltools.gnu-tools-for-stm32.10.3-2021.10.linux64_1.0.0.202111181127/tools/bin/../lib/gcc/arm-none-eabi/10.3.1/../../../../arm-none-eabi/lib/thumb/v7e-m+fp/hard/libm.a(lib_a-wf_sqrt.o)
                0x0000000008006264                sqrtf
 .text.__ieee754_pow
                0x00000000080062a0      0xa5c /home/mateusz/st/stm32cubeide_1.9.0/plugins/com.st.stm32cube.ide.mcu.externaltools.gnu-tools-for-stm32.10.3-2021.10.linux64_1.0.0.202111181127/tools/bin/../lib/gcc/arm-none-eabi/10.3.1/../../../../arm-none-eabi/lib/thumb/v7e-m+fp/hard/libm.a(lib_a-e_pow.o)
                0x00000000080062a0                __ieee754_pow
 .text.__ieee754_sqrt
                0x0000000008006cfc      0x164 /home/mateusz/st/stm32cubeide_1.9.0/plugins/com.st.stm32cube.ide.mcu.externaltools.gnu-tools-for-stm32.10.3-2021.10.linux64_1.0.0.202111181127/tools/bin/../lib/gcc/arm-none-eabi/10.3.1/../../../../arm-none-eabi/lib/thumb/v7e-m+fp/hard/libm.a(lib_a-e_sqrt.o)
                0x0000000008006cfc                __ieee754_sqrt
 .text.__ieee754_sqrtf
                0x0000000008006e60        0x6 /home/mateusz/st/stm32cubeide_1.9.0/plugins/com.st.stm32cube.ide.mcu.externaltools.gnu-tools-for-stm32.10.3-2021.10.linux64_1.0.0.202111181127/tools/bin/../lib/gcc/arm-none-eabi/10.3.1/../../../../arm-none-eabi/lib/thumb/v7e-m+fp/hard/libm.a(lib_a-ef_sqrt.o)
                0x0000000008006e60                __ieee754_sqrtf
 .text.with_errno
                0x0000000008006e66       0x14 /home/mateusz/st/stm32cubeide_1.9.0/plugins/com.st.stm32cube.ide.mcu.externaltools.gnu-tools-for-stm32.10.3-2021.10.linux64_1.0.0.202111181127/tools/bin/../lib/gcc/arm-none-eabi/10.3.1/../../../../arm-none-eabi/lib/thumb/v7e-m+fp/hard/libm.a(lib_a-math_err.o)
 .text.xflow    0x0000000008006e7a       0x28 /home/mateusz/st/stm32cubeide_1.9.0/plugins/com.st.stm32cube.ide.mcu.externaltools.gnu-tools-for-stm32.10.3-2021.10.linux64_1.0.0.202111181127/tools/bin/../lib/gcc/arm-none-eabi/10.3.1/../../../../arm-none-eabi/lib/thumb/v7e-m+fp/hard/libm.a(lib_a-math_err.o)
 .text.__math_uflow
                0x0000000008006ea2       0x12 /home/mateusz/st/stm32cubeide_1.9.0/plugins/com.st.stm32cube.ide.mcu.externaltools.gnu-tools-for-stm32.10.3-2021.10.linux64_1.0.0.202111181127/tools/bin/../lib/gcc/arm-none-eabi/10.3.1/../../../../arm-none-eabi/lib/thumb/v7e-m+fp/hard/libm.a(lib_a-math_err.o)
                0x0000000008006ea2                __math_uflow
 .text.__math_oflow
                0x0000000008006eb4       0x12 /home/mateusz/st/stm32cubeide_1.9.0/plugins/com.st.stm32cube.ide.mcu.externaltools.gnu-tools-for-stm32.10.3-2021.10.linux64_1.0.0.202111181127/tools/bin/../lib/gcc/arm-none-eabi/10.3.1/../../../../arm-none-eabi/lib/thumb/v7e-m+fp/hard/libm.a(lib_a-math_err.o)
                0x0000000008006eb4                __math_oflow
 .text.fabs     0x0000000008006ec6       0x12 /home/mateusz/st/stm32cubeide_1.9.0/plugins/com.st.stm32cube.ide.mcu.externaltools.gnu-tools-for-stm32.10.3-2021.10.linux64_1.0.0.202111181127/tools/bin/../lib/gcc/arm-none-eabi/10.3.1/../../../../arm-none-eabi/lib/thumb/v7e-m+fp/hard/libm.a(lib_a-s_fabs.o)
                0x0000000008006ec6                fabs
 .text.finite   0x0000000008006ed8       0x16 /home/mateusz/st/stm32cubeide_1.9.0/plugins/com.st.stm32cube.ide.mcu.externaltools.gnu-tools-for-stm32.10.3-2021.10.linux64_1.0.0.202111181127/tools/bin/../lib/gcc/arm-none-eabi/10.3.1/../../../../arm-none-eabi/lib/thumb/v7e-m+fp/hard/libm.a(lib_a-s_finite.o)
                0x0000000008006ed8                finite
 *fill*         0x0000000008006eee        0x2 
 .text.scalbn   0x0000000008006ef0      0x10c /home/mateusz/st/stm32cubeide_1.9.0/plugins/com.st.stm32cube.ide.mcu.externaltools.gnu-tools-for-stm32.10.3-2021.10.linux64_1.0.0.202111181127/tools/bin/../lib/gcc/arm-none-eabi/10.3.1/../../../../arm-none-eabi/lib/thumb/v7e-m+fp/hard/libm.a(lib_a-s_scalbn.o)
                0x0000000008006ef0                scalbn
 .text.__errno  0x0000000008006ffc        0xc /home/mateusz/st/stm32cubeide_1.9.0/plugins/com.st.stm32cube.ide.mcu.externaltools.gnu-tools-for-stm32.10.3-2021.10.linux64_1.0.0.202111181127/tools/bin/../lib/gcc/arm-none-eabi/10.3.1/../../../../arm-none-eabi/lib/thumb/v7e-m+fp/hard/libc_nano.a(lib_a-errno.o)
                0x0000000008006ffc                __errno
 .text.__libc_init_array
                0x0000000008007008       0x48 /home/mateusz/st/stm32cubeide_1.9.0/plugins/com.st.stm32cube.ide.mcu.externaltools.gnu-tools-for-stm32.10.3-2021.10.linux64_1.0.0.202111181127/tools/bin/../lib/gcc/arm-none-eabi/10.3.1/../../../../arm-none-eabi/lib/thumb/v7e-m+fp/hard/libc_nano.a(lib_a-init.o)
                0x0000000008007008                __libc_init_array
 .text.memcpy   0x0000000008007050       0x1c /home/mateusz/st/stm32cubeide_1.9.0/plugins/com.st.stm32cube.ide.mcu.externaltools.gnu-tools-for-stm32.10.3-2021.10.linux64_1.0.0.202111181127/tools/bin/../lib/gcc/arm-none-eabi/10.3.1/../../../../arm-none-eabi/lib/thumb/v7e-m+fp/hard/libc_nano.a(lib_a-memcpy-stub.o)
                0x0000000008007050                memcpy
 .text.memset   0x000000000800706c       0x10 /home/mateusz/st/stm32cubeide_1.9.0/plugins/com.st.stm32cube.ide.mcu.externaltools.gnu-tools-for-stm32.10.3-2021.10.linux64_1.0.0.202111181127/tools/bin/../lib/gcc/arm-none-eabi/10.3.1/../../../../arm-none-eabi/lib/thumb/v7e-m+fp/hard/libc_nano.a(lib_a-memset.o)
                0x000000000800706c                memset
 *(.glue_7)
 .glue_7        0x000000000800707c        0x0 linker stubs
 *(.glue_7t)
 .glue_7t       0x000000000800707c        0x0 linker stubs
 *(.eh_frame)
 .eh_frame      0x000000000800707c        0x0 /home/mateusz/st/stm32cubeide_1.9.0/plugins/com.st.stm32cube.ide.mcu.externaltools.gnu-tools-for-stm32.10.3-2021.10.linux64_1.0.0.202111181127/tools/bin/../lib/gcc/arm-none-eabi/10.3.1/thumb/v7e-m+fp/hard/crtbegin.o
 *(.init)
 .init          0x000000000800707c        0x4 /home/mateusz/st/stm32cubeide_1.9.0/plugins/com.st.stm32cube.ide.mcu.externaltools.gnu-tools-for-stm32.10.3-2021.10.linux64_1.0.0.202111181127/tools/bin/../lib/gcc/arm-none-eabi/10.3.1/thumb/v7e-m+fp/hard/crti.o
                0x000000000800707c                _init
 .init          0x0000000008007080        0x8 /home/mateusz/st/stm32cubeide_1.9.0/plugins/com.st.stm32cube.ide.mcu.externaltools.gnu-tools-for-stm32.10.3-2021.10.linux64_1.0.0.202111181127/tools/bin/../lib/gcc/arm-none-eabi/10.3.1/thumb/v7e-m+fp/hard/crtn.o
 *(.fini)
 .fini          0x0000000008007088        0x4 /home/mateusz/st/stm32cubeide_1.9.0/plugins/com.st.stm32cube.ide.mcu.externaltools.gnu-tools-for-stm32.10.3-2021.10.linux64_1.0.0.202111181127/tools/bin/../lib/gcc/arm-none-eabi/10.3.1/thumb/v7e-m+fp/hard/crti.o
                0x0000000008007088                _fini
 .fini          0x000000000800708c        0x8 /home/mateusz/st/stm32cubeide_1.9.0/plugins/com.st.stm32cube.ide.mcu.externaltools.gnu-tools-for-stm32.10.3-2021.10.linux64_1.0.0.202111181127/tools/bin/../lib/gcc/arm-none-eabi/10.3.1/thumb/v7e-m+fp/hard/crtn.o
                0x0000000008007094                . = ALIGN (0x4)
                0x0000000008007094                _etext = .

.vfp11_veneer   0x0000000008007094        0x0
 .vfp11_veneer  0x0000000008007094        0x0 linker stubs

.v4_bx          0x0000000008007094        0x0
 .v4_bx         0x0000000008007094        0x0 linker stubs

.iplt           0x0000000008007094        0x0
 .iplt          0x0000000008007094        0x0 /home/mateusz/st/stm32cubeide_1.9.0/plugins/com.st.stm32cube.ide.mcu.externaltools.gnu-tools-for-stm32.10.3-2021.10.linux64_1.0.0.202111181127/tools/bin/../lib/gcc/arm-none-eabi/10.3.1/thumb/v7e-m+fp/hard/crtbegin.o

.rodata         0x0000000008007098      0x228
                0x0000000008007098                . = ALIGN (0x4)
 *(.rodata)
 .rodata        0x0000000008007098        0x5 ./Core/Src/MLX90621_I2C_Driver.o
 *(.rodata*)
 *fill*         0x000000000800709d        0x3 
 .rodata._ZN8PUTM_CANL28can_tx_header_WHEELTEMP_MAINE
                0x00000000080070a0       0x18 ./Core/Src/main.o
 .rodata._ZTVN8PUTM_CAN6DeviceINS_17YawProbe_air_flowEEE
                0x00000000080070b8        0xc ./Core/Src/main.o
                0x00000000080070b8                vtable for PUTM_CAN::Device<PUTM_CAN::YawProbe_air_flow>
 .rodata._ZTVN8PUTM_CAN6DeviceINS_14WheelTemp_mainEEE
                0x00000000080070c4        0xc ./Core/Src/main.o
                0x00000000080070c4                vtable for PUTM_CAN::Device<PUTM_CAN::WheelTemp_main>
 .rodata._ZTVN8PUTM_CAN6DeviceINS_14Telemetry_MainEEE
                0x00000000080070d0        0xc ./Core/Src/main.o
                0x00000000080070d0                vtable for PUTM_CAN::Device<PUTM_CAN::Telemetry_Main>
 .rodata._ZTVN8PUTM_CAN6DeviceINS_11TC_imu_gyroEEE
                0x00000000080070dc        0xc ./Core/Src/main.o
                0x00000000080070dc                vtable for PUTM_CAN::Device<PUTM_CAN::TC_imu_gyro>
 .rodata._ZTVN8PUTM_CAN6DeviceINS_10TC_imu_accEEE
                0x00000000080070e8        0xc ./Core/Src/main.o
                0x00000000080070e8                vtable for PUTM_CAN::Device<PUTM_CAN::TC_imu_acc>
 .rodata._ZTVN8PUTM_CAN6DeviceINS_15TC_temperaturesEEE
                0x00000000080070f4        0xc ./Core/Src/main.o
                0x00000000080070f4                vtable for PUTM_CAN::Device<PUTM_CAN::TC_temperatures>
 .rodata._ZTVN8PUTM_CAN6DeviceINS_19TC_wheel_velocitiesEEE
                0x0000000008007100        0xc ./Core/Src/main.o
                0x0000000008007100                vtable for PUTM_CAN::Device<PUTM_CAN::TC_wheel_velocities>
 .rodata._ZTVN8PUTM_CAN6DeviceINS_18TC_rear_suspensionEEE
                0x000000000800710c        0xc ./Core/Src/main.o
                0x000000000800710c                vtable for PUTM_CAN::Device<PUTM_CAN::TC_rear_suspension>
 .rodata._ZTVN8PUTM_CAN6DeviceINS_7TC_mainEEE
                0x0000000008007118        0xc ./Core/Src/main.o
                0x0000000008007118                vtable for PUTM_CAN::Device<PUTM_CAN::TC_main>
 .rodata._ZTVN8PUTM_CAN6DeviceINS_20Steering_Wheel_eventEEE
                0x0000000008007124        0xc ./Core/Src/main.o
                0x0000000008007124                vtable for PUTM_CAN::Device<PUTM_CAN::Steering_Wheel_event>
 .rodata._ZTVN8PUTM_CAN6DeviceINS_19Steering_Wheel_mainEEE
                0x0000000008007130        0xc ./Core/Src/main.o
                0x0000000008007130                vtable for PUTM_CAN::Device<PUTM_CAN::Steering_Wheel_main>
 .rodata._ZTVN8PUTM_CAN6DeviceINS_9SF_safetyEEE
                0x000000000800713c        0xc ./Core/Src/main.o
                0x000000000800713c                vtable for PUTM_CAN::Device<PUTM_CAN::SF_safety>
 .rodata._ZTVN8PUTM_CAN6DeviceINS_18SF_PassiveElementsEEE
                0x0000000008007148        0xc ./Core/Src/main.o
                0x0000000008007148                vtable for PUTM_CAN::Device<PUTM_CAN::SF_PassiveElements>
 .rodata._ZTVN8PUTM_CAN6DeviceINS_9SF_SupplyEEE
                0x0000000008007154        0xc ./Core/Src/main.o
                0x0000000008007154                vtable for PUTM_CAN::Device<PUTM_CAN::SF_Supply>
 .rodata._ZTVN8PUTM_CAN6DeviceINS_23SF_LegendaryDVAndSupplyEEE
                0x0000000008007160        0xc ./Core/Src/main.o
                0x0000000008007160                vtable for PUTM_CAN::Device<PUTM_CAN::SF_LegendaryDVAndSupply>
 .rodata._ZTVN8PUTM_CAN6DeviceINS_7SF_mainEEE
                0x000000000800716c        0xc ./Core/Src/main.o
                0x000000000800716c                vtable for PUTM_CAN::Device<PUTM_CAN::SF_main>
 .rodata._ZTVN8PUTM_CAN6DeviceINS_18Lap_timer_Lap_timeEEE
                0x0000000008007178        0xc ./Core/Src/main.o
                0x0000000008007178                vtable for PUTM_CAN::Device<PUTM_CAN::Lap_timer_Lap_time>
 .rodata._ZTVN8PUTM_CAN6DeviceINS_18Lap_timer_Acc_timeEEE
                0x0000000008007184        0xc ./Core/Src/main.o
                0x0000000008007184                vtable for PUTM_CAN::Device<PUTM_CAN::Lap_timer_Acc_time>
 .rodata._ZTVN8PUTM_CAN6DeviceINS_14Lap_timer_PassEEE
                0x0000000008007190        0xc ./Core/Src/main.o
                0x0000000008007190                vtable for PUTM_CAN::Device<PUTM_CAN::Lap_timer_Pass>
 .rodata._ZTVN8PUTM_CAN6DeviceINS_14Lap_timer_MainEEE
                0x000000000800719c        0xc ./Core/Src/main.o
                0x000000000800719c                vtable for PUTM_CAN::Device<PUTM_CAN::Lap_timer_Main>
 .rodata._ZTVN8PUTM_CAN6DeviceINS_25Dash_steering_wheel_angleEEE
                0x00000000080071a8        0xc ./Core/Src/main.o
                0x00000000080071a8                vtable for PUTM_CAN::Device<PUTM_CAN::Dash_steering_wheel_angle>
 .rodata._ZTVN8PUTM_CAN6DeviceINS_17Dash_lap_finishedEEE
                0x00000000080071b4        0xc ./Core/Src/main.o
                0x00000000080071b4                vtable for PUTM_CAN::Device<PUTM_CAN::Dash_lap_finished>
 .rodata._ZTVN8PUTM_CAN6DeviceINS_27Dash_steering_wheel_requestEEE
                0x00000000080071c0        0xc ./Core/Src/main.o
                0x00000000080071c0                vtable for PUTM_CAN::Device<PUTM_CAN::Dash_steering_wheel_request>
 .rodata._ZTVN8PUTM_CAN6DeviceINS_26Dash_Smart_Fuses_FAN_speedEEE
                0x00000000080071cc        0xc ./Core/Src/main.o
                0x00000000080071cc                vtable for PUTM_CAN::Device<PUTM_CAN::Dash_Smart_Fuses_FAN_speed>
 .rodata._ZTVN8PUTM_CAN6DeviceINS_8Dash_TCSEEE
                0x00000000080071d8        0xc ./Core/Src/main.o
                0x00000000080071d8                vtable for PUTM_CAN::Device<PUTM_CAN::Dash_TCS>
 .rodata._ZTVN8PUTM_CAN6DeviceINS_9Dash_MainEEE
                0x00000000080071e4        0xc ./Core/Src/main.o
                0x00000000080071e4                vtable for PUTM_CAN::Device<PUTM_CAN::Dash_Main>
 .rodata._ZTVN8PUTM_CAN6DeviceINS_18BMS_LV_temperatureEEE
                0x00000000080071f0        0xc ./Core/Src/main.o
                0x00000000080071f0                vtable for PUTM_CAN::Device<PUTM_CAN::BMS_LV_temperature>
 .rodata._ZTVN8PUTM_CAN6DeviceINS_11BMS_LV_mainEEE
                0x00000000080071fc        0xc ./Core/Src/main.o
                0x00000000080071fc                vtable for PUTM_CAN::Device<PUTM_CAN::BMS_LV_main>
 .rodata._ZTVN8PUTM_CAN6DeviceINS_11BMS_HV_mainEEE
                0x0000000008007208        0xc ./Core/Src/main.o
                0x0000000008007208                vtable for PUTM_CAN::Device<PUTM_CAN::BMS_HV_main>
 .rodata._ZTVN8PUTM_CAN6DeviceINS_12AQ_ts_buttonEEE
                0x0000000008007214        0xc ./Core/Src/main.o
                0x0000000008007214                vtable for PUTM_CAN::Device<PUTM_CAN::AQ_ts_button>
 .rodata._ZTVN8PUTM_CAN6DeviceINS_12AQ_gyroscopeEEE
                0x0000000008007220        0xc ./Core/Src/main.o
                0x0000000008007220                vtable for PUTM_CAN::Device<PUTM_CAN::AQ_gyroscope>
 .rodata._ZTVN8PUTM_CAN6DeviceINS_15AQ_accelerationEEE
                0x000000000800722c        0xc ./Core/Src/main.o
                0x000000000800722c                vtable for PUTM_CAN::Device<PUTM_CAN::AQ_acceleration>
 .rodata._ZTVN8PUTM_CAN6DeviceINS_7AQ_mainEEE
                0x0000000008007238        0xc ./Core/Src/main.o
                0x0000000008007238                vtable for PUTM_CAN::Device<PUTM_CAN::AQ_main>
 .rodata._ZTVN8PUTM_CAN6DeviceINS_9Apps_mainEEE
                0x0000000008007244        0xc ./Core/Src/main.o
                0x0000000008007244                vtable for PUTM_CAN::Device<PUTM_CAN::Apps_main>
 .rodata.AHBPrescTable
                0x0000000008007250       0x10 ./Core/Src/system_stm32l4xx.o
                0x0000000008007250                AHBPrescTable
 .rodata.MSIRangeTable
                0x0000000008007260       0x30 ./Core/Src/system_stm32l4xx.o
                0x0000000008007260                MSIRangeTable
 .rodata.bp     0x0000000008007290       0x10 /home/mateusz/st/stm32cubeide_1.9.0/plugins/com.st.stm32cube.ide.mcu.externaltools.gnu-tools-for-stm32.10.3-2021.10.linux64_1.0.0.202111181127/tools/bin/../lib/gcc/arm-none-eabi/10.3.1/../../../../arm-none-eabi/lib/thumb/v7e-m+fp/hard/libm.a(lib_a-e_pow.o)
 .rodata.dp_h   0x00000000080072a0       0x10 /home/mateusz/st/stm32cubeide_1.9.0/plugins/com.st.stm32cube.ide.mcu.externaltools.gnu-tools-for-stm32.10.3-2021.10.linux64_1.0.0.202111181127/tools/bin/../lib/gcc/arm-none-eabi/10.3.1/../../../../arm-none-eabi/lib/thumb/v7e-m+fp/hard/libm.a(lib_a-e_pow.o)
 .rodata.dp_l   0x00000000080072b0       0x10 /home/mateusz/st/stm32cubeide_1.9.0/plugins/com.st.stm32cube.ide.mcu.externaltools.gnu-tools-for-stm32.10.3-2021.10.linux64_1.0.0.202111181127/tools/bin/../lib/gcc/arm-none-eabi/10.3.1/../../../../arm-none-eabi/lib/thumb/v7e-m+fp/hard/libm.a(lib_a-e_pow.o)
                0x00000000080072c0                . = ALIGN (0x4)

.rel.dyn        0x00000000080072c0        0x0
 .rel.iplt      0x00000000080072c0        0x0 /home/mateusz/st/stm32cubeide_1.9.0/plugins/com.st.stm32cube.ide.mcu.externaltools.gnu-tools-for-stm32.10.3-2021.10.linux64_1.0.0.202111181127/tools/bin/../lib/gcc/arm-none-eabi/10.3.1/thumb/v7e-m+fp/hard/crtbegin.o

.ARM.extab      0x00000000080072c0        0x0
                0x00000000080072c0                . = ALIGN (0x4)
 *(.ARM.extab* .gnu.linkonce.armextab.*)
                0x00000000080072c0                . = ALIGN (0x4)

.ARM            0x00000000080072c0        0x0
                0x00000000080072c0                . = ALIGN (0x4)
                0x00000000080072c0                __exidx_start = .
 *(.ARM.exidx*)
                0x00000000080072c0                __exidx_end = .
                0x00000000080072c0                . = ALIGN (0x4)

.preinit_array  0x00000000080072c0        0x0
                0x00000000080072c0                . = ALIGN (0x4)
                0x00000000080072c0                PROVIDE (__preinit_array_start = .)
 *(.preinit_array*)
                0x00000000080072c0                PROVIDE (__preinit_array_end = .)
                0x00000000080072c0                . = ALIGN (0x4)

.init_array     0x00000000080072c0        0x4
                0x00000000080072c0                . = ALIGN (0x4)
                0x00000000080072c0                PROVIDE (__init_array_start = .)
 *(SORT_BY_NAME(.init_array.*))
 *(.init_array*)
 .init_array    0x00000000080072c0        0x4 /home/mateusz/st/stm32cubeide_1.9.0/plugins/com.st.stm32cube.ide.mcu.externaltools.gnu-tools-for-stm32.10.3-2021.10.linux64_1.0.0.202111181127/tools/bin/../lib/gcc/arm-none-eabi/10.3.1/thumb/v7e-m+fp/hard/crtbegin.o
                0x00000000080072c4                PROVIDE (__init_array_end = .)
                0x00000000080072c4                . = ALIGN (0x4)

.fini_array     0x00000000080072c4        0x4
                0x00000000080072c4                . = ALIGN (0x4)
                [!provide]                        PROVIDE (__fini_array_start = .)
 *(SORT_BY_NAME(.fini_array.*))
 *(.fini_array*)
 .fini_array    0x00000000080072c4        0x4 /home/mateusz/st/stm32cubeide_1.9.0/plugins/com.st.stm32cube.ide.mcu.externaltools.gnu-tools-for-stm32.10.3-2021.10.linux64_1.0.0.202111181127/tools/bin/../lib/gcc/arm-none-eabi/10.3.1/thumb/v7e-m+fp/hard/crtbegin.o
                [!provide]                        PROVIDE (__fini_array_end = .)
                0x00000000080072c8                . = ALIGN (0x4)
                0x00000000080072c8                _sidata = LOADADDR (.data)

.data           0x0000000020000000      0x294 load address 0x00000000080072c8
                0x0000000020000000                . = ALIGN (0x4)
                0x0000000020000000                _sdata = .
 *(.data)
 *(.data*)
 .data._ZN8PUTM_CAN3canE
                0x0000000020000000      0x224 ./Core/Src/main.o
                0x0000000020000000                PUTM_CAN::can
 .data.SystemCoreClock
                0x0000000020000224        0x4 ./Core/Src/system_stm32l4xx.o
                0x0000000020000224                SystemCoreClock
 .data.uwTickPrio
                0x0000000020000228        0x4 ./Drivers/STM32L4xx_HAL_Driver/Src/stm32l4xx_hal.o
                0x0000000020000228                uwTickPrio
 .data.uwTickFreq
                0x000000002000022c        0x1 ./Drivers/STM32L4xx_HAL_Driver/Src/stm32l4xx_hal.o
                0x000000002000022c                uwTickFreq
 *fill*         0x000000002000022d        0x3 
 .data._impure_ptr
                0x0000000020000230        0x4 /home/mateusz/st/stm32cubeide_1.9.0/plugins/com.st.stm32cube.ide.mcu.externaltools.gnu-tools-for-stm32.10.3-2021.10.linux64_1.0.0.202111181127/tools/bin/../lib/gcc/arm-none-eabi/10.3.1/../../../../arm-none-eabi/lib/thumb/v7e-m+fp/hard/libc_nano.a(lib_a-impure.o)
                0x0000000020000230                _impure_ptr
 .data.impure_data
                0x0000000020000234       0x60 /home/mateusz/st/stm32cubeide_1.9.0/plugins/com.st.stm32cube.ide.mcu.externaltools.gnu-tools-for-stm32.10.3-2021.10.linux64_1.0.0.202111181127/tools/bin/../lib/gcc/arm-none-eabi/10.3.1/../../../../arm-none-eabi/lib/thumb/v7e-m+fp/hard/libc_nano.a(lib_a-impure.o)
 *(.RamFunc)
 *(.RamFunc*)
                0x0000000020000294                . = ALIGN (0x4)
                0x0000000020000294                _edata = .

.igot.plt       0x0000000020000294        0x0 load address 0x000000000800755c
 .igot.plt      0x0000000020000294        0x0 /home/mateusz/st/stm32cubeide_1.9.0/plugins/com.st.stm32cube.ide.mcu.externaltools.gnu-tools-for-stm32.10.3-2021.10.linux64_1.0.0.202111181127/tools/bin/../lib/gcc/arm-none-eabi/10.3.1/thumb/v7e-m+fp/hard/crtbegin.o
                0x0000000020000294                . = ALIGN (0x4)

.bss            0x0000000020000294      0x330 load address 0x000000000800755c
                0x0000000020000294                _sbss = .
                0x0000000020000294                __bss_start__ = _sbss
 *(.bss)
 .bss           0x0000000020000294       0x1c /home/mateusz/st/stm32cubeide_1.9.0/plugins/com.st.stm32cube.ide.mcu.externaltools.gnu-tools-for-stm32.10.3-2021.10.linux64_1.0.0.202111181127/tools/bin/../lib/gcc/arm-none-eabi/10.3.1/thumb/v7e-m+fp/hard/crtbegin.o
 *(.bss*)
 .bss._ZZ17MLX90621_I2CWritehhhtE9dataCheck
                0x00000000200002b0        0x2 ./Core/Src/MLX90621_I2C_Driver.o
 *fill*         0x00000000200002b2        0x2 
 .bss.hcan1     0x00000000200002b4       0x28 ./Core/Src/can.o
                0x00000000200002b4                hcan1
 .bss.hi2c2     0x00000000200002dc       0x54 ./Core/Src/i2c.o
                0x00000000200002dc                hi2c2
 .bss._ZZ4mainE10eeMLX90621
                0x0000000020000330      0x100 ./Core/Src/main.o
 .bss._ZZ4mainE13mlx90621Frame
                0x0000000020000430       0x84 ./Core/Src/main.o
 .bss._ZZ4mainE10mlx90621To
                0x00000000200004b4      0x100 ./Core/Src/main.o
 .bss._ZZ4mainE17mlx90621ToAverage
                0x00000000200005b4        0x8 ./Core/Src/main.o
 .bss._ZZN8PUTM_CAN14Can_tx_messageINS_14WheelTemp_mainEE4sendER19__CAN_HandleTypeDefE9TxMailbox
                0x00000000200005bc        0x4 ./Core/Src/main.o
                0x00000000200005bc                PUTM_CAN::Can_tx_message<PUTM_CAN::WheelTemp_main>::send(__CAN_HandleTypeDef&)::TxMailbox
 .bss.uwTick    0x00000000200005c0        0x4 ./Drivers/STM32L4xx_HAL_Driver/Src/stm32l4xx_hal.o
                0x00000000200005c0                uwTick
 *(COMMON)
                0x00000000200005c4                . = ALIGN (0x4)
                0x00000000200005c4                _ebss = .
                0x00000000200005c4                __bss_end__ = _ebss

._user_heap_stack
                0x00000000200005c4      0x604 load address 0x000000000800755c
                0x00000000200005c8                . = ALIGN (0x8)
 *fill*         0x00000000200005c4        0x4 
                [!provide]                        PROVIDE (end = .)
                0x00000000200005c8                PROVIDE (_end = .)
                0x00000000200007c8                . = (. + _Min_Heap_Size)
 *fill*         0x00000000200005c8      0x200 
                0x0000000020000bc8                . = (. + _Min_Stack_Size)
 *fill*         0x00000000200007c8      0x400 
                0x0000000020000bc8                . = ALIGN (0x8)

/DISCARD/
 libc.a(*)
 libm.a(*)
 libgcc.a(*)

.ARM.attributes
                0x0000000000000000       0x30
 *(.ARM.attributes)
 .ARM.attributes
                0x0000000000000000       0x1e /home/mateusz/st/stm32cubeide_1.9.0/plugins/com.st.stm32cube.ide.mcu.externaltools.gnu-tools-for-stm32.10.3-2021.10.linux64_1.0.0.202111181127/tools/bin/../lib/gcc/arm-none-eabi/10.3.1/thumb/v7e-m+fp/hard/crti.o
 .ARM.attributes
                0x000000000000001e       0x34 /home/mateusz/st/stm32cubeide_1.9.0/plugins/com.st.stm32cube.ide.mcu.externaltools.gnu-tools-for-stm32.10.3-2021.10.linux64_1.0.0.202111181127/tools/bin/../lib/gcc/arm-none-eabi/10.3.1/thumb/v7e-m+fp/hard/crtbegin.o
 .ARM.attributes
                0x0000000000000052       0x34 ./Core/Src/MLX90621_API.o
 .ARM.attributes
                0x0000000000000086       0x34 ./Core/Src/MLX90621_I2C_Driver.o
 .ARM.attributes
                0x00000000000000ba       0x34 ./Core/Src/can.o
 .ARM.attributes
                0x00000000000000ee       0x34 ./Core/Src/gpio.o
 .ARM.attributes
                0x0000000000000122       0x34 ./Core/Src/i2c.o
 .ARM.attributes
                0x0000000000000156       0x34 ./Core/Src/main.o
 .ARM.attributes
                0x000000000000018a       0x34 ./Core/Src/stm32l4xx_hal_msp.o
 .ARM.attributes
                0x00000000000001be       0x34 ./Core/Src/stm32l4xx_it.o
 .ARM.attributes
                0x00000000000001f2       0x34 ./Core/Src/system_stm32l4xx.o
 .ARM.attributes
                0x0000000000000226       0x21 ./Core/Startup/startup_stm32l4p5retx.o
 .ARM.attributes
                0x0000000000000247       0x34 ./Drivers/STM32L4xx_HAL_Driver/Src/stm32l4xx_hal.o
 .ARM.attributes
                0x000000000000027b       0x34 ./Drivers/STM32L4xx_HAL_Driver/Src/stm32l4xx_hal_can.o
 .ARM.attributes
                0x00000000000002af       0x34 ./Drivers/STM32L4xx_HAL_Driver/Src/stm32l4xx_hal_cortex.o
 .ARM.attributes
                0x00000000000002e3       0x34 ./Drivers/STM32L4xx_HAL_Driver/Src/stm32l4xx_hal_gpio.o
 .ARM.attributes
                0x0000000000000317       0x34 ./Drivers/STM32L4xx_HAL_Driver/Src/stm32l4xx_hal_i2c.o
 .ARM.attributes
                0x000000000000034b       0x34 ./Drivers/STM32L4xx_HAL_Driver/Src/stm32l4xx_hal_i2c_ex.o
 .ARM.attributes
                0x000000000000037f       0x34 ./Drivers/STM32L4xx_HAL_Driver/Src/stm32l4xx_hal_pwr_ex.o
 .ARM.attributes
                0x00000000000003b3       0x34 ./Drivers/STM32L4xx_HAL_Driver/Src/stm32l4xx_hal_rcc.o
 .ARM.attributes
                0x00000000000003e7       0x34 ./Drivers/STM32L4xx_HAL_Driver/Src/stm32l4xx_hal_rcc_ex.o
 .ARM.attributes
                0x000000000000041b       0x34 /home/mateusz/st/stm32cubeide_1.9.0/plugins/com.st.stm32cube.ide.mcu.externaltools.gnu-tools-for-stm32.10.3-2021.10.linux64_1.0.0.202111181127/tools/bin/../lib/gcc/arm-none-eabi/10.3.1/../../../../arm-none-eabi/lib/thumb/v7e-m+fp/hard/libm.a(lib_a-w_pow.o)
 .ARM.attributes
                0x000000000000044f       0x34 /home/mateusz/st/stm32cubeide_1.9.0/plugins/com.st.stm32cube.ide.mcu.externaltools.gnu-tools-for-stm32.10.3-2021.10.linux64_1.0.0.202111181127/tools/bin/../lib/gcc/arm-none-eabi/10.3.1/../../../../arm-none-eabi/lib/thumb/v7e-m+fp/hard/libm.a(lib_a-wf_sqrt.o)
 .ARM.attributes
                0x0000000000000483       0x34 /home/mateusz/st/stm32cubeide_1.9.0/plugins/com.st.stm32cube.ide.mcu.externaltools.gnu-tools-for-stm32.10.3-2021.10.linux64_1.0.0.202111181127/tools/bin/../lib/gcc/arm-none-eabi/10.3.1/../../../../arm-none-eabi/lib/thumb/v7e-m+fp/hard/libm.a(lib_a-e_pow.o)
 .ARM.attributes
                0x00000000000004b7       0x34 /home/mateusz/st/stm32cubeide_1.9.0/plugins/com.st.stm32cube.ide.mcu.externaltools.gnu-tools-for-stm32.10.3-2021.10.linux64_1.0.0.202111181127/tools/bin/../lib/gcc/arm-none-eabi/10.3.1/../../../../arm-none-eabi/lib/thumb/v7e-m+fp/hard/libm.a(lib_a-e_sqrt.o)
 .ARM.attributes
                0x00000000000004eb       0x34 /home/mateusz/st/stm32cubeide_1.9.0/plugins/com.st.stm32cube.ide.mcu.externaltools.gnu-tools-for-stm32.10.3-2021.10.linux64_1.0.0.202111181127/tools/bin/../lib/gcc/arm-none-eabi/10.3.1/../../../../arm-none-eabi/lib/thumb/v7e-m+fp/hard/libm.a(lib_a-ef_sqrt.o)
 .ARM.attributes
                0x000000000000051f       0x34 /home/mateusz/st/stm32cubeide_1.9.0/plugins/com.st.stm32cube.ide.mcu.externaltools.gnu-tools-for-stm32.10.3-2021.10.linux64_1.0.0.202111181127/tools/bin/../lib/gcc/arm-none-eabi/10.3.1/../../../../arm-none-eabi/lib/thumb/v7e-m+fp/hard/libm.a(lib_a-math_err.o)
 .ARM.attributes
                0x0000000000000553       0x34 /home/mateusz/st/stm32cubeide_1.9.0/plugins/com.st.stm32cube.ide.mcu.externaltools.gnu-tools-for-stm32.10.3-2021.10.linux64_1.0.0.202111181127/tools/bin/../lib/gcc/arm-none-eabi/10.3.1/../../../../arm-none-eabi/lib/thumb/v7e-m+fp/hard/libm.a(lib_a-s_fabs.o)
 .ARM.attributes
                0x0000000000000587       0x34 /home/mateusz/st/stm32cubeide_1.9.0/plugins/com.st.stm32cube.ide.mcu.externaltools.gnu-tools-for-stm32.10.3-2021.10.linux64_1.0.0.202111181127/tools/bin/../lib/gcc/arm-none-eabi/10.3.1/../../../../arm-none-eabi/lib/thumb/v7e-m+fp/hard/libm.a(lib_a-s_finite.o)
 .ARM.attributes
                0x00000000000005bb       0x34 /home/mateusz/st/stm32cubeide_1.9.0/plugins/com.st.stm32cube.ide.mcu.externaltools.gnu-tools-for-stm32.10.3-2021.10.linux64_1.0.0.202111181127/tools/bin/../lib/gcc/arm-none-eabi/10.3.1/../../../../arm-none-eabi/lib/thumb/v7e-m+fp/hard/libm.a(lib_a-s_scalbn.o)
 .ARM.attributes
                0x00000000000005ef       0x34 /home/mateusz/st/stm32cubeide_1.9.0/plugins/com.st.stm32cube.ide.mcu.externaltools.gnu-tools-for-stm32.10.3-2021.10.linux64_1.0.0.202111181127/tools/bin/../lib/gcc/arm-none-eabi/10.3.1/../../../../arm-none-eabi/lib/thumb/v7e-m+fp/hard/libc_nano.a(lib_a-errno.o)
 .ARM.attributes
                0x0000000000000623       0x34 /home/mateusz/st/stm32cubeide_1.9.0/plugins/com.st.stm32cube.ide.mcu.externaltools.gnu-tools-for-stm32.10.3-2021.10.linux64_1.0.0.202111181127/tools/bin/../lib/gcc/arm-none-eabi/10.3.1/../../../../arm-none-eabi/lib/thumb/v7e-m+fp/hard/libc_nano.a(lib_a-impure.o)
 .ARM.attributes
                0x0000000000000657       0x34 /home/mateusz/st/stm32cubeide_1.9.0/plugins/com.st.stm32cube.ide.mcu.externaltools.gnu-tools-for-stm32.10.3-2021.10.linux64_1.0.0.202111181127/tools/bin/../lib/gcc/arm-none-eabi/10.3.1/../../../../arm-none-eabi/lib/thumb/v7e-m+fp/hard/libc_nano.a(lib_a-init.o)
 .ARM.attributes
                0x000000000000068b       0x34 /home/mateusz/st/stm32cubeide_1.9.0/plugins/com.st.stm32cube.ide.mcu.externaltools.gnu-tools-for-stm32.10.3-2021.10.linux64_1.0.0.202111181127/tools/bin/../lib/gcc/arm-none-eabi/10.3.1/../../../../arm-none-eabi/lib/thumb/v7e-m+fp/hard/libc_nano.a(lib_a-memcpy-stub.o)
 .ARM.attributes
                0x00000000000006bf       0x34 /home/mateusz/st/stm32cubeide_1.9.0/plugins/com.st.stm32cube.ide.mcu.externaltools.gnu-tools-for-stm32.10.3-2021.10.linux64_1.0.0.202111181127/tools/bin/../lib/gcc/arm-none-eabi/10.3.1/../../../../arm-none-eabi/lib/thumb/v7e-m+fp/hard/libc_nano.a(lib_a-memset.o)
 .ARM.attributes
                0x00000000000006f3       0x1e /home/mateusz/st/stm32cubeide_1.9.0/plugins/com.st.stm32cube.ide.mcu.externaltools.gnu-tools-for-stm32.10.3-2021.10.linux64_1.0.0.202111181127/tools/bin/../lib/gcc/arm-none-eabi/10.3.1/thumb/v7e-m+fp/hard/libgcc.a(_arm_addsubdf3.o)
 .ARM.attributes
                0x0000000000000711       0x1e /home/mateusz/st/stm32cubeide_1.9.0/plugins/com.st.stm32cube.ide.mcu.externaltools.gnu-tools-for-stm32.10.3-2021.10.linux64_1.0.0.202111181127/tools/bin/../lib/gcc/arm-none-eabi/10.3.1/thumb/v7e-m+fp/hard/libgcc.a(_arm_muldivdf3.o)
 .ARM.attributes
                0x000000000000072f       0x1e /home/mateusz/st/stm32cubeide_1.9.0/plugins/com.st.stm32cube.ide.mcu.externaltools.gnu-tools-for-stm32.10.3-2021.10.linux64_1.0.0.202111181127/tools/bin/../lib/gcc/arm-none-eabi/10.3.1/thumb/v7e-m+fp/hard/libgcc.a(_arm_cmpdf2.o)
 .ARM.attributes
                0x000000000000074d       0x1e /home/mateusz/st/stm32cubeide_1.9.0/plugins/com.st.stm32cube.ide.mcu.externaltools.gnu-tools-for-stm32.10.3-2021.10.linux64_1.0.0.202111181127/tools/bin/../lib/gcc/arm-none-eabi/10.3.1/thumb/v7e-m+fp/hard/libgcc.a(_arm_unorddf2.o)
 .ARM.attributes
                0x000000000000076b       0x1e /home/mateusz/st/stm32cubeide_1.9.0/plugins/com.st.stm32cube.ide.mcu.externaltools.gnu-tools-for-stm32.10.3-2021.10.linux64_1.0.0.202111181127/tools/bin/../lib/gcc/arm-none-eabi/10.3.1/thumb/v7e-m+fp/hard/libgcc.a(_arm_truncdfsf2.o)
 .ARM.attributes
                0x0000000000000789       0x1e /home/mateusz/st/stm32cubeide_1.9.0/plugins/com.st.stm32cube.ide.mcu.externaltools.gnu-tools-for-stm32.10.3-2021.10.linux64_1.0.0.202111181127/tools/bin/../lib/gcc/arm-none-eabi/10.3.1/thumb/v7e-m+fp/hard/crtn.o
OUTPUT(Tire_Temperature_Sensor.elf elf32-littlearm)
LOAD linker stubs
LOAD /home/mateusz/st/stm32cubeide_1.9.0/plugins/com.st.stm32cube.ide.mcu.externaltools.gnu-tools-for-stm32.10.3-2021.10.linux64_1.0.0.202111181127/tools/bin/../lib/gcc/arm-none-eabi/10.3.1/../../../../arm-none-eabi/lib/thumb/v7e-m+fp/hard/libc.a
LOAD /home/mateusz/st/stm32cubeide_1.9.0/plugins/com.st.stm32cube.ide.mcu.externaltools.gnu-tools-for-stm32.10.3-2021.10.linux64_1.0.0.202111181127/tools/bin/../lib/gcc/arm-none-eabi/10.3.1/../../../../arm-none-eabi/lib/thumb/v7e-m+fp/hard/libm.a
LOAD /home/mateusz/st/stm32cubeide_1.9.0/plugins/com.st.stm32cube.ide.mcu.externaltools.gnu-tools-for-stm32.10.3-2021.10.linux64_1.0.0.202111181127/tools/bin/../lib/gcc/arm-none-eabi/10.3.1/thumb/v7e-m+fp/hard/libgcc.a

.debug_info     0x0000000000000000    0x1551d
 .debug_info    0x0000000000000000     0x2670 ./Core/Src/MLX90621_API.o
 .debug_info    0x0000000000002670      0xaa4 ./Core/Src/MLX90621_I2C_Driver.o
 .debug_info    0x0000000000003114      0xc12 ./Core/Src/can.o
 .debug_info    0x0000000000003d26      0x519 ./Core/Src/gpio.o
 .debug_info    0x000000000000423f      0xe8e ./Core/Src/i2c.o
 .debug_info    0x00000000000050cd     0x67ce ./Core/Src/main.o
 .debug_info    0x000000000000b89b      0x340 ./Core/Src/stm32l4xx_hal_msp.o
 .debug_info    0x000000000000bbdb      0x57a ./Core/Src/stm32l4xx_it.o
 .debug_info    0x000000000000c155      0x5fe ./Core/Src/system_stm32l4xx.o
 .debug_info    0x000000000000c753       0x22 ./Core/Startup/startup_stm32l4p5retx.o
 .debug_info    0x000000000000c775      0xb99 ./Drivers/STM32L4xx_HAL_Driver/Src/stm32l4xx_hal.o
 .debug_info    0x000000000000d30e     0x1038 ./Drivers/STM32L4xx_HAL_Driver/Src/stm32l4xx_hal_can.o
 .debug_info    0x000000000000e346      0xe3f ./Drivers/STM32L4xx_HAL_Driver/Src/stm32l4xx_hal_cortex.o
 .debug_info    0x000000000000f185      0x859 ./Drivers/STM32L4xx_HAL_Driver/Src/stm32l4xx_hal_gpio.o
 .debug_info    0x000000000000f9de     0x24a4 ./Drivers/STM32L4xx_HAL_Driver/Src/stm32l4xx_hal_i2c.o
 .debug_info    0x0000000000011e82      0xba5 ./Drivers/STM32L4xx_HAL_Driver/Src/stm32l4xx_hal_i2c_ex.o
 .debug_info    0x0000000000012a27      0xa84 ./Drivers/STM32L4xx_HAL_Driver/Src/stm32l4xx_hal_pwr_ex.o
 .debug_info    0x00000000000134ab      0xe72 ./Drivers/STM32L4xx_HAL_Driver/Src/stm32l4xx_hal_rcc.o
 .debug_info    0x000000000001431d     0x1200 ./Drivers/STM32L4xx_HAL_Driver/Src/stm32l4xx_hal_rcc_ex.o

.debug_abbrev   0x0000000000000000     0x2b32
 .debug_abbrev  0x0000000000000000      0x47a ./Core/Src/MLX90621_API.o
 .debug_abbrev  0x000000000000047a      0x1c5 ./Core/Src/MLX90621_I2C_Driver.o
 .debug_abbrev  0x000000000000063f      0x20a ./Core/Src/can.o
 .debug_abbrev  0x0000000000000849      0x146 ./Core/Src/gpio.o
 .debug_abbrev  0x000000000000098f      0x202 ./Core/Src/i2c.o
 .debug_abbrev  0x0000000000000b91      0x71a ./Core/Src/main.o
 .debug_abbrev  0x00000000000012ab       0xc2 ./Core/Src/stm32l4xx_hal_msp.o
 .debug_abbrev  0x000000000000136d      0x192 ./Core/Src/stm32l4xx_it.o
 .debug_abbrev  0x00000000000014ff      0x116 ./Core/Src/system_stm32l4xx.o
 .debug_abbrev  0x0000000000001615       0x12 ./Core/Startup/startup_stm32l4p5retx.o
 .debug_abbrev  0x0000000000001627      0x23a ./Drivers/STM32L4xx_HAL_Driver/Src/stm32l4xx_hal.o
 .debug_abbrev  0x0000000000001861      0x26c ./Drivers/STM32L4xx_HAL_Driver/Src/stm32l4xx_hal_can.o
 .debug_abbrev  0x0000000000001acd      0x316 ./Drivers/STM32L4xx_HAL_Driver/Src/stm32l4xx_hal_cortex.o
 .debug_abbrev  0x0000000000001de3      0x1bb ./Drivers/STM32L4xx_HAL_Driver/Src/stm32l4xx_hal_gpio.o
 .debug_abbrev  0x0000000000001f9e      0x243 ./Drivers/STM32L4xx_HAL_Driver/Src/stm32l4xx_hal_i2c.o
 .debug_abbrev  0x00000000000021e1      0x1b0 ./Drivers/STM32L4xx_HAL_Driver/Src/stm32l4xx_hal_i2c_ex.o
 .debug_abbrev  0x0000000000002391      0x1f3 ./Drivers/STM32L4xx_HAL_Driver/Src/stm32l4xx_hal_pwr_ex.o
 .debug_abbrev  0x0000000000002584      0x315 ./Drivers/STM32L4xx_HAL_Driver/Src/stm32l4xx_hal_rcc.o
 .debug_abbrev  0x0000000000002899      0x299 ./Drivers/STM32L4xx_HAL_Driver/Src/stm32l4xx_hal_rcc_ex.o

.debug_aranges  0x0000000000000000      0xdf0
 .debug_aranges
                0x0000000000000000       0xc8 ./Core/Src/MLX90621_API.o
 .debug_aranges
                0x00000000000000c8       0x40 ./Core/Src/MLX90621_I2C_Driver.o
 .debug_aranges
                0x0000000000000108       0x30 ./Core/Src/can.o
 .debug_aranges
                0x0000000000000138       0x20 ./Core/Src/gpio.o
 .debug_aranges
                0x0000000000000158       0x30 ./Core/Src/i2c.o
 .debug_aranges
                0x0000000000000188      0x190 ./Core/Src/main.o
 .debug_aranges
                0x0000000000000318       0x20 ./Core/Src/stm32l4xx_hal_msp.o
 .debug_aranges
                0x0000000000000338       0x70 ./Core/Src/stm32l4xx_it.o
 .debug_aranges
                0x00000000000003a8       0x28 ./Core/Src/system_stm32l4xx.o
 .debug_aranges
                0x00000000000003d0       0x28 ./Core/Startup/startup_stm32l4p5retx.o
 .debug_aranges
                0x00000000000003f8      0x130 ./Drivers/STM32L4xx_HAL_Driver/Src/stm32l4xx_hal.o
 .debug_aranges
                0x0000000000000528      0x138 ./Drivers/STM32L4xx_HAL_Driver/Src/stm32l4xx_hal_can.o
 .debug_aranges
                0x0000000000000660      0x118 ./Drivers/STM32L4xx_HAL_Driver/Src/stm32l4xx_hal_cortex.o
 .debug_aranges
                0x0000000000000778       0x58 ./Drivers/STM32L4xx_HAL_Driver/Src/stm32l4xx_hal_gpio.o
 .debug_aranges
                0x00000000000007d0      0x2b0 ./Drivers/STM32L4xx_HAL_Driver/Src/stm32l4xx_hal_i2c.o
 .debug_aranges
                0x0000000000000a80       0x48 ./Drivers/STM32L4xx_HAL_Driver/Src/stm32l4xx_hal_i2c_ex.o
 .debug_aranges
                0x0000000000000ac8      0x180 ./Drivers/STM32L4xx_HAL_Driver/Src/stm32l4xx_hal_pwr_ex.o
 .debug_aranges
                0x0000000000000c48       0x98 ./Drivers/STM32L4xx_HAL_Driver/Src/stm32l4xx_hal_rcc.o
 .debug_aranges
                0x0000000000000ce0      0x110 ./Drivers/STM32L4xx_HAL_Driver/Src/stm32l4xx_hal_rcc_ex.o

.debug_ranges   0x0000000000000000      0xcc8
 .debug_ranges  0x0000000000000000       0xb8 ./Core/Src/MLX90621_API.o
 .debug_ranges  0x00000000000000b8       0x30 ./Core/Src/MLX90621_I2C_Driver.o
 .debug_ranges  0x00000000000000e8       0x20 ./Core/Src/can.o
 .debug_ranges  0x0000000000000108       0x10 ./Core/Src/gpio.o
 .debug_ranges  0x0000000000000118       0x20 ./Core/Src/i2c.o
 .debug_ranges  0x0000000000000138      0x180 ./Core/Src/main.o
 .debug_ranges  0x00000000000002b8       0x10 ./Core/Src/stm32l4xx_hal_msp.o
 .debug_ranges  0x00000000000002c8       0x60 ./Core/Src/stm32l4xx_it.o
 .debug_ranges  0x0000000000000328       0x18 ./Core/Src/system_stm32l4xx.o
 .debug_ranges  0x0000000000000340       0x20 ./Core/Startup/startup_stm32l4p5retx.o
 .debug_ranges  0x0000000000000360      0x120 ./Drivers/STM32L4xx_HAL_Driver/Src/stm32l4xx_hal.o
 .debug_ranges  0x0000000000000480      0x128 ./Drivers/STM32L4xx_HAL_Driver/Src/stm32l4xx_hal_can.o
 .debug_ranges  0x00000000000005a8      0x108 ./Drivers/STM32L4xx_HAL_Driver/Src/stm32l4xx_hal_cortex.o
 .debug_ranges  0x00000000000006b0       0x48 ./Drivers/STM32L4xx_HAL_Driver/Src/stm32l4xx_hal_gpio.o
 .debug_ranges  0x00000000000006f8      0x2a0 ./Drivers/STM32L4xx_HAL_Driver/Src/stm32l4xx_hal_i2c.o
 .debug_ranges  0x0000000000000998       0x38 ./Drivers/STM32L4xx_HAL_Driver/Src/stm32l4xx_hal_i2c_ex.o
 .debug_ranges  0x00000000000009d0      0x170 ./Drivers/STM32L4xx_HAL_Driver/Src/stm32l4xx_hal_pwr_ex.o
 .debug_ranges  0x0000000000000b40       0x88 ./Drivers/STM32L4xx_HAL_Driver/Src/stm32l4xx_hal_rcc.o
 .debug_ranges  0x0000000000000bc8      0x100 ./Drivers/STM32L4xx_HAL_Driver/Src/stm32l4xx_hal_rcc_ex.o

.debug_macro    0x0000000000000000    0x2e980
 .debug_macro   0x0000000000000000      0x391 ./Core/Src/MLX90621_API.o
 .debug_macro   0x0000000000000391      0xc10 ./Core/Src/MLX90621_API.o
 .debug_macro   0x0000000000000fa1       0x1c ./Core/Src/MLX90621_API.o
 .debug_macro   0x0000000000000fbd       0x22 ./Core/Src/MLX90621_API.o
 .debug_macro   0x0000000000000fdf       0x56 ./Core/Src/MLX90621_API.o
 .debug_macro   0x0000000000001035       0x51 ./Core/Src/MLX90621_API.o
 .debug_macro   0x0000000000001086      0x103 ./Core/Src/MLX90621_API.o
 .debug_macro   0x0000000000001189       0x6a ./Core/Src/MLX90621_API.o
 .debug_macro   0x00000000000011f3      0x1df ./Core/Src/MLX90621_API.o
 .debug_macro   0x00000000000013d2       0x10 ./Core/Src/MLX90621_API.o
 .debug_macro   0x00000000000013e2      0x18a ./Core/Src/MLX90621_API.o
 .debug_macro   0x000000000000156c       0x10 ./Core/Src/MLX90621_API.o
 .debug_macro   0x000000000000157c       0xba ./Core/Src/MLX90621_API.o
 .debug_macro   0x0000000000001636       0xf7 ./Core/Src/MLX90621_API.o
 .debug_macro   0x000000000000172d      0x34c ./Core/Src/MLX90621_API.o
 .debug_macro   0x0000000000001a79       0x18 ./Core/Src/MLX90621_API.o
 .debug_macro   0x0000000000001a91       0x52 ./Core/Src/MLX90621_API.o
 .debug_macro   0x0000000000001ae3       0x1e ./Core/Src/MLX90621_API.o
 .debug_macro   0x0000000000001b01       0x3c ./Core/Src/MLX90621_API.o
 .debug_macro   0x0000000000001b3d       0x34 ./Core/Src/MLX90621_API.o
 .debug_macro   0x0000000000001b71      0x17b ./Core/Src/MLX90621_API.o
 .debug_macro   0x0000000000001cec       0x16 ./Core/Src/MLX90621_API.o
 .debug_macro   0x0000000000001d02       0x43 ./Core/Src/MLX90621_API.o
 .debug_macro   0x0000000000001d45       0x34 ./Core/Src/MLX90621_API.o
 .debug_macro   0x0000000000001d79       0x10 ./Core/Src/MLX90621_API.o
 .debug_macro   0x0000000000001d89       0x58 ./Core/Src/MLX90621_API.o
 .debug_macro   0x0000000000001de1       0x71 ./Core/Src/MLX90621_API.o
 .debug_macro   0x0000000000001e52       0x16 ./Core/Src/MLX90621_API.o
 .debug_macro   0x0000000000001e68      0x12a ./Core/Src/MLX90621_API.o
 .debug_macro   0x0000000000001f92      0x364 ./Core/Src/MLX90621_API.o
 .debug_macro   0x00000000000022f6       0xe5 ./Core/Src/MLX90621_API.o
 .debug_macro   0x00000000000023db       0x10 ./Core/Src/MLX90621_API.o
 .debug_macro   0x00000000000023eb       0x16 ./Core/Src/MLX90621_API.o
 .debug_macro   0x0000000000002401       0x35 ./Core/Src/MLX90621_API.o
 .debug_macro   0x0000000000002436       0x22 ./Core/Src/MLX90621_API.o
 .debug_macro   0x0000000000002458       0x10 ./Core/Src/MLX90621_API.o
 .debug_macro   0x0000000000002468      0x3d5 ./Core/Src/MLX90621_API.o
 .debug_macro   0x000000000000283d       0x16 ./Core/Src/MLX90621_API.o
 .debug_macro   0x0000000000002853       0x1c ./Core/Src/MLX90621_API.o
 .debug_macro   0x000000000000286f       0x4f ./Core/Src/MLX90621_API.o
 .debug_macro   0x00000000000028be       0x94 ./Core/Src/MLX90621_API.o
 .debug_macro   0x0000000000002952       0x19 ./Core/Src/MLX90621_API.o
 .debug_macro   0x000000000000296b       0x10 ./Core/Src/MLX90621_API.o
 .debug_macro   0x000000000000297b       0x17 ./Core/Src/MLX90621_API.o
 .debug_macro   0x0000000000002992       0x10 ./Core/Src/MLX90621_API.o
 .debug_macro   0x00000000000029a2       0x28 ./Core/Src/MLX90621_API.o
 .debug_macro   0x00000000000029ca       0x2e ./Core/Src/MLX90621_API.o
 .debug_macro   0x00000000000029f8       0x16 ./Core/Src/MLX90621_API.o
 .debug_macro   0x0000000000002a0e       0x10 ./Core/Src/MLX90621_API.o
 .debug_macro   0x0000000000002a1e       0x12 ./Core/Src/MLX90621_API.o
 .debug_macro   0x0000000000002a30       0x19 ./Core/Src/MLX90621_API.o
 .debug_macro   0x0000000000002a49       0x88 ./Core/Src/MLX90621_API.o
 .debug_macro   0x0000000000002ad1       0x19 ./Core/Src/MLX90621_API.o
 .debug_macro   0x0000000000002aea      0x120 ./Core/Src/MLX90621_API.o
 .debug_macro   0x0000000000002c0a       0x11 ./Core/Src/MLX90621_API.o
 .debug_macro   0x0000000000002c1b       0x17 ./Core/Src/MLX90621_API.o
 .debug_macro   0x0000000000002c32       0x17 ./Core/Src/MLX90621_API.o
 .debug_macro   0x0000000000002c49       0x17 ./Core/Src/MLX90621_API.o
 .debug_macro   0x0000000000002c60       0x17 ./Core/Src/MLX90621_API.o
 .debug_macro   0x0000000000002c77       0x17 ./Core/Src/MLX90621_API.o
 .debug_macro   0x0000000000002c8e       0x17 ./Core/Src/MLX90621_API.o
 .debug_macro   0x0000000000002ca5      0x1f1 ./Core/Src/MLX90621_I2C_Driver.o
 .debug_macro   0x0000000000002e96      0x1a7 ./Core/Src/MLX90621_I2C_Driver.o
 .debug_macro   0x000000000000303d       0x2e ./Core/Src/MLX90621_I2C_Driver.o
 .debug_macro   0x000000000000306b       0x28 ./Core/Src/MLX90621_I2C_Driver.o
 .debug_macro   0x0000000000003093       0x1c ./Core/Src/MLX90621_I2C_Driver.o
 .debug_macro   0x00000000000030af       0x22 ./Core/Src/MLX90621_I2C_Driver.o
 .debug_macro   0x00000000000030d1       0xfb ./Core/Src/MLX90621_I2C_Driver.o
 .debug_macro   0x00000000000031cc     0x1011 ./Core/Src/MLX90621_I2C_Driver.o
 .debug_macro   0x00000000000041dd      0x11f ./Core/Src/MLX90621_I2C_Driver.o
 .debug_macro   0x00000000000042fc    0x1e327 ./Core/Src/MLX90621_I2C_Driver.o
 .debug_macro   0x0000000000022623       0x6d ./Core/Src/MLX90621_I2C_Driver.o
 .debug_macro   0x0000000000022690     0x38df ./Core/Src/MLX90621_I2C_Driver.o
 .debug_macro   0x0000000000025f6f       0x5c ./Core/Src/MLX90621_I2C_Driver.o
 .debug_macro   0x0000000000025fcb     0x1979 ./Core/Src/MLX90621_I2C_Driver.o
 .debug_macro   0x0000000000027944      0x85a ./Core/Src/MLX90621_I2C_Driver.o
 .debug_macro   0x000000000002819e      0x1b9 ./Core/Src/MLX90621_I2C_Driver.o
 .debug_macro   0x0000000000028357      0x24f ./Core/Src/MLX90621_I2C_Driver.o
 .debug_macro   0x00000000000285a6      0x486 ./Core/Src/MLX90621_I2C_Driver.o
 .debug_macro   0x0000000000028a2c      0x1b4 ./Core/Src/MLX90621_I2C_Driver.o
 .debug_macro   0x0000000000028be0       0x43 ./Core/Src/MLX90621_I2C_Driver.o
 .debug_macro   0x0000000000028c23      0x23d ./Core/Src/MLX90621_I2C_Driver.o
 .debug_macro   0x0000000000028e60      0x408 ./Core/Src/MLX90621_I2C_Driver.o
 .debug_macro   0x0000000000029268      0x241 ./Core/Src/MLX90621_I2C_Driver.o