12:50:33 **** Incremental Build of configuration Debug for project Tire_Temperature_Sensor ****
make -j12 all 
arm-none-eabi-g++ "../Core/Src/MLX90621_API.cpp" -mcpu=cortex-m4 -std=c++20 -g3 -DDEBUG -DUSE_HAL_DRIVER -DSTM32L4P5xx -c -I../Core/Inc -I../Drivers/STM32L4xx_HAL_Driver/Inc -I../Drivers/STM32L4xx_HAL_Driver/Inc/Legacy -I../Drivers/CMSIS/Device/ST/STM32L4xx/Include -I../Drivers/CMSIS/Include -O0 -ffunction-sections -fdata-sections -fno-exceptions -fno-rtti -fno-use-cxa-atexit -Wall -Wextra -pedantic -Wswitch-default -Wswitch-enum -Wconversion -fstack-usage -MMD -MP -MF"Core/Src/MLX90621_API.d" -MT"Core/Src/MLX90621_API.o" --specs=nano.specs -mfpu=fpv4-sp-d16 -mfloat-abi=hard -mthumb -o "Core/Src/MLX90621_API.o"
../Core/Src/MLX90621_API.cpp: In function 'int MLX90621_Configure(uint8_t*)':
../Core/Src/MLX90621_API.cpp:57:29: warning: conversion from 'int' to 'uint16_t' {aka 'short unsigned int'} may change value [-Wconversion]
   57 |     value = 256*eeData[246] + eeData[245];
      |             ~~~~~~~~~~~~~~~~^~~~~~~~~~~~~
../Core/Src/MLX90621_API.cpp: In function 'int MLX90621_SetResolution(uint8_t)':
../Core/Src/MLX90621_API.cpp:113:53: warning: conversion from 'int' to 'uint16_t' {aka 'short unsigned int'} may change value [-Wconversion]
  113 |         error = MLX90621_I2CWrite(0x60, 0x03, 0x55, value);
      |                                                     ^~~~~
../Core/Src/MLX90621_API.cpp: In function 'int MLX90621_SetRefreshRate(uint8_t)':
../Core/Src/MLX90621_API.cpp:152:53: warning: conversion from 'int' to 'uint16_t' {aka 'short unsigned int'} may change value [-Wconversion]
  152 |         error = MLX90621_I2CWrite(0x60, 0x03, 0x55, value);
      |                                                     ^~~~~
../Core/Src/MLX90621_API.cpp: In function 'void ExtractPTATParameters(uint8_t*, paramsMLX90621*)':
../Core/Src/MLX90621_API.cpp:321:29: warning: conversion from 'int' to 'uint16_t' {aka 'short unsigned int'} may change value [-Wconversion]
  321 |     data = (eeData[219]<<8) + eeData[218];
      |            ~~~~~~~~~~~~~~~~~^~~~~~~~~~~~~
../Core/Src/MLX90621_API.cpp:324:28: warning: conversion from 'int' to 'float' may change value [-Wconversion]
  324 |     kt1 = (eeData[221]<<8) + eeData[220];
      |           ~~~~~~~~~~~~~~~~~^~~~~~~~~~~~~
../Core/Src/MLX90621_API.cpp:332:28: warning: conversion from 'int' to 'float' may change value [-Wconversion]
  332 |     kt2 = (eeData[223]<<8) + eeData[222];
      |           ~~~~~~~~~~~~~~~~~^~~~~~~~~~~~~
../Core/Src/MLX90621_API.cpp: In function 'void ExtractKsTaParameters(uint8_t*, paramsMLX90621*)':
../Core/Src/MLX90621_API.cpp:361:31: warning: conversion from 'int' to 'float' may change value [-Wconversion]
  361 |     KsTa = (eeData[231] << 8) + eeData[230];
      |            ~~~~~~~~~~~~~~~~~~~^~~~~~~~~~~~~
../Core/Src/MLX90621_API.cpp: In function 'void ExtractAlphaParameters(uint8_t*, paramsMLX90621*)':
../Core/Src/MLX90621_API.cpp:403:18: warning: conversion from 'int' to 'uint8_t' {aka 'unsigned char'} may change value [-Wconversion]
  403 |     resScale = 3 - MLX90621_GetCurResolution();
      |                ~~^~~~~~~~~~~~~~~~~~~~~~~~~~~~~
../Core/Src/MLX90621_API.cpp:404:33: warning: conversion from 'int' to 'float' may change value [-Wconversion]
  404 |     alphaCom = (eeData[225]<<8) + eeData[224];
      |                ~~~~~~~~~~~~~~~~~^~~~~~~~~~~~~
../Core/Src/MLX90621_API.cpp:407:25: warning: conversion from 'double' to 'float' may change value [-Wfloat-conversion]
  407 |     alphaCom = alphaCom / alphaScale;
      |                ~~~~~~~~~^~~~~~~~~~~~
../Core/Src/MLX90621_API.cpp:412:21: warning: conversion from 'double' to 'float' may change value [-Wfloat-conversion]
  412 |         temp = temp / deltaScale;
      |                ~~~~~^~~~~~~~~~~~
../Core/Src/MLX90621_API.cpp:417:34: warning: conversion from 'int' to 'float' may change value [-Wconversion]
  417 |     alphaTemp = (eeData[215]<<8) + eeData[214];
      |                 ~~~~~~~~~~~~~~~~~^~~~~~~~~~~~~
../Core/Src/MLX90621_API.cpp:418:27: warning: conversion from 'double' to 'float' may change value [-Wfloat-conversion]
  418 |     alphaTemp = alphaTemp / alphaScale;
      |                 ~~~~~~~~~~^~~~~~~~~~~~
../Core/Src/MLX90621_API.cpp: In function 'void ExtractOffsetParameters(uint8_t*, paramsMLX90621*)':
../Core/Src/MLX90621_API.cpp:436:26: warning: conversion from 'int' to 'float' may change value [-Wconversion]
  436 |     bScale = eeData[217] & 0x0F;
      |              ~~~~~~~~~~~~^~~~~~
../Core/Src/MLX90621_API.cpp:437:18: warning: conversion from 'int' to 'uint8_t' {aka 'unsigned char'} may change value [-Wconversion]
  437 |     resScale = 3 - MLX90621_GetCurResolution();
      |                ~~^~~~~~~~~~~~~~~~~~~~~~~~~~~~~
../Core/Src/MLX90621_API.cpp:438:17: warning: conversion from '__gnu_cxx::__promote_2<int, double, double, double>::__type' {aka 'double'} to 'float' may change value [-Wfloat-conversion]
  438 |     bScale = pow(2, (double)(bScale+resScale));
      |              ~~~^~~~~~~~~~~~~~~~~~~~~~~~~~~~~~
../Core/Src/MLX90621_API.cpp:440:29: warning: conversion from 'int' to 'uint16_t' {aka 'short unsigned int'} may change value [-Wconversion]
  440 |     data = (eeData[209]<<8) + eeData[208];
      |            ~~~~~~~~~~~~~~~~~^~~~~~~~~~~~~
../Core/Src/MLX90621_API.cpp:457:30: warning: conversion from 'int' to 'float' may change value [-Wconversion]
  457 |     aTemp = (eeData[212]<<8) + eeData[211];
      |             ~~~~~~~~~~~~~~~~~^~~~~~~~~~~~~
../Core/Src/MLX90621_API.cpp: At global scope:
../Core/Src/MLX90621_API.cpp:475:5: error: ambiguating new declaration of 'int MLX90621_AverageTo(const float*, uint8_t*)'
  475 | int MLX90621_AverageTo(const float *toData, uint8_t *result)
      |     ^~~~~~~~~~~~~~~~~~
In file included from ../Core/Src/MLX90621_API.cpp:18:
../Core/Inc/MLX90621_API.h:54:10: note: old declaration 'void MLX90621_AverageTo(const float*, uint8_t*)'
   54 |     void MLX90621_AverageTo(const float *toData, uint8_t *result);
      |          ^~~~~~~~~~~~~~~~~~
../Core/Src/MLX90621_API.cpp: In function 'int MLX90621_AverageTo(const float*, uint8_t*)':
../Core/Src/MLX90621_API.cpp:487:10: warning: comparison is always false due to limited range of data type [-Wtype-limits]
  487 |   if(avg > 255 || avg < 0)
      |      ~~~~^~~~~
../Core/Src/MLX90621_API.cpp:487:23: warning: comparison is always false due to limited range of data type [-Wtype-limits]
  487 |   if(avg > 255 || avg < 0)
      |                   ~~~~^~~
../Core/Src/MLX90621_API.cpp:498:1: warning: control reaches end of non-void function [-Wreturn-type]
  498 | }
      | ^
make: *** [Core/Src/subdir.mk:53: Core/Src/MLX90621_API.o] Error 1
"make -j12 all" terminated with exit code 2. Build might be incomplete.
12:50:53 **** Incremental Build of configuration Debug for project Tire_Temperature_Sensor ****
make -j12 all 
arm-none-eabi-g++ "../Core/Src/MLX90621_API.cpp" -mcpu=cortex-m4 -std=c++20 -g3 -DDEBUG -DUSE_HAL_DRIVER -DSTM32L4P5xx -c -I../Core/Inc -I../Drivers/STM32L4xx_HAL_Driver/Inc -I../Drivers/STM32L4xx_HAL_Driver/Inc/Legacy -I../Drivers/CMSIS/Device/ST/STM32L4xx/Include -I../Drivers/CMSIS/Include -O0 -ffunction-sections -fdata-sections -fno-exceptions -fno-rtti -fno-use-cxa-atexit -Wall -Wextra -pedantic -Wswitch-default -Wswitch-enum -Wconversion -fstack-usage -MMD -MP -MF"Core/Src/MLX90621_API.d" -MT"Core/Src/MLX90621_API.o" --specs=nano.specs -mfpu=fpv4-sp-d16 -mfloat-abi=hard -mthumb -o "Core/Src/MLX90621_API.o"
arm-none-eabi-g++ "../Core/Src/main.cpp" -mcpu=cortex-m4 -std=c++20 -g3 -DDEBUG -DUSE_HAL_DRIVER -DSTM32L4P5xx -c -I../Core/Inc -I../Drivers/STM32L4xx_HAL_Driver/Inc -I../Drivers/STM32L4xx_HAL_Driver/Inc/Legacy -I../Drivers/CMSIS/Device/ST/STM32L4xx/Include -I../Drivers/CMSIS/Include -O0 -ffunction-sections -fdata-sections -fno-exceptions -fno-rtti -fno-use-cxa-atexit -Wall -Wextra -pedantic -Wswitch-default -Wswitch-enum -Wconversion -fstack-usage -MMD -MP -MF"Core/Src/main.d" -MT"Core/Src/main.o" --specs=nano.specs -mfpu=fpv4-sp-d16 -mfloat-abi=hard -mthumb -o "Core/Src/main.o"
In file included from ../Drivers/CMSIS/Include/core_cm4.h:1955,
                 from ../Drivers/CMSIS/Device/ST/STM32L4xx/Include/stm32l4p5xx.h:170,
                 from ../Drivers/CMSIS/Device/ST/STM32L4xx/Include/stm32l4xx.h:159,
                 from ../Drivers/STM32L4xx_HAL_Driver/Inc/stm32l4xx_hal_def.h:29,
                 from ../Drivers/STM32L4xx_HAL_Driver/Inc/stm32l4xx_hal_rcc.h:27,
                 from ../Core/Inc/stm32l4xx_hal_conf.h:258,
                 from ../Drivers/STM32L4xx_HAL_Driver/Inc/stm32l4xx_hal.h:29,
                 from ../Core/Inc/main.h:30,
                 from ../Core/Src/main.cpp:20:
../Drivers/CMSIS/Include/mpu_armv7.h: In function 'void ARM_MPU_Enable(uint32_t)':
../Drivers/CMSIS/Include/mpu_armv7.h:195:14: warning: compound assignment with 'volatile'-qualified left operand is deprecated [-Wvolatile]
  195 |   SCB->SHCSR |= SCB_SHCSR_MEMFAULTENA_Msk;
../Drivers/CMSIS/Include/mpu_armv7.h: In function 'void ARM_MPU_Disable()':
../Drivers/CMSIS/Include/mpu_armv7.h:207:14: warning: compound assignment with 'volatile'-qualified left operand is deprecated [-Wvolatile]
  207 |   SCB->SHCSR &= ~SCB_SHCSR_MEMFAULTENA_Msk;
../Drivers/CMSIS/Include/mpu_armv7.h:209:14: warning: compound assignment with 'volatile'-qualified left operand is deprecated [-Wvolatile]
  209 |   MPU->CTRL  &= ~MPU_CTRL_ENABLE_Msk;
../Core/Src/main.cpp: In function 'int main()':
../Core/Src/main.cpp:101:9: warning: variable 'Ta' set but not used [-Wunused-but-set-variable]
  101 |   float Ta;
      |         ^~
../Core/Src/main.cpp:116:7: warning: variable 'status' set but not used [-Wunused-but-set-variable]
  116 |   int status;
      |       ^~~~~~
../Core/Src/main.cpp: In function 'void SystemClock_Config()':
../Core/Src/main.cpp:152:44: warning: missing initializer for member 'RCC_OscInitTypeDef::HSEState' [-Wmissing-field-initializers]
  152 |   RCC_OscInitTypeDef RCC_OscInitStruct = {0};
      |                                            ^
../Core/Src/main.cpp:152:44: warning: missing initializer for member 'RCC_OscInitTypeDef::LSEState' [-Wmissing-field-initializers]
../Core/Src/main.cpp:152:44: warning: missing initializer for member 'RCC_OscInitTypeDef::HSIState' [-Wmissing-field-initializers]
../Core/Src/main.cpp:152:44: warning: missing initializer for member 'RCC_OscInitTypeDef::HSICalibrationValue' [-Wmissing-field-initializers]
../Core/Src/main.cpp:152:44: warning: missing initializer for member 'RCC_OscInitTypeDef::LSIState' [-Wmissing-field-initializers]
../Core/Src/main.cpp:152:44: warning: missing initializer for member 'RCC_OscInitTypeDef::LSIDiv' [-Wmissing-field-initializers]
../Core/Src/main.cpp:152:44: warning: missing initializer for member 'RCC_OscInitTypeDef::MSIState' [-Wmissing-field-initializers]
../Core/Src/main.cpp:152:44: warning: missing initializer for member 'RCC_OscInitTypeDef::MSICalibrationValue' [-Wmissing-field-initializers]
../Core/Src/main.cpp:152:44: warning: missing initializer for member 'RCC_OscInitTypeDef::MSIClockRange' [-Wmissing-field-initializers]
../Core/Src/main.cpp:152:44: warning: missing initializer for member 'RCC_OscInitTypeDef::HSI48State' [-Wmissing-field-initializers]
../Core/Src/main.cpp:152:44: warning: missing initializer for member 'RCC_OscInitTypeDef::PLL' [-Wmissing-field-initializers]
../Core/Src/main.cpp:153:44: warning: missing initializer for member 'RCC_ClkInitTypeDef::SYSCLKSource' [-Wmissing-field-initializers]
  153 |   RCC_ClkInitTypeDef RCC_ClkInitStruct = {0};
      |                                            ^
../Core/Src/main.cpp:153:44: warning: missing initializer for member 'RCC_ClkInitTypeDef::AHBCLKDivider' [-Wmissing-field-initializers]
../Core/Src/main.cpp:153:44: warning: missing initializer for member 'RCC_ClkInitTypeDef::APB1CLKDivider' [-Wmissing-field-initializers]
../Core/Src/main.cpp:153:44: warning: missing initializer for member 'RCC_ClkInitTypeDef::APB2CLKDivider' [-Wmissing-field-initializers]
../Core/Src/MLX90621_API.cpp: In function 'int MLX90621_Configure(uint8_t*)':
../Core/Src/MLX90621_API.cpp:57:29: warning: conversion from 'int' to 'uint16_t' {aka 'short unsigned int'} may change value [-Wconversion]
   57 |     value = 256*eeData[246] + eeData[245];
      |             ~~~~~~~~~~~~~~~~^~~~~~~~~~~~~
../Core/Src/MLX90621_API.cpp: In function 'int MLX90621_SetResolution(uint8_t)':
../Core/Src/MLX90621_API.cpp:113:53: warning: conversion from 'int' to 'uint16_t' {aka 'short unsigned int'} may change value [-Wconversion]
  113 |         error = MLX90621_I2CWrite(0x60, 0x03, 0x55, value);
      |                                                     ^~~~~
../Core/Src/MLX90621_API.cpp: In function 'int MLX90621_SetRefreshRate(uint8_t)':
../Core/Src/MLX90621_API.cpp:152:53: warning: conversion from 'int' to 'uint16_t' {aka 'short unsigned int'} may change value [-Wconversion]
  152 |         error = MLX90621_I2CWrite(0x60, 0x03, 0x55, value);
      |                                                     ^~~~~
../Core/Src/MLX90621_API.cpp: In function 'void ExtractPTATParameters(uint8_t*, paramsMLX90621*)':
../Core/Src/MLX90621_API.cpp:321:29: warning: conversion from 'int' to 'uint16_t' {aka 'short unsigned int'} may change value [-Wconversion]
  321 |     data = (eeData[219]<<8) + eeData[218];
      |            ~~~~~~~~~~~~~~~~~^~~~~~~~~~~~~
../Core/Src/MLX90621_API.cpp:324:28: warning: conversion from 'int' to 'float' may change value [-Wconversion]
  324 |     kt1 = (eeData[221]<<8) + eeData[220];
      |           ~~~~~~~~~~~~~~~~~^~~~~~~~~~~~~
../Core/Src/MLX90621_API.cpp:332:28: warning: conversion from 'int' to 'float' may change value [-Wconversion]
  332 |     kt2 = (eeData[223]<<8) + eeData[222];
      |           ~~~~~~~~~~~~~~~~~^~~~~~~~~~~~~
../Core/Src/MLX90621_API.cpp: In function 'void ExtractKsTaParameters(uint8_t*, paramsMLX90621*)':
../Core/Src/MLX90621_API.cpp:361:31: warning: conversion from 'int' to 'float' may change value [-Wconversion]
  361 |     KsTa = (eeData[231] << 8) + eeData[230];
      |            ~~~~~~~~~~~~~~~~~~~^~~~~~~~~~~~~
../Core/Src/MLX90621_API.cpp: In function 'void ExtractAlphaParameters(uint8_t*, paramsMLX90621*)':
../Core/Src/MLX90621_API.cpp:403:18: warning: conversion from 'int' to 'uint8_t' {aka 'unsigned char'} may change value [-Wconversion]
  403 |     resScale = 3 - MLX90621_GetCurResolution();
      |                ~~^~~~~~~~~~~~~~~~~~~~~~~~~~~~~
../Core/Src/MLX90621_API.cpp:404:33: warning: conversion from 'int' to 'float' may change value [-Wconversion]
  404 |     alphaCom = (eeData[225]<<8) + eeData[224];
      |                ~~~~~~~~~~~~~~~~~^~~~~~~~~~~~~
../Core/Src/MLX90621_API.cpp:407:25: warning: conversion from 'double' to 'float' may change value [-Wfloat-conversion]
  407 |     alphaCom = alphaCom / alphaScale;
      |                ~~~~~~~~~^~~~~~~~~~~~
../Core/Src/MLX90621_API.cpp:412:21: warning: conversion from 'double' to 'float' may change value [-Wfloat-conversion]
  412 |         temp = temp / deltaScale;
      |                ~~~~~^~~~~~~~~~~~
../Core/Src/MLX90621_API.cpp:417:34: warning: conversion from 'int' to 'float' may change value [-Wconversion]
  417 |     alphaTemp = (eeData[215]<<8) + eeData[214];
      |                 ~~~~~~~~~~~~~~~~~^~~~~~~~~~~~~
../Core/Src/MLX90621_API.cpp:418:27: warning: conversion from 'double' to 'float' may change value [-Wfloat-conversion]
  418 |     alphaTemp = alphaTemp / alphaScale;
      |                 ~~~~~~~~~~^~~~~~~~~~~~
../Core/Src/MLX90621_API.cpp: In function 'void ExtractOffsetParameters(uint8_t*, paramsMLX90621*)':
../Core/Src/MLX90621_API.cpp:436:26: warning: conversion from 'int' to 'float' may change value [-Wconversion]
  436 |     bScale = eeData[217] & 0x0F;
      |              ~~~~~~~~~~~~^~~~~~
../Core/Src/MLX90621_API.cpp:437:18: warning: conversion from 'int' to 'uint8_t' {aka 'unsigned char'} may change value [-Wconversion]
  437 |     resScale = 3 - MLX90621_GetCurResolution();
      |                ~~^~~~~~~~~~~~~~~~~~~~~~~~~~~~~
../Core/Src/MLX90621_API.cpp:438:17: warning: conversion from '__gnu_cxx::__promote_2<int, double, double, double>::__type' {aka 'double'} to 'float' may change value [-Wfloat-conversion]
  438 |     bScale = pow(2, (double)(bScale+resScale));
      |              ~~~^~~~~~~~~~~~~~~~~~~~~~~~~~~~~~
../Core/Src/MLX90621_API.cpp:440:29: warning: conversion from 'int' to 'uint16_t' {aka 'short unsigned int'} may change value [-Wconversion]
  440 |     data = (eeData[209]<<8) + eeData[208];
      |            ~~~~~~~~~~~~~~~~~^~~~~~~~~~~~~
../Core/Src/MLX90621_API.cpp:457:30: warning: conversion from 'int' to 'float' may change value [-Wconversion]
  457 |     aTemp = (eeData[212]<<8) + eeData[211];
      |             ~~~~~~~~~~~~~~~~~^~~~~~~~~~~~~
../Core/Src/MLX90621_API.cpp: In function 'int MLX90621_AverageTo(const float*, uint8_t*)':
../Core/Src/MLX90621_API.cpp:487:10: warning: comparison is always false due to limited range of data type [-Wtype-limits]
  487 |   if(avg > 255 || avg < 0)
      |      ~~~~^~~~~
../Core/Src/MLX90621_API.cpp:487:23: warning: comparison is always false due to limited range of data type [-Wtype-limits]
  487 |   if(avg > 255 || avg < 0)
      |                   ~~~~^~~
../Core/Src/MLX90621_API.cpp:498:1: warning: control reaches end of non-void function [-Wreturn-type]
  498 | }
      | ^
arm-none-eabi-g++ -o "Tire_Temperature_Sensor.elf" @"objects.list"   -mcpu=cortex-m4 -T"/home/mateusz/Desktop/Tire_Temperature_Sensor/FIRMWARE/Tire_Temperature_Sensor/STM32L4P5RETX_FLASH.ld" -Wl,-Map="Tire_Temperature_Sensor.map" -Wl,--gc-sections -static --specs=nano.specs -mfpu=fpv4-sp-d16 -mfloat-abi=hard -mthumb -Wl,--start-group -lc -lm -lstdc++ -lsupc++ -Wl,--end-group
Finished building target: Tire_Temperature_Sensor.elf
 
arm-none-eabi-size   Tire_Temperature_Sensor.elf 
arm-none-eabi-objdump -h -S  Tire_Temperature_Sensor.elf  > "Tire_Temperature_Sensor.list"
   text	   data	    bss	    dec	    hex	filename
  24516	    120	   2352	  26988	   696c	Tire_Temperature_Sensor.elf
Finished building: default.size.stdout
 
Finished building: Tire_Temperature_Sensor.list
 
12:51:21 **** Incremental Build of configuration Debug for project Tire_Temperature_Sensor ****
make -j12 all 
arm-none-eabi-g++ "../Core/Src/main.cpp" -mcpu=cortex-m4 -std=c++20 -g3 -DDEBUG -DUSE_HAL_DRIVER -DSTM32L4P5xx -c -I../Core/Inc -I../Drivers/STM32L4xx_HAL_Driver/Inc -I../Drivers/STM32L4xx_HAL_Driver/Inc/Legacy -I../Drivers/CMSIS/Device/ST/STM32L4xx/Include -I../Drivers/CMSIS/Include -O0 -ffunction-sections -fdata-sections -fno-exceptions -fno-rtti -fno-use-cxa-atexit -Wall -Wextra -pedantic -Wswitch-default -Wswitch-enum -Wconversion -fstack-usage -MMD -MP -MF"Core/Src/main.d" -MT"Core/Src/main.o" --specs=nano.specs -mfpu=fpv4-sp-d16 -mfloat-abi=hard -mthumb -o "Core/Src/main.o"
In file included from ../Drivers/CMSIS/Include/core_cm4.h:1955,
                 from ../Drivers/CMSIS/Device/ST/STM32L4xx/Include/stm32l4p5xx.h:170,
                 from ../Drivers/CMSIS/Device/ST/STM32L4xx/Include/stm32l4xx.h:159,
                 from ../Drivers/STM32L4xx_HAL_Driver/Inc/stm32l4xx_hal_def.h:29,
                 from ../Drivers/STM32L4xx_HAL_Driver/Inc/stm32l4xx_hal_rcc.h:27,
                 from ../Core/Inc/stm32l4xx_hal_conf.h:258,
                 from ../Drivers/STM32L4xx_HAL_Driver/Inc/stm32l4xx_hal.h:29,
                 from ../Core/Inc/main.h:30,
                 from ../Core/Src/main.cpp:20:
../Drivers/CMSIS/Include/mpu_armv7.h: In function 'void ARM_MPU_Enable(uint32_t)':
../Drivers/CMSIS/Include/mpu_armv7.h:195:14: warning: compound assignment with 'volatile'-qualified left operand is deprecated [-Wvolatile]
  195 |   SCB->SHCSR |= SCB_SHCSR_MEMFAULTENA_Msk;
../Drivers/CMSIS/Include/mpu_armv7.h: In function 'void ARM_MPU_Disable()':
../Drivers/CMSIS/Include/mpu_armv7.h:207:14: warning: compound assignment with 'volatile'-qualified left operand is deprecated [-Wvolatile]
  207 |   SCB->SHCSR &= ~SCB_SHCSR_MEMFAULTENA_Msk;
../Drivers/CMSIS/Include/mpu_armv7.h:209:14: warning: compound assignment with 'volatile'-qualified left operand is deprecated [-Wvolatile]
  209 |   MPU->CTRL  &= ~MPU_CTRL_ENABLE_Msk;
../Core/Src/main.cpp: In function 'int main()':
../Core/Src/main.cpp:101:9: warning: variable 'Ta' set but not used [-Wunused-but-set-variable]
  101 |   float Ta;
      |         ^~
../Core/Src/main.cpp:116:7: warning: variable 'status' set but not used [-Wunused-but-set-variable]
  116 |   int status;
      |       ^~~~~~
../Core/Src/main.cpp: In function 'void SystemClock_Config()':
../Core/Src/main.cpp:152:44: warning: missing initializer for member 'RCC_OscInitTypeDef::HSEState' [-Wmissing-field-initializers]
  152 |   RCC_OscInitTypeDef RCC_OscInitStruct = {0};
      |                                            ^
../Core/Src/main.cpp:152:44: warning: missing initializer for member 'RCC_OscInitTypeDef::LSEState' [-Wmissing-field-initializers]
../Core/Src/main.cpp:152:44: warning: missing initializer for member 'RCC_OscInitTypeDef::HSIState' [-Wmissing-field-initializers]
../Core/Src/main.cpp:152:44: warning: missing initializer for member 'RCC_OscInitTypeDef::HSICalibrationValue' [-Wmissing-field-initializers]
../Core/Src/main.cpp:152:44: warning: missing initializer for member 'RCC_OscInitTypeDef::LSIState' [-Wmissing-field-initializers]
../Core/Src/main.cpp:152:44: warning: missing initializer for member 'RCC_OscInitTypeDef::LSIDiv' [-Wmissing-field-initializers]
../Core/Src/main.cpp:152:44: warning: missing initializer for member 'RCC_OscInitTypeDef::MSIState' [-Wmissing-field-initializers]
../Core/Src/main.cpp:152:44: warning: missing initializer for member 'RCC_OscInitTypeDef::MSICalibrationValue' [-Wmissing-field-initializers]
../Core/Src/main.cpp:152:44: warning: missing initializer for member 'RCC_OscInitTypeDef::MSIClockRange' [-Wmissing-field-initializers]
../Core/Src/main.cpp:152:44: warning: missing initializer for member 'RCC_OscInitTypeDef::HSI48State' [-Wmissing-field-initializers]
../Core/Src/main.cpp:152:44: warning: missing initializer for member 'RCC_OscInitTypeDef::PLL' [-Wmissing-field-initializers]
../Core/Src/main.cpp:153:44: warning: missing initializer for member 'RCC_ClkInitTypeDef::SYSCLKSource' [-Wmissing-field-initializers]
  153 |   RCC_ClkInitTypeDef RCC_ClkInitStruct = {0};
      |                                            ^
../Core/Src/main.cpp:153:44: warning: missing initializer for member 'RCC_ClkInitTypeDef::AHBCLKDivider' [-Wmissing-field-initializers]
../Core/Src/main.cpp:153:44: warning: missing initializer for member 'RCC_ClkInitTypeDef::APB1CLKDivider' [-Wmissing-field-initializers]
../Core/Src/main.cpp:153:44: warning: missing initializer for member 'RCC_ClkInitTypeDef::APB2CLKDivider' [-Wmissing-field-initializers]
arm-none-eabi-g++ -o "Tire_Temperature_Sensor.elf" @"objects.list"   -mcpu=cortex-m4 -T"/home/mateusz/Desktop/Tire_Temperature_Sensor/FIRMWARE/Tire_Temperature_Sensor/STM32L4P5RETX_FLASH.ld" -Wl,-Map="Tire_Temperature_Sensor.map" -Wl,--gc-sections -static --specs=nano.specs -mfpu=fpv4-sp-d16 -mfloat-abi=hard -mthumb -Wl,--start-group -lc -lm -lstdc++ -lsupc++ -Wl,--end-group
Finished building target: Tire_Temperature_Sensor.elf
 
arm-none-eabi-size   Tire_Temperature_Sensor.elf 
arm-none-eabi-objdump -h -S  Tire_Temperature_Sensor.elf  > "Tire_Temperature_Sensor.list"
   text	   data	    bss	    dec	    hex	filename
  24516	    120	   2352	  26988	   696c	Tire_Temperature_Sensor.elf
Finished building: default.size.stdout
 
Finished building: Tire_Temperature_Sensor.list
 
12:51:33 **** Incremental Build of configuration Debug for project Tire_Temperature_Sensor ****
make -j12 all 
arm-none-eabi-size   Tire_Temperature_Sensor.elf 
   text	   data	    bss	    dec	    hex	filename
  24516	    120	   2352	  26988	   696c	Tire_Temperature_Sensor.elf
Finished building: default.size.stdout
 
12:53:09 **** Incremental Build of configuration Debug for project Tire_Temperature_Sensor ****
make -j12 all 
arm-none-eabi-size   Tire_Temperature_Sensor.elf 
   text	   data	    bss	    dec	    hex	filename
  24516	    120	   2352	  26988	   696c	Tire_Temperature_Sensor.elf
Finished building: default.size.stdout
 
12:54:29 **** Incremental Build of configuration Debug for project Tire_Temperature_Sensor ****
make -j12 all 
arm-none-eabi-g++ "../Core/Src/MLX90621_API.cpp" -mcpu=cortex-m4 -std=c++20 -g3 -DDEBUG -DUSE_HAL_DRIVER -DSTM32L4P5xx -c -I../Core/Inc -I../Drivers/STM32L4xx_HAL_Driver/Inc -I../Drivers/STM32L4xx_HAL_Driver/Inc/Legacy -I../Drivers/CMSIS/Device/ST/STM32L4xx/Include -I../Drivers/CMSIS/Include -O0 -ffunction-sections -fdata-sections -fno-exceptions -fno-rtti -fno-use-cxa-atexit -Wall -Wextra -pedantic -Wswitch-default -Wswitch-enum -Wconversion -fstack-usage -MMD -MP -MF"Core/Src/MLX90621_API.d" -MT"Core/Src/MLX90621_API.o" --specs=nano.specs -mfpu=fpv4-sp-d16 -mfloat-abi=hard -mthumb -o "Core/Src/MLX90621_API.o"
../Core/Src/MLX90621_API.cpp: In function 'int MLX90621_Configure(uint8_t*)':
../Core/Src/MLX90621_API.cpp:57:29: warning: conversion from 'int' to 'uint16_t' {aka 'short unsigned int'} may change value [-Wconversion]
   57 |     value = 256*eeData[246] + eeData[245];
      |             ~~~~~~~~~~~~~~~~^~~~~~~~~~~~~
../Core/Src/MLX90621_API.cpp: In function 'int MLX90621_SetResolution(uint8_t)':
../Core/Src/MLX90621_API.cpp:113:53: warning: conversion from 'int' to 'uint16_t' {aka 'short unsigned int'} may change value [-Wconversion]
  113 |         error = MLX90621_I2CWrite(0x60, 0x03, 0x55, value);
      |                                                     ^~~~~
../Core/Src/MLX90621_API.cpp: In function 'int MLX90621_SetRefreshRate(uint8_t)':
../Core/Src/MLX90621_API.cpp:152:53: warning: conversion from 'int' to 'uint16_t' {aka 'short unsigned int'} may change value [-Wconversion]
  152 |         error = MLX90621_I2CWrite(0x60, 0x03, 0x55, value);
      |                                                     ^~~~~
../Core/Src/MLX90621_API.cpp: In function 'void ExtractPTATParameters(uint8_t*, paramsMLX90621*)':
../Core/Src/MLX90621_API.cpp:321:29: warning: conversion from 'int' to 'uint16_t' {aka 'short unsigned int'} may change value [-Wconversion]
  321 |     data = (eeData[219]<<8) + eeData[218];
      |            ~~~~~~~~~~~~~~~~~^~~~~~~~~~~~~
../Core/Src/MLX90621_API.cpp:324:28: warning: conversion from 'int' to 'float' may change value [-Wconversion]
  324 |     kt1 = (eeData[221]<<8) + eeData[220];
      |           ~~~~~~~~~~~~~~~~~^~~~~~~~~~~~~
../Core/Src/MLX90621_API.cpp:332:28: warning: conversion from 'int' to 'float' may change value [-Wconversion]
  332 |     kt2 = (eeData[223]<<8) + eeData[222];
      |           ~~~~~~~~~~~~~~~~~^~~~~~~~~~~~~
../Core/Src/MLX90621_API.cpp: In function 'void ExtractKsTaParameters(uint8_t*, paramsMLX90621*)':
../Core/Src/MLX90621_API.cpp:361:31: warning: conversion from 'int' to 'float' may change value [-Wconversion]
  361 |     KsTa = (eeData[231] << 8) + eeData[230];
      |            ~~~~~~~~~~~~~~~~~~~^~~~~~~~~~~~~
../Core/Src/MLX90621_API.cpp: In function 'void ExtractAlphaParameters(uint8_t*, paramsMLX90621*)':
../Core/Src/MLX90621_API.cpp:403:18: warning: conversion from 'int' to 'uint8_t' {aka 'unsigned char'} may change value [-Wconversion]
  403 |     resScale = 3 - MLX90621_GetCurResolution();
      |                ~~^~~~~~~~~~~~~~~~~~~~~~~~~~~~~
../Core/Src/MLX90621_API.cpp:404:33: warning: conversion from 'int' to 'float' may change value [-Wconversion]
  404 |     alphaCom = (eeData[225]<<8) + eeData[224];
      |                ~~~~~~~~~~~~~~~~~^~~~~~~~~~~~~
../Core/Src/MLX90621_API.cpp:407:25: warning: conversion from 'double' to 'float' may change value [-Wfloat-conversion]
  407 |     alphaCom = alphaCom / alphaScale;
      |                ~~~~~~~~~^~~~~~~~~~~~
../Core/Src/MLX90621_API.cpp:412:21: warning: conversion from 'double' to 'float' may change value [-Wfloat-conversion]
  412 |         temp = temp / deltaScale;
      |                ~~~~~^~~~~~~~~~~~
../Core/Src/MLX90621_API.cpp:417:34: warning: conversion from 'int' to 'float' may change value [-Wconversion]
  417 |     alphaTemp = (eeData[215]<<8) + eeData[214];
      |                 ~~~~~~~~~~~~~~~~~^~~~~~~~~~~~~
../Core/Src/MLX90621_API.cpp:418:27: warning: conversion from 'double' to 'float' may change value [-Wfloat-conversion]
  418 |     alphaTemp = alphaTemp / alphaScale;
      |                 ~~~~~~~~~~^~~~~~~~~~~~
../Core/Src/MLX90621_API.cpp: In function 'void ExtractOffsetParameters(uint8_t*, paramsMLX90621*)':
../Core/Src/MLX90621_API.cpp:436:26: warning: conversion from 'int' to 'float' may change value [-Wconversion]
  436 |     bScale = eeData[217] & 0x0F;
      |              ~~~~~~~~~~~~^~~~~~
../Core/Src/MLX90621_API.cpp:437:18: warning: conversion from 'int' to 'uint8_t' {aka 'unsigned char'} may change value [-Wconversion]
  437 |     resScale = 3 - MLX90621_GetCurResolution();
      |                ~~^~~~~~~~~~~~~~~~~~~~~~~~~~~~~
../Core/Src/MLX90621_API.cpp:438:17: warning: conversion from '__gnu_cxx::__promote_2<int, double, double, double>::__type' {aka 'double'} to 'float' may change value [-Wfloat-conversion]
  438 |     bScale = pow(2, (double)(bScale+resScale));
      |              ~~~^~~~~~~~~~~~~~~~~~~~~~~~~~~~~~
../Core/Src/MLX90621_API.cpp:440:29: warning: conversion from 'int' to 'uint16_t' {aka 'short unsigned int'} may change value [-Wconversion]
  440 |     data = (eeData[209]<<8) + eeData[208];
      |            ~~~~~~~~~~~~~~~~~^~~~~~~~~~~~~
../Core/Src/MLX90621_API.cpp:457:30: warning: conversion from 'int' to 'float' may change value [-Wconversion]
  457 |     aTemp = (eeData[212]<<8) + eeData[211];
      |             ~~~~~~~~~~~~~~~~~^~~~~~~~~~~~~
../Core/Src/MLX90621_API.cpp: In function 'int MLX90621_AverageTo(const float*, uint8_t*)':
../Core/Src/MLX90621_API.cpp:487:10: warning: comparison is always false due to limited range of data type [-Wtype-limits]
  487 |   if(avg > 255 || avg < 0)
      |      ~~~~^~~~~
../Core/Src/MLX90621_API.cpp:487:23: warning: comparison is always false due to limited range of data type [-Wtype-limits]
  487 |   if(avg > 255 || avg < 0)
      |                   ~~~~^~~
arm-none-eabi-g++ -o "Tire_Temperature_Sensor.elf" @"objects.list"   -mcpu=cortex-m4 -T"/home/mateusz/Desktop/Tire_Temperature_Sensor/FIRMWARE/Tire_Temperature_Sensor/STM32L4P5RETX_FLASH.ld" -Wl,-Map="Tire_Temperature_Sensor.map" -Wl,--gc-sections -static --specs=nano.specs -mfpu=fpv4-sp-d16 -mfloat-abi=hard -mthumb -Wl,--start-group -lc -lm -lstdc++ -lsupc++ -Wl,--end-group
Finished building target: Tire_Temperature_Sensor.elf
 
arm-none-eabi-size   Tire_Temperature_Sensor.elf 
arm-none-eabi-objdump -h -S  Tire_Temperature_Sensor.elf  > "Tire_Temperature_Sensor.list"
   text	   data	    bss	    dec	    hex	filename
  24524	    120	   2352	  26996	   6974	Tire_Temperature_Sensor.elf
Finished building: default.size.stdout
 
Finished building: Tire_Temperature_Sensor.list
 
12:54:56 **** Incremental Build of configuration Debug for project Tire_Temperature_Sensor ****
make -j12 all 
arm-none-eabi-size   Tire_Temperature_Sensor.elf 
   text	   data	    bss	    dec	    hex	filename
  24524	    120	   2352	  26996	   6974	Tire_Temperature_Sensor.elf
Finished building: default.size.stdout
 
