16:04:56 **** Incremental Build of configuration Debug for project Tire_Temperature_Sensor ****
make -j12 all 
arm-none-eabi-g++ "../Core/Src/MLX90621_I2C_Driver.cpp" -mcpu=cortex-m4 -std=c++20 -g3 -DDEBUG -DUSE_HAL_DRIVER -DSTM32L4P5xx -c -I../Core/Inc -I../Drivers/STM32L4xx_HAL_Driver/Inc -I../Drivers/STM32L4xx_HAL_Driver/Inc/Legacy -I../Drivers/CMSIS/Device/ST/STM32L4xx/Include -I../Drivers/CMSIS/Include -O0 -ffunction-sections -fdata-sections -fno-exceptions -fno-rtti -fno-use-cxa-atexit -Wall -Wextra -pedantic -Wswitch-default -Wswitch-enum -Wconversion -fstack-usage -MMD -MP -MF"Core/Src/MLX90621_I2C_Driver.d" -MT"Core/Src/MLX90621_I2C_Driver.o" --specs=nano.specs -mfpu=fpv4-sp-d16 -mfloat-abi=hard -mthumb -o "Core/Src/MLX90621_I2C_Driver.o"
In file included from ../Drivers/CMSIS/Include/core_cm4.h:1955,
                 from ../Drivers/CMSIS/Device/ST/STM32L4xx/Include/stm32l4p5xx.h:170,
                 from ../Drivers/CMSIS/Device/ST/STM32L4xx/Include/stm32l4xx.h:159,
                 from ../Drivers/STM32L4xx_HAL_Driver/Inc/stm32l4xx_hal_def.h:29,
                 from ../Drivers/STM32L4xx_HAL_Driver/Inc/stm32l4xx_hal_rcc.h:27,
                 from ../Core/Inc/stm32l4xx_hal_conf.h:258,
                 from ../Drivers/STM32L4xx_HAL_Driver/Inc/stm32l4xx_hal.h:29,
                 from ../Core/Inc/main.h:30,
                 from ../Core/Inc/i2c.h:29,
                 from ../Core/Src/MLX90621_I2C_Driver.cpp:17:
../Drivers/CMSIS/Include/mpu_armv7.h: In function 'void ARM_MPU_Enable(uint32_t)':
../Drivers/CMSIS/Include/mpu_armv7.h:195:14: warning: compound assignment with 'volatile'-qualified left operand is deprecated [-Wvolatile]
  195 |   SCB->SHCSR |= SCB_SHCSR_MEMFAULTENA_Msk;
../Drivers/CMSIS/Include/mpu_armv7.h: In function 'void ARM_MPU_Disable()':
../Drivers/CMSIS/Include/mpu_armv7.h:207:14: warning: compound assignment with 'volatile'-qualified left operand is deprecated [-Wvolatile]
  207 |   SCB->SHCSR &= ~SCB_SHCSR_MEMFAULTENA_Msk;
../Drivers/CMSIS/Include/mpu_armv7.h:209:14: warning: compound assignment with 'volatile'-qualified left operand is deprecated [-Wvolatile]
  209 |   MPU->CTRL  &= ~MPU_CTRL_ENABLE_Msk;
../Core/Src/MLX90621_I2C_Driver.cpp: In function 'int MLX90621_I2CReadEEPROM(uint8_t, uint8_t, uint16_t, uint8_t*)':
../Core/Src/MLX90621_I2C_Driver.cpp:31:9: warning: unused variable 'ack' [-Wunused-variable]
   31 |     int ack = 0;
      |         ^~~
../Core/Src/MLX90621_I2C_Driver.cpp: In function 'int MLX90621_I2CRead(uint8_t, uint8_t, uint8_t, uint8_t, uint8_t, uint16_t*)':
../Core/Src/MLX90621_I2C_Driver.cpp:145:43: warning: conversion from 'int' to 'uint16_t' {aka 'short unsigned int'} may change value [-Wconversion]
  145 |         *p++ = (uint16_t)i2cData[i+1]*256 + (uint16_t)i2cData[i];
      |                ~~~~~~~~~~~~~~~~~~~~~~~~~~~^~~~~~~~~~~~~~~~~~~~~~
../Core/Src/MLX90621_I2C_Driver.cpp:87:9: warning: unused variable 'ack' [-Wunused-variable]
   87 |     int ack = 0;
      |         ^~~
../Core/Src/MLX90621_I2C_Driver.cpp:90:13: warning: variable 'cmd' set but not used [-Wunused-but-set-variable]
   90 |     uint8_t cmd[4] = {0,0,0,0};
      |             ^~~
../Core/Src/MLX90621_I2C_Driver.cpp: In function 'void MLX90621_I2CFreqSet(int)':
../Core/Src/MLX90621_I2C_Driver.cpp:154:30: warning: unused parameter 'freq' [-Wunused-parameter]
  154 | void MLX90621_I2CFreqSet(int freq)
      |                          ~~~~^~~~
../Core/Src/MLX90621_I2C_Driver.cpp: In function 'int MLX90621_I2CWrite(uint8_t, uint8_t, uint8_t, uint16_t)':
../Core/Src/MLX90621_I2C_Driver.cpp:170:19: warning: conversion from 'int' to 'uint8_t' {aka 'unsigned char'} may change value [-Wconversion]
  170 |     cmd[2] = data & 0x00FF;
      |              ~~~~~^~~~~~~~
../Core/Src/MLX90621_I2C_Driver.cpp:172:19: warning: conversion from 'int' to 'uint8_t' {aka 'unsigned char'} may change value [-Wconversion]
  172 |     cmd[4] = data >> 8;
      |              ~~~~~^~~~
../Core/Src/MLX90621_I2C_Driver.cpp:163:9: warning: unused variable 'ack' [-Wunused-variable]
  163 |     int ack = 0;
      |         ^~~
arm-none-eabi-g++ -o "Tire_Temperature_Sensor.elf" @"objects.list"   -mcpu=cortex-m4 -T"/home/mateusz/Desktop/Tire_Temperature_Sensor/FIRMWARE/Tire_Temperature_Sensor/STM32L4P5RETX_FLASH.ld" -Wl,-Map="Tire_Temperature_Sensor.map" -Wl,--gc-sections -static --specs=nano.specs -mfpu=fpv4-sp-d16 -mfloat-abi=hard -mthumb -Wl,--start-group -lc -lm -lstdc++ -lsupc++ -Wl,--end-group
Finished building target: Tire_Temperature_Sensor.elf
 
arm-none-eabi-size   Tire_Temperature_Sensor.elf 
arm-none-eabi-objdump -h -S  Tire_Temperature_Sensor.elf  > "Tire_Temperature_Sensor.list"
   text	   data	    bss	    dec	    hex	filename
  15372	     20	   1956	  17348	   43c4	Tire_Temperature_Sensor.elf
Finished building: default.size.stdout
 
Finished building: Tire_Temperature_Sensor.list
 
16:05:43 **** Incremental Build of configuration Debug for project Tire_Temperature_Sensor ****
make -j12 all 
arm-none-eabi-size   Tire_Temperature_Sensor.elf 
   text	   data	    bss	    dec	    hex	filename
  15372	     20	   1956	  17348	   43c4	Tire_Temperature_Sensor.elf
Finished building: default.size.stdout
 
16:07:02 **** Incremental Build of configuration Debug for project Tire_Temperature_Sensor ****
make -j12 all 
arm-none-eabi-size   Tire_Temperature_Sensor.elf 
   text	   data	    bss	    dec	    hex	filename
  15372	     20	   1956	  17348	   43c4	Tire_Temperature_Sensor.elf
Finished building: default.size.stdout
 
16:14:01 **** Incremental Build of configuration Debug for project Tire_Temperature_Sensor ****
make -j12 all 
arm-none-eabi-size   Tire_Temperature_Sensor.elf 
   text	   data	    bss	    dec	    hex	filename
  15372	     20	   1956	  17348	   43c4	Tire_Temperature_Sensor.elf
Finished building: default.size.stdout
 
16:15:04 **** Incremental Build of configuration Debug for project Tire_Temperature_Sensor ****
make -j12 all 
arm-none-eabi-size   Tire_Temperature_Sensor.elf 
   text	   data	    bss	    dec	    hex	filename
  15372	     20	   1956	  17348	   43c4	Tire_Temperature_Sensor.elf
Finished building: default.size.stdout
 
