13:25:27 **** Incremental Build of configuration Debug for project Tire_Temperature_Sensor ****
make -j12 all 
arm-none-eabi-g++ "../Core/Src/MLX90621_I2C_Driver.cpp" -mcpu=cortex-m4 -std=c++20 -g3 -DDEBUG -DUSE_HAL_DRIVER -DSTM32L4P5xx -c -I../Core/Inc -I../Drivers/STM32L4xx_HAL_Driver/Inc -I../Drivers/STM32L4xx_HAL_Driver/Inc/Legacy -I../Drivers/CMSIS/Device/ST/STM32L4xx/Include -I../Drivers/CMSIS/Include -O0 -ffunction-sections -fdata-sections -fno-exceptions -fno-rtti -fno-use-cxa-atexit -Wall -Wextra -pedantic -Wswitch-default -Wswitch-enum -Wconversion -fstack-usage -MMD -MP -MF"Core/Src/MLX90621_I2C_Driver.d" -MT"Core/Src/MLX90621_I2C_Driver.o" --specs=nano.specs -mfpu=fpv4-sp-d16 -mfloat-abi=hard -mthumb -o "Core/Src/MLX90621_I2C_Driver.o"
In file included from ../Drivers/CMSIS/Include/core_cm4.h:1955,
                 from ../Drivers/CMSIS/Device/ST/STM32L4xx/Include/stm32l4p5xx.h:170,
                 from ../Drivers/CMSIS/Device/ST/STM32L4xx/Include/stm32l4xx.h:159,
                 from ../Drivers/STM32L4xx_HAL_Driver/Inc/stm32l4xx_hal_def.h:29,
                 from ../Drivers/STM32L4xx_HAL_Driver/Inc/stm32l4xx_hal_rcc.h:27,
                 from ../Core/Inc/stm32l4xx_hal_conf.h:258,
                 from ../Drivers/STM32L4xx_HAL_Driver/Inc/stm32l4xx_hal.h:29,
                 from ../Core/Inc/main.h:30,
                 from ../Core/Inc/i2c.h:29,
                 from ../Core/Src/MLX90621_I2C_Driver.cpp:17:
../Drivers/CMSIS/Include/mpu_armv7.h: In function 'void ARM_MPU_Enable(uint32_t)':
../Drivers/CMSIS/Include/mpu_armv7.h:195:14: warning: compound assignment with 'volatile'-qualified left operand is deprecated [-Wvolatile]
  195 |   SCB->SHCSR |= SCB_SHCSR_MEMFAULTENA_Msk;
../Drivers/CMSIS/Include/mpu_armv7.h: In function 'void ARM_MPU_Disable()':
../Drivers/CMSIS/Include/mpu_armv7.h:207:14: warning: compound assignment with 'volatile'-qualified left operand is deprecated [-Wvolatile]
  207 |   SCB->SHCSR &= ~SCB_SHCSR_MEMFAULTENA_Msk;
../Drivers/CMSIS/Include/mpu_armv7.h:209:14: warning: compound assignment with 'volatile'-qualified left operand is deprecated [-Wvolatile]
  209 |   MPU->CTRL  &= ~MPU_CTRL_ENABLE_Msk;
../Core/Src/MLX90621_I2C_Driver.cpp: In function 'int MLX90621_I2CReadEEPROM(uint8_t, uint8_t, uint16_t, uint8_t*)':
../Core/Src/MLX90621_I2C_Driver.cpp:30:9: warning: unused variable 'ack' [-Wunused-variable]
   30 |     int ack = 0;
      |         ^~~
../Core/Src/MLX90621_I2C_Driver.cpp: In function 'int MLX90621_I2CRead(uint8_t, uint8_t, uint8_t, uint8_t, uint8_t, uint16_t*)':
../Core/Src/MLX90621_I2C_Driver.cpp:133:43: warning: conversion from 'int' to 'uint16_t' {aka 'short unsigned int'} may change value [-Wconversion]
  133 |         *p++ = (uint16_t)i2cData[i+1]*256 + (uint16_t)i2cData[i];
      |                ~~~~~~~~~~~~~~~~~~~~~~~~~~~^~~~~~~~~~~~~~~~~~~~~~
../Core/Src/MLX90621_I2C_Driver.cpp:86:9: warning: unused variable 'ack' [-Wunused-variable]
   86 |     int ack = 0;
      |         ^~~
../Core/Src/MLX90621_I2C_Driver.cpp: In function 'void MLX90621_I2CFreqSet(int)':
../Core/Src/MLX90621_I2C_Driver.cpp:142:30: warning: unused parameter 'freq' [-Wunused-parameter]
  142 | void MLX90621_I2CFreqSet(int freq)
      |                          ~~~~^~~~
../Core/Src/MLX90621_I2C_Driver.cpp: In function 'int MLX90621_I2CWrite(uint8_t, uint8_t, uint8_t, uint16_t)':
../Core/Src/MLX90621_I2C_Driver.cpp:158:19: warning: conversion from 'int' to 'uint8_t' {aka 'unsigned char'} may change value [-Wconversion]
  158 |     cmd[2] = data & 0x00FF;
      |              ~~~~~^~~~~~~~
../Core/Src/MLX90621_I2C_Driver.cpp:160:19: warning: conversion from 'int' to 'uint8_t' {aka 'unsigned char'} may change value [-Wconversion]
  160 |     cmd[4] = data >> 8;
      |              ~~~~~^~~~
../Core/Src/MLX90621_I2C_Driver.cpp:151:9: warning: unused variable 'ack' [-Wunused-variable]
  151 |     int ack = 0;
      |         ^~~
arm-none-eabi-g++ -o "Tire_Temperature_Sensor.elf" @"objects.list"   -mcpu=cortex-m4 -T"/home/mateusz/Desktop/Tire_Temperature_Sensor/FIRMWARE/Tire_Temperature_Sensor/STM32L4P5RETX_FLASH.ld" -Wl,-Map="Tire_Temperature_Sensor.map" -Wl,--gc-sections -static --specs=nano.specs -mfpu=fpv4-sp-d16 -mfloat-abi=hard -mthumb -Wl,--start-group -lc -lm -lstdc++ -lsupc++ -Wl,--end-group
Finished building target: Tire_Temperature_Sensor.elf
 
arm-none-eabi-size   Tire_Temperature_Sensor.elf 
arm-none-eabi-objdump -h -S  Tire_Temperature_Sensor.elf  > "Tire_Temperature_Sensor.list"
   text	   data	    bss	    dec	    hex	filename
  13504	     20	   1692	  15216	   3b70	Tire_Temperature_Sensor.elf
Finished building: default.size.stdout
 
Finished building: Tire_Temperature_Sensor.list
 
13:25:51 **** Incremental Build of configuration Debug for project Tire_Temperature_Sensor ****
make -j12 all 
arm-none-eabi-size   Tire_Temperature_Sensor.elf 
   text	   data	    bss	    dec	    hex	filename
  13504	     20	   1692	  15216	   3b70	Tire_Temperature_Sensor.elf
Finished building: default.size.stdout
 
13:26:48 **** Incremental Build of configuration Debug for project Tire_Temperature_Sensor ****
make -j12 all 
arm-none-eabi-size   Tire_Temperature_Sensor.elf 
   text	   data	    bss	    dec	    hex	filename
  13504	     20	   1692	  15216	   3b70	Tire_Temperature_Sensor.elf
Finished building: default.size.stdout
 
13:27:23 **** Incremental Build of configuration Debug for project Tire_Temperature_Sensor ****
make -j12 all 
arm-none-eabi-size   Tire_Temperature_Sensor.elf 
   text	   data	    bss	    dec	    hex	filename
  13504	     20	   1692	  15216	   3b70	Tire_Temperature_Sensor.elf
Finished building: default.size.stdout
 
13:28:53 **** Incremental Build of configuration Debug for project Tire_Temperature_Sensor ****
make -j12 all 
arm-none-eabi-g++ "../Core/Src/main.cpp" -mcpu=cortex-m4 -std=c++20 -g3 -DDEBUG -DUSE_HAL_DRIVER -DSTM32L4P5xx -c -I../Core/Inc -I../Drivers/STM32L4xx_HAL_Driver/Inc -I../Drivers/STM32L4xx_HAL_Driver/Inc/Legacy -I../Drivers/CMSIS/Device/ST/STM32L4xx/Include -I../Drivers/CMSIS/Include -O0 -ffunction-sections -fdata-sections -fno-exceptions -fno-rtti -fno-use-cxa-atexit -Wall -Wextra -pedantic -Wswitch-default -Wswitch-enum -Wconversion -fstack-usage -MMD -MP -MF"Core/Src/main.d" -MT"Core/Src/main.o" --specs=nano.specs -mfpu=fpv4-sp-d16 -mfloat-abi=hard -mthumb -o "Core/Src/main.o"
In file included from ../Drivers/CMSIS/Include/core_cm4.h:1955,
                 from ../Drivers/CMSIS/Device/ST/STM32L4xx/Include/stm32l4p5xx.h:170,
                 from ../Drivers/CMSIS/Device/ST/STM32L4xx/Include/stm32l4xx.h:159,
                 from ../Drivers/STM32L4xx_HAL_Driver/Inc/stm32l4xx_hal_def.h:29,
                 from ../Drivers/STM32L4xx_HAL_Driver/Inc/stm32l4xx_hal_rcc.h:27,
                 from ../Core/Inc/stm32l4xx_hal_conf.h:258,
                 from ../Drivers/STM32L4xx_HAL_Driver/Inc/stm32l4xx_hal.h:29,
                 from ../Core/Inc/main.h:30,
                 from ../Core/Src/main.cpp:20:
../Drivers/CMSIS/Include/mpu_armv7.h: In function 'void ARM_MPU_Enable(uint32_t)':
../Drivers/CMSIS/Include/mpu_armv7.h:195:14: warning: compound assignment with 'volatile'-qualified left operand is deprecated [-Wvolatile]
  195 |   SCB->SHCSR |= SCB_SHCSR_MEMFAULTENA_Msk;
../Drivers/CMSIS/Include/mpu_armv7.h: In function 'void ARM_MPU_Disable()':
../Drivers/CMSIS/Include/mpu_armv7.h:207:14: warning: compound assignment with 'volatile'-qualified left operand is deprecated [-Wvolatile]
  207 |   SCB->SHCSR &= ~SCB_SHCSR_MEMFAULTENA_Msk;
../Drivers/CMSIS/Include/mpu_armv7.h:209:14: warning: compound assignment with 'volatile'-qualified left operand is deprecated [-Wvolatile]
  209 |   MPU->CTRL  &= ~MPU_CTRL_ENABLE_Msk;
../Core/Src/main.cpp: In function 'int main()':
../Core/Src/main.cpp:105:7: warning: unused variable 'error' [-Wunused-variable]
  105 |   int error = MLX90621_DumpEE(eeData);
      |       ^~~~~
../Core/Src/main.cpp: In function 'void SystemClock_Config()':
../Core/Src/main.cpp:123:44: warning: missing initializer for member 'RCC_OscInitTypeDef::HSEState' [-Wmissing-field-initializers]
  123 |   RCC_OscInitTypeDef RCC_OscInitStruct = {0};
      |                                            ^
../Core/Src/main.cpp:123:44: warning: missing initializer for member 'RCC_OscInitTypeDef::LSEState' [-Wmissing-field-initializers]
../Core/Src/main.cpp:123:44: warning: missing initializer for member 'RCC_OscInitTypeDef::HSIState' [-Wmissing-field-initializers]
../Core/Src/main.cpp:123:44: warning: missing initializer for member 'RCC_OscInitTypeDef::HSICalibrationValue' [-Wmissing-field-initializers]
../Core/Src/main.cpp:123:44: warning: missing initializer for member 'RCC_OscInitTypeDef::LSIState' [-Wmissing-field-initializers]
../Core/Src/main.cpp:123:44: warning: missing initializer for member 'RCC_OscInitTypeDef::LSIDiv' [-Wmissing-field-initializers]
../Core/Src/main.cpp:123:44: warning: missing initializer for member 'RCC_OscInitTypeDef::MSIState' [-Wmissing-field-initializers]
../Core/Src/main.cpp:123:44: warning: missing initializer for member 'RCC_OscInitTypeDef::MSICalibrationValue' [-Wmissing-field-initializers]
../Core/Src/main.cpp:123:44: warning: missing initializer for member 'RCC_OscInitTypeDef::MSIClockRange' [-Wmissing-field-initializers]
../Core/Src/main.cpp:123:44: warning: missing initializer for member 'RCC_OscInitTypeDef::HSI48State' [-Wmissing-field-initializers]
../Core/Src/main.cpp:123:44: warning: missing initializer for member 'RCC_OscInitTypeDef::PLL' [-Wmissing-field-initializers]
../Core/Src/main.cpp:124:44: warning: missing initializer for member 'RCC_ClkInitTypeDef::SYSCLKSource' [-Wmissing-field-initializers]
  124 |   RCC_ClkInitTypeDef RCC_ClkInitStruct = {0};
      |                                            ^
../Core/Src/main.cpp:124:44: warning: missing initializer for member 'RCC_ClkInitTypeDef::AHBCLKDivider' [-Wmissing-field-initializers]
../Core/Src/main.cpp:124:44: warning: missing initializer for member 'RCC_ClkInitTypeDef::APB1CLKDivider' [-Wmissing-field-initializers]
../Core/Src/main.cpp:124:44: warning: missing initializer for member 'RCC_ClkInitTypeDef::APB2CLKDivider' [-Wmissing-field-initializers]
arm-none-eabi-g++ -o "Tire_Temperature_Sensor.elf" @"objects.list"   -mcpu=cortex-m4 -T"/home/mateusz/Desktop/Tire_Temperature_Sensor/FIRMWARE/Tire_Temperature_Sensor/STM32L4P5RETX_FLASH.ld" -Wl,-Map="Tire_Temperature_Sensor.map" -Wl,--gc-sections -static --specs=nano.specs -mfpu=fpv4-sp-d16 -mfloat-abi=hard -mthumb -Wl,--start-group -lc -lm -lstdc++ -lsupc++ -Wl,--end-group
Finished building target: Tire_Temperature_Sensor.elf
 
arm-none-eabi-size   Tire_Temperature_Sensor.elf 
arm-none-eabi-objdump -h -S  Tire_Temperature_Sensor.elf  > "Tire_Temperature_Sensor.list"
   text	   data	    bss	    dec	    hex	filename
  13508	     20	   1692	  15220	   3b74	Tire_Temperature_Sensor.elf
Finished building: default.size.stdout
 
Finished building: Tire_Temperature_Sensor.list
 
13:29:33 **** Incremental Build of configuration Debug for project Tire_Temperature_Sensor ****
make -j12 all 
arm-none-eabi-g++ "../Core/Src/main.cpp" -mcpu=cortex-m4 -std=c++20 -g3 -DDEBUG -DUSE_HAL_DRIVER -DSTM32L4P5xx -c -I../Core/Inc -I../Drivers/STM32L4xx_HAL_Driver/Inc -I../Drivers/STM32L4xx_HAL_Driver/Inc/Legacy -I../Drivers/CMSIS/Device/ST/STM32L4xx/Include -I../Drivers/CMSIS/Include -O0 -ffunction-sections -fdata-sections -fno-exceptions -fno-rtti -fno-use-cxa-atexit -Wall -Wextra -pedantic -Wswitch-default -Wswitch-enum -Wconversion -fstack-usage -MMD -MP -MF"Core/Src/main.d" -MT"Core/Src/main.o" --specs=nano.specs -mfpu=fpv4-sp-d16 -mfloat-abi=hard -mthumb -o "Core/Src/main.o"
In file included from ../Drivers/CMSIS/Include/core_cm4.h:1955,
                 from ../Drivers/CMSIS/Device/ST/STM32L4xx/Include/stm32l4p5xx.h:170,
                 from ../Drivers/CMSIS/Device/ST/STM32L4xx/Include/stm32l4xx.h:159,
                 from ../Drivers/STM32L4xx_HAL_Driver/Inc/stm32l4xx_hal_def.h:29,
                 from ../Drivers/STM32L4xx_HAL_Driver/Inc/stm32l4xx_hal_rcc.h:27,
                 from ../Core/Inc/stm32l4xx_hal_conf.h:258,
                 from ../Drivers/STM32L4xx_HAL_Driver/Inc/stm32l4xx_hal.h:29,
                 from ../Core/Inc/main.h:30,
                 from ../Core/Src/main.cpp:20:
../Drivers/CMSIS/Include/mpu_armv7.h: In function 'void ARM_MPU_Enable(uint32_t)':
../Drivers/CMSIS/Include/mpu_armv7.h:195:14: warning: compound assignment with 'volatile'-qualified left operand is deprecated [-Wvolatile]
  195 |   SCB->SHCSR |= SCB_SHCSR_MEMFAULTENA_Msk;
../Drivers/CMSIS/Include/mpu_armv7.h: In function 'void ARM_MPU_Disable()':
../Drivers/CMSIS/Include/mpu_armv7.h:207:14: warning: compound assignment with 'volatile'-qualified left operand is deprecated [-Wvolatile]
  207 |   SCB->SHCSR &= ~SCB_SHCSR_MEMFAULTENA_Msk;
../Drivers/CMSIS/Include/mpu_armv7.h:209:14: warning: compound assignment with 'volatile'-qualified left operand is deprecated [-Wvolatile]
  209 |   MPU->CTRL  &= ~MPU_CTRL_ENABLE_Msk;
../Core/Src/main.cpp: In function 'int main()':
../Core/Src/main.cpp:110:8: warning: unused variable 'error' [-Wunused-variable]
  110 |    int error = MLX90621_DumpEE(eeData);
      |        ^~~~~
../Core/Src/main.cpp:105:7: warning: unused variable 'error' [-Wunused-variable]
  105 |   int error = MLX90621_DumpEE(eeData);
      |       ^~~~~
../Core/Src/main.cpp: In function 'void SystemClock_Config()':
../Core/Src/main.cpp:123:44: warning: missing initializer for member 'RCC_OscInitTypeDef::HSEState' [-Wmissing-field-initializers]
  123 |   RCC_OscInitTypeDef RCC_OscInitStruct = {0};
      |                                            ^
../Core/Src/main.cpp:123:44: warning: missing initializer for member 'RCC_OscInitTypeDef::LSEState' [-Wmissing-field-initializers]
../Core/Src/main.cpp:123:44: warning: missing initializer for member 'RCC_OscInitTypeDef::HSIState' [-Wmissing-field-initializers]
../Core/Src/main.cpp:123:44: warning: missing initializer for member 'RCC_OscInitTypeDef::HSICalibrationValue' [-Wmissing-field-initializers]
../Core/Src/main.cpp:123:44: warning: missing initializer for member 'RCC_OscInitTypeDef::LSIState' [-Wmissing-field-initializers]
../Core/Src/main.cpp:123:44: warning: missing initializer for member 'RCC_OscInitTypeDef::LSIDiv' [-Wmissing-field-initializers]
../Core/Src/main.cpp:123:44: warning: missing initializer for member 'RCC_OscInitTypeDef::MSIState' [-Wmissing-field-initializers]
../Core/Src/main.cpp:123:44: warning: missing initializer for member 'RCC_OscInitTypeDef::MSICalibrationValue' [-Wmissing-field-initializers]
../Core/Src/main.cpp:123:44: warning: missing initializer for member 'RCC_OscInitTypeDef::MSIClockRange' [-Wmissing-field-initializers]
../Core/Src/main.cpp:123:44: warning: missing initializer for member 'RCC_OscInitTypeDef::HSI48State' [-Wmissing-field-initializers]
../Core/Src/main.cpp:123:44: warning: missing initializer for member 'RCC_OscInitTypeDef::PLL' [-Wmissing-field-initializers]
../Core/Src/main.cpp:124:44: warning: missing initializer for member 'RCC_ClkInitTypeDef::SYSCLKSource' [-Wmissing-field-initializers]
  124 |   RCC_ClkInitTypeDef RCC_ClkInitStruct = {0};
      |                                            ^
../Core/Src/main.cpp:124:44: warning: missing initializer for member 'RCC_ClkInitTypeDef::AHBCLKDivider' [-Wmissing-field-initializers]
../Core/Src/main.cpp:124:44: warning: missing initializer for member 'RCC_ClkInitTypeDef::APB1CLKDivider' [-Wmissing-field-initializers]
../Core/Src/main.cpp:124:44: warning: missing initializer for member 'RCC_ClkInitTypeDef::APB2CLKDivider' [-Wmissing-field-initializers]
arm-none-eabi-g++ -o "Tire_Temperature_Sensor.elf" @"objects.list"   -mcpu=cortex-m4 -T"/home/mateusz/Desktop/Tire_Temperature_Sensor/FIRMWARE/Tire_Temperature_Sensor/STM32L4P5RETX_FLASH.ld" -Wl,-Map="Tire_Temperature_Sensor.map" -Wl,--gc-sections -static --specs=nano.specs -mfpu=fpv4-sp-d16 -mfloat-abi=hard -mthumb -Wl,--start-group -lc -lm -lstdc++ -lsupc++ -Wl,--end-group
Finished building target: Tire_Temperature_Sensor.elf
 
arm-none-eabi-size   Tire_Temperature_Sensor.elf 
arm-none-eabi-objdump -h -S  Tire_Temperature_Sensor.elf  > "Tire_Temperature_Sensor.list"
   text	   data	    bss	    dec	    hex	filename
  13520	     20	   1692	  15232	   3b80	Tire_Temperature_Sensor.elf
Finished building: default.size.stdout
 
Finished building: Tire_Temperature_Sensor.list
 
13:31:51 **** Incremental Build of configuration Debug for project Tire_Temperature_Sensor ****
make -j12 all 
arm-none-eabi-g++ "../Core/Src/main.cpp" -mcpu=cortex-m4 -std=c++20 -g3 -DDEBUG -DUSE_HAL_DRIVER -DSTM32L4P5xx -c -I../Core/Inc -I../Drivers/STM32L4xx_HAL_Driver/Inc -I../Drivers/STM32L4xx_HAL_Driver/Inc/Legacy -I../Drivers/CMSIS/Device/ST/STM32L4xx/Include -I../Drivers/CMSIS/Include -O0 -ffunction-sections -fdata-sections -fno-exceptions -fno-rtti -fno-use-cxa-atexit -Wall -Wextra -pedantic -Wswitch-default -Wswitch-enum -Wconversion -fstack-usage -MMD -MP -MF"Core/Src/main.d" -MT"Core/Src/main.o" --specs=nano.specs -mfpu=fpv4-sp-d16 -mfloat-abi=hard -mthumb -o "Core/Src/main.o"
In file included from ../Drivers/CMSIS/Include/core_cm4.h:1955,
                 from ../Drivers/CMSIS/Device/ST/STM32L4xx/Include/stm32l4p5xx.h:170,
                 from ../Drivers/CMSIS/Device/ST/STM32L4xx/Include/stm32l4xx.h:159,
                 from ../Drivers/STM32L4xx_HAL_Driver/Inc/stm32l4xx_hal_def.h:29,
                 from ../Drivers/STM32L4xx_HAL_Driver/Inc/stm32l4xx_hal_rcc.h:27,
                 from ../Core/Inc/stm32l4xx_hal_conf.h:258,
                 from ../Drivers/STM32L4xx_HAL_Driver/Inc/stm32l4xx_hal.h:29,
                 from ../Core/Inc/main.h:30,
                 from ../Core/Src/main.cpp:20:
../Drivers/CMSIS/Include/mpu_armv7.h: In function 'void ARM_MPU_Enable(uint32_t)':
../Drivers/CMSIS/Include/mpu_armv7.h:195:14: warning: compound assignment with 'volatile'-qualified left operand is deprecated [-Wvolatile]
  195 |   SCB->SHCSR |= SCB_SHCSR_MEMFAULTENA_Msk;
../Drivers/CMSIS/Include/mpu_armv7.h: In function 'void ARM_MPU_Disable()':
../Drivers/CMSIS/Include/mpu_armv7.h:207:14: warning: compound assignment with 'volatile'-qualified left operand is deprecated [-Wvolatile]
  207 |   SCB->SHCSR &= ~SCB_SHCSR_MEMFAULTENA_Msk;
../Drivers/CMSIS/Include/mpu_armv7.h:209:14: warning: compound assignment with 'volatile'-qualified left operand is deprecated [-Wvolatile]
  209 |   MPU->CTRL  &= ~MPU_CTRL_ENABLE_Msk;
../Core/Src/main.cpp: In function 'int main()':
../Core/Src/main.cpp:112:8: warning: unused variable 'error' [-Wunused-variable]
  112 |    int error = MLX90621_DumpEE(eeData);
      |        ^~~~~
../Core/Src/main.cpp:107:7: warning: unused variable 'error' [-Wunused-variable]
  107 |   int error = MLX90621_DumpEE(eeData);
      |       ^~~~~
../Core/Src/main.cpp: In function 'void SystemClock_Config()':
../Core/Src/main.cpp:125:44: warning: missing initializer for member 'RCC_OscInitTypeDef::HSEState' [-Wmissing-field-initializers]
  125 |   RCC_OscInitTypeDef RCC_OscInitStruct = {0};
      |                                            ^
../Core/Src/main.cpp:125:44: warning: missing initializer for member 'RCC_OscInitTypeDef::LSEState' [-Wmissing-field-initializers]
../Core/Src/main.cpp:125:44: warning: missing initializer for member 'RCC_OscInitTypeDef::HSIState' [-Wmissing-field-initializers]
../Core/Src/main.cpp:125:44: warning: missing initializer for member 'RCC_OscInitTypeDef::HSICalibrationValue' [-Wmissing-field-initializers]
../Core/Src/main.cpp:125:44: warning: missing initializer for member 'RCC_OscInitTypeDef::LSIState' [-Wmissing-field-initializers]
../Core/Src/main.cpp:125:44: warning: missing initializer for member 'RCC_OscInitTypeDef::LSIDiv' [-Wmissing-field-initializers]
../Core/Src/main.cpp:125:44: warning: missing initializer for member 'RCC_OscInitTypeDef::MSIState' [-Wmissing-field-initializers]
../Core/Src/main.cpp:125:44: warning: missing initializer for member 'RCC_OscInitTypeDef::MSICalibrationValue' [-Wmissing-field-initializers]
../Core/Src/main.cpp:125:44: warning: missing initializer for member 'RCC_OscInitTypeDef::MSIClockRange' [-Wmissing-field-initializers]
../Core/Src/main.cpp:125:44: warning: missing initializer for member 'RCC_OscInitTypeDef::HSI48State' [-Wmissing-field-initializers]
../Core/Src/main.cpp:125:44: warning: missing initializer for member 'RCC_OscInitTypeDef::PLL' [-Wmissing-field-initializers]
../Core/Src/main.cpp:126:44: warning: missing initializer for member 'RCC_ClkInitTypeDef::SYSCLKSource' [-Wmissing-field-initializers]
  126 |   RCC_ClkInitTypeDef RCC_ClkInitStruct = {0};
      |                                            ^
../Core/Src/main.cpp:126:44: warning: missing initializer for member 'RCC_ClkInitTypeDef::AHBCLKDivider' [-Wmissing-field-initializers]
../Core/Src/main.cpp:126:44: warning: missing initializer for member 'RCC_ClkInitTypeDef::APB1CLKDivider' [-Wmissing-field-initializers]
../Core/Src/main.cpp:126:44: warning: missing initializer for member 'RCC_ClkInitTypeDef::APB2CLKDivider' [-Wmissing-field-initializers]
arm-none-eabi-g++ -o "Tire_Temperature_Sensor.elf" @"objects.list"   -mcpu=cortex-m4 -T"/home/mateusz/Desktop/Tire_Temperature_Sensor/FIRMWARE/Tire_Temperature_Sensor/STM32L4P5RETX_FLASH.ld" -Wl,-Map="Tire_Temperature_Sensor.map" -Wl,--gc-sections -static --specs=nano.specs -mfpu=fpv4-sp-d16 -mfloat-abi=hard -mthumb -Wl,--start-group -lc -lm -lstdc++ -lsupc++ -Wl,--end-group
Finished building target: Tire_Temperature_Sensor.elf
 
arm-none-eabi-size   Tire_Temperature_Sensor.elf 
arm-none-eabi-objdump -h -S  Tire_Temperature_Sensor.elf  > "Tire_Temperature_Sensor.list"
   text	   data	    bss	    dec	    hex	filename
  13532	     20	   1692	  15244	   3b8c	Tire_Temperature_Sensor.elf
Finished building: default.size.stdout
 
Finished building: Tire_Temperature_Sensor.list
 
13:33:10 **** Incremental Build of configuration Debug for project Tire_Temperature_Sensor ****
make -j12 all 
arm-none-eabi-g++ "../Core/Src/main.cpp" -mcpu=cortex-m4 -std=c++20 -g3 -DDEBUG -DUSE_HAL_DRIVER -DSTM32L4P5xx -c -I../Core/Inc -I../Drivers/STM32L4xx_HAL_Driver/Inc -I../Drivers/STM32L4xx_HAL_Driver/Inc/Legacy -I../Drivers/CMSIS/Device/ST/STM32L4xx/Include -I../Drivers/CMSIS/Include -O0 -ffunction-sections -fdata-sections -fno-exceptions -fno-rtti -fno-use-cxa-atexit -Wall -Wextra -pedantic -Wswitch-default -Wswitch-enum -Wconversion -fstack-usage -MMD -MP -MF"Core/Src/main.d" -MT"Core/Src/main.o" --specs=nano.specs -mfpu=fpv4-sp-d16 -mfloat-abi=hard -mthumb -o "Core/Src/main.o"
In file included from ../Drivers/CMSIS/Include/core_cm4.h:1955,
                 from ../Drivers/CMSIS/Device/ST/STM32L4xx/Include/stm32l4p5xx.h:170,
                 from ../Drivers/CMSIS/Device/ST/STM32L4xx/Include/stm32l4xx.h:159,
                 from ../Drivers/STM32L4xx_HAL_Driver/Inc/stm32l4xx_hal_def.h:29,
                 from ../Drivers/STM32L4xx_HAL_Driver/Inc/stm32l4xx_hal_rcc.h:27,
                 from ../Core/Inc/stm32l4xx_hal_conf.h:258,
                 from ../Drivers/STM32L4xx_HAL_Driver/Inc/stm32l4xx_hal.h:29,
                 from ../Core/Inc/main.h:30,
                 from ../Core/Src/main.cpp:20:
../Drivers/CMSIS/Include/mpu_armv7.h: In function 'void ARM_MPU_Enable(uint32_t)':
../Drivers/CMSIS/Include/mpu_armv7.h:195:14: warning: compound assignment with 'volatile'-qualified left operand is deprecated [-Wvolatile]
  195 |   SCB->SHCSR |= SCB_SHCSR_MEMFAULTENA_Msk;
../Drivers/CMSIS/Include/mpu_armv7.h: In function 'void ARM_MPU_Disable()':
../Drivers/CMSIS/Include/mpu_armv7.h:207:14: warning: compound assignment with 'volatile'-qualified left operand is deprecated [-Wvolatile]
  207 |   SCB->SHCSR &= ~SCB_SHCSR_MEMFAULTENA_Msk;
../Drivers/CMSIS/Include/mpu_armv7.h:209:14: warning: compound assignment with 'volatile'-qualified left operand is deprecated [-Wvolatile]
  209 |   MPU->CTRL  &= ~MPU_CTRL_ENABLE_Msk;
../Core/Src/main.cpp: In function 'int main()':
../Core/Src/main.cpp:110:8: warning: unused variable 'error' [-Wunused-variable]
  110 |    int error = MLX90621_DumpEE(eeData);
      |        ^~~~~
../Core/Src/main.cpp: In function 'void SystemClock_Config()':
../Core/Src/main.cpp:123:44: warning: missing initializer for member 'RCC_OscInitTypeDef::HSEState' [-Wmissing-field-initializers]
  123 |   RCC_OscInitTypeDef RCC_OscInitStruct = {0};
      |                                            ^
../Core/Src/main.cpp:123:44: warning: missing initializer for member 'RCC_OscInitTypeDef::LSEState' [-Wmissing-field-initializers]
../Core/Src/main.cpp:123:44: warning: missing initializer for member 'RCC_OscInitTypeDef::HSIState' [-Wmissing-field-initializers]
../Core/Src/main.cpp:123:44: warning: missing initializer for member 'RCC_OscInitTypeDef::HSICalibrationValue' [-Wmissing-field-initializers]
../Core/Src/main.cpp:123:44: warning: missing initializer for member 'RCC_OscInitTypeDef::LSIState' [-Wmissing-field-initializers]
../Core/Src/main.cpp:123:44: warning: missing initializer for member 'RCC_OscInitTypeDef::LSIDiv' [-Wmissing-field-initializers]
../Core/Src/main.cpp:123:44: warning: missing initializer for member 'RCC_OscInitTypeDef::MSIState' [-Wmissing-field-initializers]
../Core/Src/main.cpp:123:44: warning: missing initializer for member 'RCC_OscInitTypeDef::MSICalibrationValue' [-Wmissing-field-initializers]
../Core/Src/main.cpp:123:44: warning: missing initializer for member 'RCC_OscInitTypeDef::MSIClockRange' [-Wmissing-field-initializers]
../Core/Src/main.cpp:123:44: warning: missing initializer for member 'RCC_OscInitTypeDef::HSI48State' [-Wmissing-field-initializers]
../Core/Src/main.cpp:123:44: warning: missing initializer for member 'RCC_OscInitTypeDef::PLL' [-Wmissing-field-initializers]
../Core/Src/main.cpp:124:44: warning: missing initializer for member 'RCC_ClkInitTypeDef::SYSCLKSource' [-Wmissing-field-initializers]
  124 |   RCC_ClkInitTypeDef RCC_ClkInitStruct = {0};
      |                                            ^
../Core/Src/main.cpp:124:44: warning: missing initializer for member 'RCC_ClkInitTypeDef::AHBCLKDivider' [-Wmissing-field-initializers]
../Core/Src/main.cpp:124:44: warning: missing initializer for member 'RCC_ClkInitTypeDef::APB1CLKDivider' [-Wmissing-field-initializers]
../Core/Src/main.cpp:124:44: warning: missing initializer for member 'RCC_ClkInitTypeDef::APB2CLKDivider' [-Wmissing-field-initializers]
arm-none-eabi-g++ -o "Tire_Temperature_Sensor.elf" @"objects.list"   -mcpu=cortex-m4 -T"/home/mateusz/Desktop/Tire_Temperature_Sensor/FIRMWARE/Tire_Temperature_Sensor/STM32L4P5RETX_FLASH.ld" -Wl,-Map="Tire_Temperature_Sensor.map" -Wl,--gc-sections -static --specs=nano.specs -mfpu=fpv4-sp-d16 -mfloat-abi=hard -mthumb -Wl,--start-group -lc -lm -lstdc++ -lsupc++ -Wl,--end-group
Finished building target: Tire_Temperature_Sensor.elf
 
arm-none-eabi-size   Tire_Temperature_Sensor.elf 
arm-none-eabi-objdump -h -S  Tire_Temperature_Sensor.elf  > "Tire_Temperature_Sensor.list"
   text	   data	    bss	    dec	    hex	filename
  13520	     20	   1692	  15232	   3b80	Tire_Temperature_Sensor.elf
Finished building: default.size.stdout
 
Finished building: Tire_Temperature_Sensor.list
 
13:40:33 **** Incremental Build of configuration Debug for project Tire_Temperature_Sensor ****
make -j12 all 
arm-none-eabi-g++ "../Core/Src/main.cpp" -mcpu=cortex-m4 -std=c++20 -g3 -DDEBUG -DUSE_HAL_DRIVER -DSTM32L4P5xx -c -I../Core/Inc -I../Drivers/STM32L4xx_HAL_Driver/Inc -I../Drivers/STM32L4xx_HAL_Driver/Inc/Legacy -I../Drivers/CMSIS/Device/ST/STM32L4xx/Include -I../Drivers/CMSIS/Include -O0 -ffunction-sections -fdata-sections -fno-exceptions -fno-rtti -fno-use-cxa-atexit -Wall -Wextra -pedantic -Wswitch-default -Wswitch-enum -Wconversion -fstack-usage -MMD -MP -MF"Core/Src/main.d" -MT"Core/Src/main.o" --specs=nano.specs -mfpu=fpv4-sp-d16 -mfloat-abi=hard -mthumb -o "Core/Src/main.o"
In file included from ../Drivers/CMSIS/Include/core_cm4.h:1955,
                 from ../Drivers/CMSIS/Device/ST/STM32L4xx/Include/stm32l4p5xx.h:170,
                 from ../Drivers/CMSIS/Device/ST/STM32L4xx/Include/stm32l4xx.h:159,
                 from ../Drivers/STM32L4xx_HAL_Driver/Inc/stm32l4xx_hal_def.h:29,
                 from ../Drivers/STM32L4xx_HAL_Driver/Inc/stm32l4xx_hal_rcc.h:27,
                 from ../Core/Inc/stm32l4xx_hal_conf.h:258,
                 from ../Drivers/STM32L4xx_HAL_Driver/Inc/stm32l4xx_hal.h:29,
                 from ../Core/Inc/main.h:30,
                 from ../Core/Src/main.cpp:20:
../Drivers/CMSIS/Include/mpu_armv7.h: In function 'void ARM_MPU_Enable(uint32_t)':
../Drivers/CMSIS/Include/mpu_armv7.h:195:14: warning: compound assignment with 'volatile'-qualified left operand is deprecated [-Wvolatile]
  195 |   SCB->SHCSR |= SCB_SHCSR_MEMFAULTENA_Msk;
../Drivers/CMSIS/Include/mpu_armv7.h: In function 'void ARM_MPU_Disable()':
../Drivers/CMSIS/Include/mpu_armv7.h:207:14: warning: compound assignment with 'volatile'-qualified left operand is deprecated [-Wvolatile]
  207 |   SCB->SHCSR &= ~SCB_SHCSR_MEMFAULTENA_Msk;
../Drivers/CMSIS/Include/mpu_armv7.h:209:14: warning: compound assignment with 'volatile'-qualified left operand is deprecated [-Wvolatile]
  209 |   MPU->CTRL  &= ~MPU_CTRL_ENABLE_Msk;
../Core/Src/main.cpp: In function 'int main()':
../Core/Src/main.cpp:103:3: error: expected initializer before 'uint8_t'
  103 |   uint8_t eeData[256];
      |   ^~~~~~~
../Core/Src/main.cpp:105:19: error: 'eeData' was not declared in this scope
  105 |   MLX90621_DumpEE(eeData);
      |                   ^~~~~~
../Core/Src/main.cpp: In function 'void SystemClock_Config()':
../Core/Src/main.cpp:125:44: warning: missing initializer for member 'RCC_OscInitTypeDef::HSEState' [-Wmissing-field-initializers]
  125 |   RCC_OscInitTypeDef RCC_OscInitStruct = {0};
      |                                            ^
../Core/Src/main.cpp:125:44: warning: missing initializer for member 'RCC_OscInitTypeDef::LSEState' [-Wmissing-field-initializers]
../Core/Src/main.cpp:125:44: warning: missing initializer for member 'RCC_OscInitTypeDef::HSIState' [-Wmissing-field-initializers]
../Core/Src/main.cpp:125:44: warning: missing initializer for member 'RCC_OscInitTypeDef::HSICalibrationValue' [-Wmissing-field-initializers]
../Core/Src/main.cpp:125:44: warning: missing initializer for member 'RCC_OscInitTypeDef::LSIState' [-Wmissing-field-initializers]
../Core/Src/main.cpp:125:44: warning: missing initializer for member 'RCC_OscInitTypeDef::LSIDiv' [-Wmissing-field-initializers]
../Core/Src/main.cpp:125:44: warning: missing initializer for member 'RCC_OscInitTypeDef::MSIState' [-Wmissing-field-initializers]
../Core/Src/main.cpp:125:44: warning: missing initializer for member 'RCC_OscInitTypeDef::MSICalibrationValue' [-Wmissing-field-initializers]
../Core/Src/main.cpp:125:44: warning: missing initializer for member 'RCC_OscInitTypeDef::MSIClockRange' [-Wmissing-field-initializers]
../Core/Src/main.cpp:125:44: warning: missing initializer for member 'RCC_OscInitTypeDef::HSI48State' [-Wmissing-field-initializers]
../Core/Src/main.cpp:125:44: warning: missing initializer for member 'RCC_OscInitTypeDef::PLL' [-Wmissing-field-initializers]
../Core/Src/main.cpp:126:44: warning: missing initializer for member 'RCC_ClkInitTypeDef::SYSCLKSource' [-Wmissing-field-initializers]
  126 |   RCC_ClkInitTypeDef RCC_ClkInitStruct = {0};
      |                                            ^
../Core/Src/main.cpp:126:44: warning: missing initializer for member 'RCC_ClkInitTypeDef::AHBCLKDivider' [-Wmissing-field-initializers]
../Core/Src/main.cpp:126:44: warning: missing initializer for member 'RCC_ClkInitTypeDef::APB1CLKDivider' [-Wmissing-field-initializers]
../Core/Src/main.cpp:126:44: warning: missing initializer for member 'RCC_ClkInitTypeDef::APB2CLKDivider' [-Wmissing-field-initializers]
make: *** [Core/Src/subdir.mk:55: Core/Src/main.o] Error 1
"make -j12 all" terminated with exit code 2. Build might be incomplete.
13:41:22 **** Incremental Build of configuration Debug for project Tire_Temperature_Sensor ****
make -j12 all 
arm-none-eabi-g++ "../Core/Src/main.cpp" -mcpu=cortex-m4 -std=c++20 -g3 -DDEBUG -DUSE_HAL_DRIVER -DSTM32L4P5xx -c -I../Core/Inc -I../Drivers/STM32L4xx_HAL_Driver/Inc -I../Drivers/STM32L4xx_HAL_Driver/Inc/Legacy -I../Drivers/CMSIS/Device/ST/STM32L4xx/Include -I../Drivers/CMSIS/Include -O0 -ffunction-sections -fdata-sections -fno-exceptions -fno-rtti -fno-use-cxa-atexit -Wall -Wextra -pedantic -Wswitch-default -Wswitch-enum -Wconversion -fstack-usage -MMD -MP -MF"Core/Src/main.d" -MT"Core/Src/main.o" --specs=nano.specs -mfpu=fpv4-sp-d16 -mfloat-abi=hard -mthumb -o "Core/Src/main.o"
In file included from ../Drivers/CMSIS/Include/core_cm4.h:1955,
                 from ../Drivers/CMSIS/Device/ST/STM32L4xx/Include/stm32l4p5xx.h:170,
                 from ../Drivers/CMSIS/Device/ST/STM32L4xx/Include/stm32l4xx.h:159,
                 from ../Drivers/STM32L4xx_HAL_Driver/Inc/stm32l4xx_hal_def.h:29,
                 from ../Drivers/STM32L4xx_HAL_Driver/Inc/stm32l4xx_hal_rcc.h:27,
                 from ../Core/Inc/stm32l4xx_hal_conf.h:258,
                 from ../Drivers/STM32L4xx_HAL_Driver/Inc/stm32l4xx_hal.h:29,
                 from ../Core/Inc/main.h:30,
                 from ../Core/Src/main.cpp:20:
../Drivers/CMSIS/Include/mpu_armv7.h: In function 'void ARM_MPU_Enable(uint32_t)':
../Drivers/CMSIS/Include/mpu_armv7.h:195:14: warning: compound assignment with 'volatile'-qualified left operand is deprecated [-Wvolatile]
  195 |   SCB->SHCSR |= SCB_SHCSR_MEMFAULTENA_Msk;
../Drivers/CMSIS/Include/mpu_armv7.h: In function 'void ARM_MPU_Disable()':
../Drivers/CMSIS/Include/mpu_armv7.h:207:14: warning: compound assignment with 'volatile'-qualified left operand is deprecated [-Wvolatile]
  207 |   SCB->SHCSR &= ~SCB_SHCSR_MEMFAULTENA_Msk;
../Drivers/CMSIS/Include/mpu_armv7.h:209:14: warning: compound assignment with 'volatile'-qualified left operand is deprecated [-Wvolatile]
  209 |   MPU->CTRL  &= ~MPU_CTRL_ENABLE_Msk;
../Core/Src/main.cpp: In function 'int main()':
../Core/Src/main.cpp:102:7: warning: unused variable 'status' [-Wunused-variable]
  102 |   int status;
      |       ^~~~~~
../Core/Src/main.cpp: In function 'void SystemClock_Config()':
../Core/Src/main.cpp:125:44: warning: missing initializer for member 'RCC_OscInitTypeDef::HSEState' [-Wmissing-field-initializers]
  125 |   RCC_OscInitTypeDef RCC_OscInitStruct = {0};
      |                                            ^
../Core/Src/main.cpp:125:44: warning: missing initializer for member 'RCC_OscInitTypeDef::LSEState' [-Wmissing-field-initializers]
../Core/Src/main.cpp:125:44: warning: missing initializer for member 'RCC_OscInitTypeDef::HSIState' [-Wmissing-field-initializers]
../Core/Src/main.cpp:125:44: warning: missing initializer for member 'RCC_OscInitTypeDef::HSICalibrationValue' [-Wmissing-field-initializers]
../Core/Src/main.cpp:125:44: warning: missing initializer for member 'RCC_OscInitTypeDef::LSIState' [-Wmissing-field-initializers]
../Core/Src/main.cpp:125:44: warning: missing initializer for member 'RCC_OscInitTypeDef::LSIDiv' [-Wmissing-field-initializers]
../Core/Src/main.cpp:125:44: warning: missing initializer for member 'RCC_OscInitTypeDef::MSIState' [-Wmissing-field-initializers]
../Core/Src/main.cpp:125:44: warning: missing initializer for member 'RCC_OscInitTypeDef::MSICalibrationValue' [-Wmissing-field-initializers]
../Core/Src/main.cpp:125:44: warning: missing initializer for member 'RCC_OscInitTypeDef::MSIClockRange' [-Wmissing-field-initializers]
../Core/Src/main.cpp:125:44: warning: missing initializer for member 'RCC_OscInitTypeDef::HSI48State' [-Wmissing-field-initializers]
../Core/Src/main.cpp:125:44: warning: missing initializer for member 'RCC_OscInitTypeDef::PLL' [-Wmissing-field-initializers]
../Core/Src/main.cpp:126:44: warning: missing initializer for member 'RCC_ClkInitTypeDef::SYSCLKSource' [-Wmissing-field-initializers]
  126 |   RCC_ClkInitTypeDef RCC_ClkInitStruct = {0};
      |                                            ^
../Core/Src/main.cpp:126:44: warning: missing initializer for member 'RCC_ClkInitTypeDef::AHBCLKDivider' [-Wmissing-field-initializers]
../Core/Src/main.cpp:126:44: warning: missing initializer for member 'RCC_ClkInitTypeDef::APB1CLKDivider' [-Wmissing-field-initializers]
../Core/Src/main.cpp:126:44: warning: missing initializer for member 'RCC_ClkInitTypeDef::APB2CLKDivider' [-Wmissing-field-initializers]
arm-none-eabi-g++ -o "Tire_Temperature_Sensor.elf" @"objects.list"   -mcpu=cortex-m4 -T"/home/mateusz/Desktop/Tire_Temperature_Sensor/FIRMWARE/Tire_Temperature_Sensor/STM32L4P5RETX_FLASH.ld" -Wl,-Map="Tire_Temperature_Sensor.map" -Wl,--gc-sections -static --specs=nano.specs -mfpu=fpv4-sp-d16 -mfloat-abi=hard -mthumb -Wl,--start-group -lc -lm -lstdc++ -lsupc++ -Wl,--end-group
Finished building target: Tire_Temperature_Sensor.elf
 
arm-none-eabi-size   Tire_Temperature_Sensor.elf 
arm-none-eabi-objdump -h -S  Tire_Temperature_Sensor.elf  > "Tire_Temperature_Sensor.list"
   text	   data	    bss	    dec	    hex	filename
  15356	     20	   1700	  17076	   42b4	Tire_Temperature_Sensor.elf
Finished building: default.size.stdout
 
Finished building: Tire_Temperature_Sensor.list
 
13:42:00 **** Incremental Build of configuration Debug for project Tire_Temperature_Sensor ****
make -j12 all 
arm-none-eabi-g++ "../Core/Src/main.cpp" -mcpu=cortex-m4 -std=c++20 -g3 -DDEBUG -DUSE_HAL_DRIVER -DSTM32L4P5xx -c -I../Core/Inc -I../Drivers/STM32L4xx_HAL_Driver/Inc -I../Drivers/STM32L4xx_HAL_Driver/Inc/Legacy -I../Drivers/CMSIS/Device/ST/STM32L4xx/Include -I../Drivers/CMSIS/Include -O0 -ffunction-sections -fdata-sections -fno-exceptions -fno-rtti -fno-use-cxa-atexit -Wall -Wextra -pedantic -Wswitch-default -Wswitch-enum -Wconversion -fstack-usage -MMD -MP -MF"Core/Src/main.d" -MT"Core/Src/main.o" --specs=nano.specs -mfpu=fpv4-sp-d16 -mfloat-abi=hard -mthumb -o "Core/Src/main.o"
In file included from ../Drivers/CMSIS/Include/core_cm4.h:1955,
                 from ../Drivers/CMSIS/Device/ST/STM32L4xx/Include/stm32l4p5xx.h:170,
                 from ../Drivers/CMSIS/Device/ST/STM32L4xx/Include/stm32l4xx.h:159,
                 from ../Drivers/STM32L4xx_HAL_Driver/Inc/stm32l4xx_hal_def.h:29,
                 from ../Drivers/STM32L4xx_HAL_Driver/Inc/stm32l4xx_hal_rcc.h:27,
                 from ../Core/Inc/stm32l4xx_hal_conf.h:258,
                 from ../Drivers/STM32L4xx_HAL_Driver/Inc/stm32l4xx_hal.h:29,
                 from ../Core/Inc/main.h:30,
                 from ../Core/Src/main.cpp:20:
../Drivers/CMSIS/Include/mpu_armv7.h: In function 'void ARM_MPU_Enable(uint32_t)':
../Drivers/CMSIS/Include/mpu_armv7.h:195:14: warning: compound assignment with 'volatile'-qualified left operand is deprecated [-Wvolatile]
  195 |   SCB->SHCSR |= SCB_SHCSR_MEMFAULTENA_Msk;
../Drivers/CMSIS/Include/mpu_armv7.h: In function 'void ARM_MPU_Disable()':
../Drivers/CMSIS/Include/mpu_armv7.h:207:14: warning: compound assignment with 'volatile'-qualified left operand is deprecated [-Wvolatile]
  207 |   SCB->SHCSR &= ~SCB_SHCSR_MEMFAULTENA_Msk;
../Drivers/CMSIS/Include/mpu_armv7.h:209:14: warning: compound assignment with 'volatile'-qualified left operand is deprecated [-Wvolatile]
  209 |   MPU->CTRL  &= ~MPU_CTRL_ENABLE_Msk;
../Core/Src/main.cpp: In function 'int main()':
../Core/Src/main.cpp:102:7: warning: variable 'status' set but not used [-Wunused-but-set-variable]
  102 |   int status;
      |       ^~~~~~
../Core/Src/main.cpp: In function 'void SystemClock_Config()':
../Core/Src/main.cpp:125:44: warning: missing initializer for member 'RCC_OscInitTypeDef::HSEState' [-Wmissing-field-initializers]
  125 |   RCC_OscInitTypeDef RCC_OscInitStruct = {0};
      |                                            ^
../Core/Src/main.cpp:125:44: warning: missing initializer for member 'RCC_OscInitTypeDef::LSEState' [-Wmissing-field-initializers]
../Core/Src/main.cpp:125:44: warning: missing initializer for member 'RCC_OscInitTypeDef::HSIState' [-Wmissing-field-initializers]
../Core/Src/main.cpp:125:44: warning: missing initializer for member 'RCC_OscInitTypeDef::HSICalibrationValue' [-Wmissing-field-initializers]
../Core/Src/main.cpp:125:44: warning: missing initializer for member 'RCC_OscInitTypeDef::LSIState' [-Wmissing-field-initializers]
../Core/Src/main.cpp:125:44: warning: missing initializer for member 'RCC_OscInitTypeDef::LSIDiv' [-Wmissing-field-initializers]
../Core/Src/main.cpp:125:44: warning: missing initializer for member 'RCC_OscInitTypeDef::MSIState' [-Wmissing-field-initializers]
../Core/Src/main.cpp:125:44: warning: missing initializer for member 'RCC_OscInitTypeDef::MSICalibrationValue' [-Wmissing-field-initializers]
../Core/Src/main.cpp:125:44: warning: missing initializer for member 'RCC_OscInitTypeDef::MSIClockRange' [-Wmissing-field-initializers]
../Core/Src/main.cpp:125:44: warning: missing initializer for member 'RCC_OscInitTypeDef::HSI48State' [-Wmissing-field-initializers]
../Core/Src/main.cpp:125:44: warning: missing initializer for member 'RCC_OscInitTypeDef::PLL' [-Wmissing-field-initializers]
../Core/Src/main.cpp:126:44: warning: missing initializer for member 'RCC_ClkInitTypeDef::SYSCLKSource' [-Wmissing-field-initializers]
  126 |   RCC_ClkInitTypeDef RCC_ClkInitStruct = {0};
      |                                            ^
../Core/Src/main.cpp:126:44: warning: missing initializer for member 'RCC_ClkInitTypeDef::AHBCLKDivider' [-Wmissing-field-initializers]
../Core/Src/main.cpp:126:44: warning: missing initializer for member 'RCC_ClkInitTypeDef::APB1CLKDivider' [-Wmissing-field-initializers]
../Core/Src/main.cpp:126:44: warning: missing initializer for member 'RCC_ClkInitTypeDef::APB2CLKDivider' [-Wmissing-field-initializers]
arm-none-eabi-g++ -o "Tire_Temperature_Sensor.elf" @"objects.list"   -mcpu=cortex-m4 -T"/home/mateusz/Desktop/Tire_Temperature_Sensor/FIRMWARE/Tire_Temperature_Sensor/STM32L4P5RETX_FLASH.ld" -Wl,-Map="Tire_Temperature_Sensor.map" -Wl,--gc-sections -static --specs=nano.specs -mfpu=fpv4-sp-d16 -mfloat-abi=hard -mthumb -Wl,--start-group -lc -lm -lstdc++ -lsupc++ -Wl,--end-group
Finished building target: Tire_Temperature_Sensor.elf
 
arm-none-eabi-size   Tire_Temperature_Sensor.elf 
arm-none-eabi-objdump -h -S  Tire_Temperature_Sensor.elf  > "Tire_Temperature_Sensor.list"
   text	   data	    bss	    dec	    hex	filename
  15364	     20	   1700	  17084	   42bc	Tire_Temperature_Sensor.elf
Finished building: default.size.stdout
 
Finished building: Tire_Temperature_Sensor.list
 
13:43:12 **** Incremental Build of configuration Debug for project Tire_Temperature_Sensor ****
make -j12 all 
arm-none-eabi-g++ "../Core/Src/main.cpp" -mcpu=cortex-m4 -std=c++20 -g3 -DDEBUG -DUSE_HAL_DRIVER -DSTM32L4P5xx -c -I../Core/Inc -I../Drivers/STM32L4xx_HAL_Driver/Inc -I../Drivers/STM32L4xx_HAL_Driver/Inc/Legacy -I../Drivers/CMSIS/Device/ST/STM32L4xx/Include -I../Drivers/CMSIS/Include -O0 -ffunction-sections -fdata-sections -fno-exceptions -fno-rtti -fno-use-cxa-atexit -Wall -Wextra -pedantic -Wswitch-default -Wswitch-enum -Wconversion -fstack-usage -MMD -MP -MF"Core/Src/main.d" -MT"Core/Src/main.o" --specs=nano.specs -mfpu=fpv4-sp-d16 -mfloat-abi=hard -mthumb -o "Core/Src/main.o"
In file included from ../Drivers/CMSIS/Include/core_cm4.h:1955,
                 from ../Drivers/CMSIS/Device/ST/STM32L4xx/Include/stm32l4p5xx.h:170,
                 from ../Drivers/CMSIS/Device/ST/STM32L4xx/Include/stm32l4xx.h:159,
                 from ../Drivers/STM32L4xx_HAL_Driver/Inc/stm32l4xx_hal_def.h:29,
                 from ../Drivers/STM32L4xx_HAL_Driver/Inc/stm32l4xx_hal_rcc.h:27,
                 from ../Core/Inc/stm32l4xx_hal_conf.h:258,
                 from ../Drivers/STM32L4xx_HAL_Driver/Inc/stm32l4xx_hal.h:29,
                 from ../Core/Inc/main.h:30,
                 from ../Core/Src/main.cpp:20:
../Drivers/CMSIS/Include/mpu_armv7.h: In function 'void ARM_MPU_Enable(uint32_t)':
../Drivers/CMSIS/Include/mpu_armv7.h:195:14: warning: compound assignment with 'volatile'-qualified left operand is deprecated [-Wvolatile]
  195 |   SCB->SHCSR |= SCB_SHCSR_MEMFAULTENA_Msk;
../Drivers/CMSIS/Include/mpu_armv7.h: In function 'void ARM_MPU_Disable()':
../Drivers/CMSIS/Include/mpu_armv7.h:207:14: warning: compound assignment with 'volatile'-qualified left operand is deprecated [-Wvolatile]
  207 |   SCB->SHCSR &= ~SCB_SHCSR_MEMFAULTENA_Msk;
../Drivers/CMSIS/Include/mpu_armv7.h:209:14: warning: compound assignment with 'volatile'-qualified left operand is deprecated [-Wvolatile]
  209 |   MPU->CTRL  &= ~MPU_CTRL_ENABLE_Msk;
../Core/Src/main.cpp: In function 'int main()':
../Core/Src/main.cpp:102:7: warning: variable 'status' set but not used [-Wunused-but-set-variable]
  102 |   int status;
      |       ^~~~~~
../Core/Src/main.cpp: In function 'void SystemClock_Config()':
../Core/Src/main.cpp:126:44: warning: missing initializer for member 'RCC_OscInitTypeDef::HSEState' [-Wmissing-field-initializers]
  126 |   RCC_OscInitTypeDef RCC_OscInitStruct = {0};
      |                                            ^
../Core/Src/main.cpp:126:44: warning: missing initializer for member 'RCC_OscInitTypeDef::LSEState' [-Wmissing-field-initializers]
../Core/Src/main.cpp:126:44: warning: missing initializer for member 'RCC_OscInitTypeDef::HSIState' [-Wmissing-field-initializers]
../Core/Src/main.cpp:126:44: warning: missing initializer for member 'RCC_OscInitTypeDef::HSICalibrationValue' [-Wmissing-field-initializers]
../Core/Src/main.cpp:126:44: warning: missing initializer for member 'RCC_OscInitTypeDef::LSIState' [-Wmissing-field-initializers]
../Core/Src/main.cpp:126:44: warning: missing initializer for member 'RCC_OscInitTypeDef::LSIDiv' [-Wmissing-field-initializers]
../Core/Src/main.cpp:126:44: warning: missing initializer for member 'RCC_OscInitTypeDef::MSIState' [-Wmissing-field-initializers]
../Core/Src/main.cpp:126:44: warning: missing initializer for member 'RCC_OscInitTypeDef::MSICalibrationValue' [-Wmissing-field-initializers]
../Core/Src/main.cpp:126:44: warning: missing initializer for member 'RCC_OscInitTypeDef::MSIClockRange' [-Wmissing-field-initializers]
../Core/Src/main.cpp:126:44: warning: missing initializer for member 'RCC_OscInitTypeDef::HSI48State' [-Wmissing-field-initializers]
../Core/Src/main.cpp:126:44: warning: missing initializer for member 'RCC_OscInitTypeDef::PLL' [-Wmissing-field-initializers]
../Core/Src/main.cpp:127:44: warning: missing initializer for member 'RCC_ClkInitTypeDef::SYSCLKSource' [-Wmissing-field-initializers]
  127 |   RCC_ClkInitTypeDef RCC_ClkInitStruct = {0};
      |                                            ^
../Core/Src/main.cpp:127:44: warning: missing initializer for member 'RCC_ClkInitTypeDef::AHBCLKDivider' [-Wmissing-field-initializers]
../Core/Src/main.cpp:127:44: warning: missing initializer for member 'RCC_ClkInitTypeDef::APB1CLKDivider' [-Wmissing-field-initializers]
../Core/Src/main.cpp:127:44: warning: missing initializer for member 'RCC_ClkInitTypeDef::APB2CLKDivider' [-Wmissing-field-initializers]
arm-none-eabi-g++ -o "Tire_Temperature_Sensor.elf" @"objects.list"   -mcpu=cortex-m4 -T"/home/mateusz/Desktop/Tire_Temperature_Sensor/FIRMWARE/Tire_Temperature_Sensor/STM32L4P5RETX_FLASH.ld" -Wl,-Map="Tire_Temperature_Sensor.map" -Wl,--gc-sections -static --specs=nano.specs -mfpu=fpv4-sp-d16 -mfloat-abi=hard -mthumb -Wl,--start-group -lc -lm -lstdc++ -lsupc++ -Wl,--end-group
Finished building target: Tire_Temperature_Sensor.elf
 
arm-none-eabi-size   Tire_Temperature_Sensor.elf 
arm-none-eabi-objdump -h -S  Tire_Temperature_Sensor.elf  > "Tire_Temperature_Sensor.list"
   text	   data	    bss	    dec	    hex	filename
  15364	     20	   1700	  17084	   42bc	Tire_Temperature_Sensor.elf
Finished building: default.size.stdout
 
Finished building: Tire_Temperature_Sensor.list
 
13:43:28 **** Incremental Build of configuration Debug for project Tire_Temperature_Sensor ****
make -j12 all 
arm-none-eabi-size   Tire_Temperature_Sensor.elf 
   text	   data	    bss	    dec	    hex	filename
  15364	     20	   1700	  17084	   42bc	Tire_Temperature_Sensor.elf
Finished building: default.size.stdout
 
13:44:54 **** Incremental Build of configuration Debug for project Tire_Temperature_Sensor ****
make -j12 all 
arm-none-eabi-size   Tire_Temperature_Sensor.elf 
   text	   data	    bss	    dec	    hex	filename
  15364	     20	   1700	  17084	   42bc	Tire_Temperature_Sensor.elf
Finished building: default.size.stdout
 
15:43:31 **** Incremental Build of configuration Debug for project Tire_Temperature_Sensor ****
make -j12 all 
arm-none-eabi-size   Tire_Temperature_Sensor.elf 
   text	   data	    bss	    dec	    hex	filename
  15364	     20	   1700	  17084	   42bc	Tire_Temperature_Sensor.elf
Finished building: default.size.stdout
 
15:44:15 **** Incremental Build of configuration Debug for project Tire_Temperature_Sensor ****
make -j12 all 
arm-none-eabi-size   Tire_Temperature_Sensor.elf 
   text	   data	    bss	    dec	    hex	filename
  15364	     20	   1700	  17084	   42bc	Tire_Temperature_Sensor.elf
Finished building: default.size.stdout
 
15:45:16 **** Incremental Build of configuration Debug for project Tire_Temperature_Sensor ****
make -j12 all 
arm-none-eabi-size   Tire_Temperature_Sensor.elf 
   text	   data	    bss	    dec	    hex	filename
  15364	     20	   1700	  17084	   42bc	Tire_Temperature_Sensor.elf
Finished building: default.size.stdout
 
15:45:50 **** Incremental Build of configuration Debug for project Tire_Temperature_Sensor ****
make -j12 all 
arm-none-eabi-size   Tire_Temperature_Sensor.elf 
   text	   data	    bss	    dec	    hex	filename
  15364	     20	   1700	  17084	   42bc	Tire_Temperature_Sensor.elf
Finished building: default.size.stdout
 
15:46:14 **** Incremental Build of configuration Debug for project Tire_Temperature_Sensor ****
make -j12 all 
arm-none-eabi-size   Tire_Temperature_Sensor.elf 
   text	   data	    bss	    dec	    hex	filename
  15364	     20	   1700	  17084	   42bc	Tire_Temperature_Sensor.elf
Finished building: default.size.stdout
 
15:50:55 **** Incremental Build of configuration Debug for project Tire_Temperature_Sensor ****
make -j12 all 
arm-none-eabi-g++ "../Core/Src/MLX90621_I2C_Driver.cpp" -mcpu=cortex-m4 -std=c++20 -g3 -DDEBUG -DUSE_HAL_DRIVER -DSTM32L4P5xx -c -I../Core/Inc -I../Drivers/STM32L4xx_HAL_Driver/Inc -I../Drivers/STM32L4xx_HAL_Driver/Inc/Legacy -I../Drivers/CMSIS/Device/ST/STM32L4xx/Include -I../Drivers/CMSIS/Include -O0 -ffunction-sections -fdata-sections -fno-exceptions -fno-rtti -fno-use-cxa-atexit -Wall -Wextra -pedantic -Wswitch-default -Wswitch-enum -Wconversion -fstack-usage -MMD -MP -MF"Core/Src/MLX90621_I2C_Driver.d" -MT"Core/Src/MLX90621_I2C_Driver.o" --specs=nano.specs -mfpu=fpv4-sp-d16 -mfloat-abi=hard -mthumb -o "Core/Src/MLX90621_I2C_Driver.o"
In file included from ../Drivers/CMSIS/Include/core_cm4.h:1955,
                 from ../Drivers/CMSIS/Device/ST/STM32L4xx/Include/stm32l4p5xx.h:170,
                 from ../Drivers/CMSIS/Device/ST/STM32L4xx/Include/stm32l4xx.h:159,
                 from ../Drivers/STM32L4xx_HAL_Driver/Inc/stm32l4xx_hal_def.h:29,
                 from ../Drivers/STM32L4xx_HAL_Driver/Inc/stm32l4xx_hal_rcc.h:27,
                 from ../Core/Inc/stm32l4xx_hal_conf.h:258,
                 from ../Drivers/STM32L4xx_HAL_Driver/Inc/stm32l4xx_hal.h:29,
                 from ../Core/Inc/main.h:30,
                 from ../Core/Inc/i2c.h:29,
                 from ../Core/Src/MLX90621_I2C_Driver.cpp:17:
../Drivers/CMSIS/Include/mpu_armv7.h: In function 'void ARM_MPU_Enable(uint32_t)':
../Drivers/CMSIS/Include/mpu_armv7.h:195:14: warning: compound assignment with 'volatile'-qualified left operand is deprecated [-Wvolatile]
  195 |   SCB->SHCSR |= SCB_SHCSR_MEMFAULTENA_Msk;
../Drivers/CMSIS/Include/mpu_armv7.h: In function 'void ARM_MPU_Disable()':
../Drivers/CMSIS/Include/mpu_armv7.h:207:14: warning: compound assignment with 'volatile'-qualified left operand is deprecated [-Wvolatile]
  207 |   SCB->SHCSR &= ~SCB_SHCSR_MEMFAULTENA_Msk;
../Drivers/CMSIS/Include/mpu_armv7.h:209:14: warning: compound assignment with 'volatile'-qualified left operand is deprecated [-Wvolatile]
  209 |   MPU->CTRL  &= ~MPU_CTRL_ENABLE_Msk;
../Core/Src/MLX90621_I2C_Driver.cpp: In function 'int MLX90621_I2CReadEEPROM(uint8_t, uint8_t, uint16_t, uint8_t*)':
../Core/Src/MLX90621_I2C_Driver.cpp:30:9: warning: unused variable 'ack' [-Wunused-variable]
   30 |     int ack = 0;
      |         ^~~
../Core/Src/MLX90621_I2C_Driver.cpp: In function 'int MLX90621_I2CRead(uint8_t, uint8_t, uint8_t, uint8_t, uint8_t, uint16_t*)':
../Core/Src/MLX90621_I2C_Driver.cpp:133:43: warning: conversion from 'int' to 'uint16_t' {aka 'short unsigned int'} may change value [-Wconversion]
  133 |         *p++ = (uint16_t)i2cData[i+1]*256 + (uint16_t)i2cData[i];
      |                ~~~~~~~~~~~~~~~~~~~~~~~~~~~^~~~~~~~~~~~~~~~~~~~~~
../Core/Src/MLX90621_I2C_Driver.cpp:86:9: warning: unused variable 'ack' [-Wunused-variable]
   86 |     int ack = 0;
      |         ^~~
../Core/Src/MLX90621_I2C_Driver.cpp: In function 'void MLX90621_I2CFreqSet(int)':
../Core/Src/MLX90621_I2C_Driver.cpp:142:30: warning: unused parameter 'freq' [-Wunused-parameter]
  142 | void MLX90621_I2CFreqSet(int freq)
      |                          ~~~~^~~~
../Core/Src/MLX90621_I2C_Driver.cpp: In function 'int MLX90621_I2CWrite(uint8_t, uint8_t, uint8_t, uint16_t)':
../Core/Src/MLX90621_I2C_Driver.cpp:158:19: warning: conversion from 'int' to 'uint8_t' {aka 'unsigned char'} may change value [-Wconversion]
  158 |     cmd[2] = data & 0x00FF;
      |              ~~~~~^~~~~~~~
../Core/Src/MLX90621_I2C_Driver.cpp:160:19: warning: conversion from 'int' to 'uint8_t' {aka 'unsigned char'} may change value [-Wconversion]
  160 |     cmd[4] = data >> 8;
      |              ~~~~~^~~~
../Core/Src/MLX90621_I2C_Driver.cpp:151:9: warning: unused variable 'ack' [-Wunused-variable]
  151 |     int ack = 0;
      |         ^~~
../Core/Src/MLX90621_I2C_Driver.cpp:182:9: warning: variable 'error' set but not used [-Wunused-but-set-variable]
  182 |     int error;
      |         ^~~~~
arm-none-eabi-g++ -o "Tire_Temperature_Sensor.elf" @"objects.list"   -mcpu=cortex-m4 -T"/home/mateusz/Desktop/Tire_Temperature_Sensor/FIRMWARE/Tire_Temperature_Sensor/STM32L4P5RETX_FLASH.ld" -Wl,-Map="Tire_Temperature_Sensor.map" -Wl,--gc-sections -static --specs=nano.specs -mfpu=fpv4-sp-d16 -mfloat-abi=hard -mthumb -Wl,--start-group -lc -lm -lstdc++ -lsupc++ -Wl,--end-group
Finished building target: Tire_Temperature_Sensor.elf
 
arm-none-eabi-size   Tire_Temperature_Sensor.elf 
arm-none-eabi-objdump -h -S  Tire_Temperature_Sensor.elf  > "Tire_Temperature_Sensor.list"
   text	   data	    bss	    dec	    hex	filename
  15368	     20	   1700	  17088	   42c0	Tire_Temperature_Sensor.elf
Finished building: default.size.stdout
 
Finished building: Tire_Temperature_Sensor.list
 
15:51:16 **** Incremental Build of configuration Debug for project Tire_Temperature_Sensor ****
make -j12 all 
arm-none-eabi-size   Tire_Temperature_Sensor.elf 
   text	   data	    bss	    dec	    hex	filename
  15368	     20	   1700	  17088	   42c0	Tire_Temperature_Sensor.elf
Finished building: default.size.stdout
 
15:52:22 **** Incremental Build of configuration Debug for project Tire_Temperature_Sensor ****
make -j12 all 
arm-none-eabi-g++ "../Core/Src/MLX90621_I2C_Driver.cpp" -mcpu=cortex-m4 -std=c++20 -g3 -DDEBUG -DUSE_HAL_DRIVER -DSTM32L4P5xx -c -I../Core/Inc -I../Drivers/STM32L4xx_HAL_Driver/Inc -I../Drivers/STM32L4xx_HAL_Driver/Inc/Legacy -I../Drivers/CMSIS/Device/ST/STM32L4xx/Include -I../Drivers/CMSIS/Include -O0 -ffunction-sections -fdata-sections -fno-exceptions -fno-rtti -fno-use-cxa-atexit -Wall -Wextra -pedantic -Wswitch-default -Wswitch-enum -Wconversion -fstack-usage -MMD -MP -MF"Core/Src/MLX90621_I2C_Driver.d" -MT"Core/Src/MLX90621_I2C_Driver.o" --specs=nano.specs -mfpu=fpv4-sp-d16 -mfloat-abi=hard -mthumb -o "Core/Src/MLX90621_I2C_Driver.o"
In file included from ../Drivers/CMSIS/Include/core_cm4.h:1955,
                 from ../Drivers/CMSIS/Device/ST/STM32L4xx/Include/stm32l4p5xx.h:170,
                 from ../Drivers/CMSIS/Device/ST/STM32L4xx/Include/stm32l4xx.h:159,
                 from ../Drivers/STM32L4xx_HAL_Driver/Inc/stm32l4xx_hal_def.h:29,
                 from ../Drivers/STM32L4xx_HAL_Driver/Inc/stm32l4xx_hal_rcc.h:27,
                 from ../Core/Inc/stm32l4xx_hal_conf.h:258,
                 from ../Drivers/STM32L4xx_HAL_Driver/Inc/stm32l4xx_hal.h:29,
                 from ../Core/Inc/main.h:30,
                 from ../Core/Inc/i2c.h:29,
                 from ../Core/Src/MLX90621_I2C_Driver.cpp:17:
../Drivers/CMSIS/Include/mpu_armv7.h: In function 'void ARM_MPU_Enable(uint32_t)':
../Drivers/CMSIS/Include/mpu_armv7.h:195:14: warning: compound assignment with 'volatile'-qualified left operand is deprecated [-Wvolatile]
  195 |   SCB->SHCSR |= SCB_SHCSR_MEMFAULTENA_Msk;
../Drivers/CMSIS/Include/mpu_armv7.h: In function 'void ARM_MPU_Disable()':
../Drivers/CMSIS/Include/mpu_armv7.h:207:14: warning: compound assignment with 'volatile'-qualified left operand is deprecated [-Wvolatile]
  207 |   SCB->SHCSR &= ~SCB_SHCSR_MEMFAULTENA_Msk;
../Drivers/CMSIS/Include/mpu_armv7.h:209:14: warning: compound assignment with 'volatile'-qualified left operand is deprecated [-Wvolatile]
  209 |   MPU->CTRL  &= ~MPU_CTRL_ENABLE_Msk;
../Core/Src/MLX90621_I2C_Driver.cpp: In function 'int MLX90621_I2CReadEEPROM(uint8_t, uint8_t, uint16_t, uint8_t*)':
../Core/Src/MLX90621_I2C_Driver.cpp:30:9: warning: unused variable 'ack' [-Wunused-variable]
   30 |     int ack = 0;
      |         ^~~
../Core/Src/MLX90621_I2C_Driver.cpp: In function 'int MLX90621_I2CRead(uint8_t, uint8_t, uint8_t, uint8_t, uint8_t, uint16_t*)':
../Core/Src/MLX90621_I2C_Driver.cpp:133:43: warning: conversion from 'int' to 'uint16_t' {aka 'short unsigned int'} may change value [-Wconversion]
  133 |         *p++ = (uint16_t)i2cData[i+1]*256 + (uint16_t)i2cData[i];
      |                ~~~~~~~~~~~~~~~~~~~~~~~~~~~^~~~~~~~~~~~~~~~~~~~~~
../Core/Src/MLX90621_I2C_Driver.cpp:86:9: warning: unused variable 'ack' [-Wunused-variable]
   86 |     int ack = 0;
      |         ^~~
../Core/Src/MLX90621_I2C_Driver.cpp: In function 'void MLX90621_I2CFreqSet(int)':
../Core/Src/MLX90621_I2C_Driver.cpp:142:30: warning: unused parameter 'freq' [-Wunused-parameter]
  142 | void MLX90621_I2CFreqSet(int freq)
      |                          ~~~~^~~~
../Core/Src/MLX90621_I2C_Driver.cpp: In function 'int MLX90621_I2CWrite(uint8_t, uint8_t, uint8_t, uint16_t)':
../Core/Src/MLX90621_I2C_Driver.cpp:158:19: warning: conversion from 'int' to 'uint8_t' {aka 'unsigned char'} may change value [-Wconversion]
  158 |     cmd[2] = data & 0x00FF;
      |              ~~~~~^~~~~~~~
../Core/Src/MLX90621_I2C_Driver.cpp:160:19: warning: conversion from 'int' to 'uint8_t' {aka 'unsigned char'} may change value [-Wconversion]
  160 |     cmd[4] = data >> 8;
      |              ~~~~~^~~~
../Core/Src/MLX90621_I2C_Driver.cpp:151:9: warning: unused variable 'ack' [-Wunused-variable]
  151 |     int ack = 0;
      |         ^~~
arm-none-eabi-g++ -o "Tire_Temperature_Sensor.elf" @"objects.list"   -mcpu=cortex-m4 -T"/home/mateusz/Desktop/Tire_Temperature_Sensor/FIRMWARE/Tire_Temperature_Sensor/STM32L4P5RETX_FLASH.ld" -Wl,-Map="Tire_Temperature_Sensor.map" -Wl,--gc-sections -static --specs=nano.specs -mfpu=fpv4-sp-d16 -mfloat-abi=hard -mthumb -Wl,--start-group -lc -lm -lstdc++ -lsupc++ -Wl,--end-group
Finished building target: Tire_Temperature_Sensor.elf
 
arm-none-eabi-size   Tire_Temperature_Sensor.elf 
arm-none-eabi-objdump -h -S  Tire_Temperature_Sensor.elf  > "Tire_Temperature_Sensor.list"
   text	   data	    bss	    dec	    hex	filename
  15364	     20	   1700	  17084	   42bc	Tire_Temperature_Sensor.elf
Finished building: default.size.stdout
 
Finished building: Tire_Temperature_Sensor.list
 
15:53:29 **** Incremental Build of configuration Debug for project Tire_Temperature_Sensor ****
make -j12 all 
arm-none-eabi-size   Tire_Temperature_Sensor.elf 
   text	   data	    bss	    dec	    hex	filename
  15364	     20	   1700	  17084	   42bc	Tire_Temperature_Sensor.elf
Finished building: default.size.stdout
 
15:54:55 **** Incremental Build of configuration Debug for project Tire_Temperature_Sensor ****
make -j12 all 
arm-none-eabi-size   Tire_Temperature_Sensor.elf 
   text	   data	    bss	    dec	    hex	filename
  15364	     20	   1700	  17084	   42bc	Tire_Temperature_Sensor.elf
Finished building: default.size.stdout
 
15:56:27 **** Incremental Build of configuration Debug for project Tire_Temperature_Sensor ****
make -j12 all 
arm-none-eabi-g++ "../Core/Src/MLX90621_I2C_Driver.cpp" -mcpu=cortex-m4 -std=c++20 -g3 -DDEBUG -DUSE_HAL_DRIVER -DSTM32L4P5xx -c -I../Core/Inc -I../Drivers/STM32L4xx_HAL_Driver/Inc -I../Drivers/STM32L4xx_HAL_Driver/Inc/Legacy -I../Drivers/CMSIS/Device/ST/STM32L4xx/Include -I../Drivers/CMSIS/Include -O0 -ffunction-sections -fdata-sections -fno-exceptions -fno-rtti -fno-use-cxa-atexit -Wall -Wextra -pedantic -Wswitch-default -Wswitch-enum -Wconversion -fstack-usage -MMD -MP -MF"Core/Src/MLX90621_I2C_Driver.d" -MT"Core/Src/MLX90621_I2C_Driver.o" --specs=nano.specs -mfpu=fpv4-sp-d16 -mfloat-abi=hard -mthumb -o "Core/Src/MLX90621_I2C_Driver.o"
In file included from ../Drivers/CMSIS/Include/core_cm4.h:1955,
                 from ../Drivers/CMSIS/Device/ST/STM32L4xx/Include/stm32l4p5xx.h:170,
                 from ../Drivers/CMSIS/Device/ST/STM32L4xx/Include/stm32l4xx.h:159,
                 from ../Drivers/STM32L4xx_HAL_Driver/Inc/stm32l4xx_hal_def.h:29,
                 from ../Drivers/STM32L4xx_HAL_Driver/Inc/stm32l4xx_hal_rcc.h:27,
                 from ../Core/Inc/stm32l4xx_hal_conf.h:258,
                 from ../Drivers/STM32L4xx_HAL_Driver/Inc/stm32l4xx_hal.h:29,
                 from ../Core/Inc/main.h:30,
                 from ../Core/Inc/i2c.h:29,
                 from ../Core/Src/MLX90621_I2C_Driver.cpp:17:
../Drivers/CMSIS/Include/mpu_armv7.h: In function 'void ARM_MPU_Enable(uint32_t)':
../Drivers/CMSIS/Include/mpu_armv7.h:195:14: warning: compound assignment with 'volatile'-qualified left operand is deprecated [-Wvolatile]
  195 |   SCB->SHCSR |= SCB_SHCSR_MEMFAULTENA_Msk;
../Drivers/CMSIS/Include/mpu_armv7.h: In function 'void ARM_MPU_Disable()':
../Drivers/CMSIS/Include/mpu_armv7.h:207:14: warning: compound assignment with 'volatile'-qualified left operand is deprecated [-Wvolatile]
  207 |   SCB->SHCSR &= ~SCB_SHCSR_MEMFAULTENA_Msk;
../Drivers/CMSIS/Include/mpu_armv7.h:209:14: warning: compound assignment with 'volatile'-qualified left operand is deprecated [-Wvolatile]
  209 |   MPU->CTRL  &= ~MPU_CTRL_ENABLE_Msk;
../Core/Src/MLX90621_I2C_Driver.cpp: In function 'int MLX90621_I2CReadEEPROM(uint8_t, uint8_t, uint16_t, uint8_t*)':
../Core/Src/MLX90621_I2C_Driver.cpp:30:9: warning: unused variable 'ack' [-Wunused-variable]
   30 |     int ack = 0;
      |         ^~~
../Core/Src/MLX90621_I2C_Driver.cpp: In function 'int MLX90621_I2CRead(uint8_t, uint8_t, uint8_t, uint8_t, uint8_t, uint16_t*)':
../Core/Src/MLX90621_I2C_Driver.cpp:133:43: warning: conversion from 'int' to 'uint16_t' {aka 'short unsigned int'} may change value [-Wconversion]
  133 |         *p++ = (uint16_t)i2cData[i+1]*256 + (uint16_t)i2cData[i];
      |                ~~~~~~~~~~~~~~~~~~~~~~~~~~~^~~~~~~~~~~~~~~~~~~~~~
../Core/Src/MLX90621_I2C_Driver.cpp:86:9: warning: unused variable 'ack' [-Wunused-variable]
   86 |     int ack = 0;
      |         ^~~
../Core/Src/MLX90621_I2C_Driver.cpp: In function 'void MLX90621_I2CFreqSet(int)':
../Core/Src/MLX90621_I2C_Driver.cpp:142:30: warning: unused parameter 'freq' [-Wunused-parameter]
  142 | void MLX90621_I2CFreqSet(int freq)
      |                          ~~~~^~~~
../Core/Src/MLX90621_I2C_Driver.cpp: In function 'int MLX90621_I2CWrite(uint8_t, uint8_t, uint8_t, uint16_t)':
../Core/Src/MLX90621_I2C_Driver.cpp:158:19: warning: conversion from 'int' to 'uint8_t' {aka 'unsigned char'} may change value [-Wconversion]
  158 |     cmd[2] = data & 0x00FF;
      |              ~~~~~^~~~~~~~
../Core/Src/MLX90621_I2C_Driver.cpp:160:19: warning: conversion from 'int' to 'uint8_t' {aka 'unsigned char'} may change value [-Wconversion]
  160 |     cmd[4] = data >> 8;
      |              ~~~~~^~~~
../Core/Src/MLX90621_I2C_Driver.cpp:151:9: warning: unused variable 'ack' [-Wunused-variable]
  151 |     int ack = 0;
      |         ^~~
arm-none-eabi-g++ -o "Tire_Temperature_Sensor.elf" @"objects.list"   -mcpu=cortex-m4 -T"/home/mateusz/Desktop/Tire_Temperature_Sensor/FIRMWARE/Tire_Temperature_Sensor/STM32L4P5RETX_FLASH.ld" -Wl,-Map="Tire_Temperature_Sensor.map" -Wl,--gc-sections -static --specs=nano.specs -mfpu=fpv4-sp-d16 -mfloat-abi=hard -mthumb -Wl,--start-group -lc -lm -lstdc++ -lsupc++ -Wl,--end-group
Finished building target: Tire_Temperature_Sensor.elf
 
arm-none-eabi-size   Tire_Temperature_Sensor.elf 
arm-none-eabi-objdump -h -S  Tire_Temperature_Sensor.elf  > "Tire_Temperature_Sensor.list"
   text	   data	    bss	    dec	    hex	filename
  15368	     20	   1700	  17088	   42c0	Tire_Temperature_Sensor.elf
Finished building: default.size.stdout
 
Finished building: Tire_Temperature_Sensor.list
 
15:57:54 **** Incremental Build of configuration Debug for project Tire_Temperature_Sensor ****
make -j12 all 
arm-none-eabi-size   Tire_Temperature_Sensor.elf 
   text	   data	    bss	    dec	    hex	filename
  15368	     20	   1700	  17088	   42c0	Tire_Temperature_Sensor.elf
Finished building: default.size.stdout
 
