17:50:19 **** Incremental Build of configuration Debug for project Tire_Temperature_Sensor ****
make -j12 all 
arm-none-eabi-gcc "../Drivers/STM32L4xx_HAL_Driver/Src/stm32l4xx_hal_i2c.c" -mcpu=cortex-m4 -std=gnu11 -g3 -DDEBUG -DUSE_HAL_DRIVER -DSTM32L4P5xx -c -I../Core/Inc -I../Drivers/STM32L4xx_HAL_Driver/Inc -I../Drivers/STM32L4xx_HAL_Driver/Inc/Legacy -I../Drivers/CMSIS/Device/ST/STM32L4xx/Include -I../Drivers/CMSIS/Include -O0 -ffunction-sections -fdata-sections -Wall -fstack-usage -MMD -MP -MF"Drivers/STM32L4xx_HAL_Driver/Src/stm32l4xx_hal_i2c.d" -MT"Drivers/STM32L4xx_HAL_Driver/Src/stm32l4xx_hal_i2c.o" --specs=nano.specs -mfpu=fpv4-sp-d16 -mfloat-abi=hard -mthumb -o "Drivers/STM32L4xx_HAL_Driver/Src/stm32l4xx_hal_i2c.o"
arm-none-eabi-g++ -o "Tire_Temperature_Sensor.elf" @"objects.list"   -mcpu=cortex-m4 -T"/home/mateusz/Desktop/Tire_Temperature_Sensor/FIRMWARE/Tire_Temperature_Sensor/STM32L4P5RETX_FLASH.ld" -Wl,-Map="Tire_Temperature_Sensor.map" -Wl,--gc-sections -static --specs=nano.specs -mfpu=fpv4-sp-d16 -mfloat-abi=hard -mthumb -Wl,--start-group -lc -lm -lstdc++ -lsupc++ -Wl,--end-group
Finished building target: Tire_Temperature_Sensor.elf
 
arm-none-eabi-size   Tire_Temperature_Sensor.elf 
arm-none-eabi-objdump -h -S  Tire_Temperature_Sensor.elf  > "Tire_Temperature_Sensor.list"
   text	   data	    bss	    dec	    hex	filename
  15472	     20	   1956	  17448	   4428	Tire_Temperature_Sensor.elf
Finished building: default.size.stdout
 
Finished building: Tire_Temperature_Sensor.list
 
17:50:24 **** Incremental Build of configuration Debug for project Tire_Temperature_Sensor ****
make -j12 all 
arm-none-eabi-size   Tire_Temperature_Sensor.elf 
   text	   data	    bss	    dec	    hex	filename
  15472	     20	   1956	  17448	   4428	Tire_Temperature_Sensor.elf
Finished building: default.size.stdout
 
18:31:32 **** Incremental Build of configuration Debug for project Tire_Temperature_Sensor ****
make -j12 all 
arm-none-eabi-g++ "../Core/Src/main.cpp" -mcpu=cortex-m4 -std=c++20 -g3 -DDEBUG -DUSE_HAL_DRIVER -DSTM32L4P5xx -c -I../Core/Inc -I../Drivers/STM32L4xx_HAL_Driver/Inc -I../Drivers/STM32L4xx_HAL_Driver/Inc/Legacy -I../Drivers/CMSIS/Device/ST/STM32L4xx/Include -I../Drivers/CMSIS/Include -O0 -ffunction-sections -fdata-sections -fno-exceptions -fno-rtti -fno-use-cxa-atexit -Wall -Wextra -pedantic -Wswitch-default -Wswitch-enum -Wconversion -fstack-usage -MMD -MP -MF"Core/Src/main.d" -MT"Core/Src/main.o" --specs=nano.specs -mfpu=fpv4-sp-d16 -mfloat-abi=hard -mthumb -o "Core/Src/main.o"
In file included from ../Drivers/CMSIS/Include/core_cm4.h:1955,
                 from ../Drivers/CMSIS/Device/ST/STM32L4xx/Include/stm32l4p5xx.h:170,
                 from ../Drivers/CMSIS/Device/ST/STM32L4xx/Include/stm32l4xx.h:159,
                 from ../Drivers/STM32L4xx_HAL_Driver/Inc/stm32l4xx_hal_def.h:29,
                 from ../Drivers/STM32L4xx_HAL_Driver/Inc/stm32l4xx_hal_rcc.h:27,
                 from ../Core/Inc/stm32l4xx_hal_conf.h:258,
                 from ../Drivers/STM32L4xx_HAL_Driver/Inc/stm32l4xx_hal.h:29,
                 from ../Core/Inc/main.h:30,
                 from ../Core/Src/main.cpp:20:
../Drivers/CMSIS/Include/mpu_armv7.h: In function 'void ARM_MPU_Enable(uint32_t)':
../Drivers/CMSIS/Include/mpu_armv7.h:195:14: warning: compound assignment with 'volatile'-qualified left operand is deprecated [-Wvolatile]
  195 |   SCB->SHCSR |= SCB_SHCSR_MEMFAULTENA_Msk;
../Drivers/CMSIS/Include/mpu_armv7.h: In function 'void ARM_MPU_Disable()':
../Drivers/CMSIS/Include/mpu_armv7.h:207:14: warning: compound assignment with 'volatile'-qualified left operand is deprecated [-Wvolatile]
  207 |   SCB->SHCSR &= ~SCB_SHCSR_MEMFAULTENA_Msk;
../Drivers/CMSIS/Include/mpu_armv7.h:209:14: warning: compound assignment with 'volatile'-qualified left operand is deprecated [-Wvolatile]
  209 |   MPU->CTRL  &= ~MPU_CTRL_ENABLE_Msk;
../Core/Src/main.cpp: In function 'int main()':
../Core/Src/main.cpp:111:3: error: 'staic' was not declared in this scope; did you mean 'static'?
  111 |   staic int mlx90621Frame[66];
      |   ^~~~~
      |   static
../Core/Src/main.cpp:120:39: error: 'eeData' was not declared in this scope
  120 |   status = MLX90621_ExtractParameters(eeData, mlx90621);
      |                                       ^~~~~~
../Core/Src/main.cpp:122:34: error: 'mlx90621Frame' was not declared in this scope; did you mean 'mlx90621'?
  122 |   status = MLX90621_GetFrameData(mlx90621Frame);
      |                                  ^~~~~~~~~~~~~
      |                                  mlx90621
../Core/Src/main.cpp: In function 'void SystemClock_Config()':
../Core/Src/main.cpp:145:44: warning: missing initializer for member 'RCC_OscInitTypeDef::HSEState' [-Wmissing-field-initializers]
  145 |   RCC_OscInitTypeDef RCC_OscInitStruct = {0};
      |                                            ^
../Core/Src/main.cpp:145:44: warning: missing initializer for member 'RCC_OscInitTypeDef::LSEState' [-Wmissing-field-initializers]
../Core/Src/main.cpp:145:44: warning: missing initializer for member 'RCC_OscInitTypeDef::HSIState' [-Wmissing-field-initializers]
../Core/Src/main.cpp:145:44: warning: missing initializer for member 'RCC_OscInitTypeDef::HSICalibrationValue' [-Wmissing-field-initializers]
../Core/Src/main.cpp:145:44: warning: missing initializer for member 'RCC_OscInitTypeDef::LSIState' [-Wmissing-field-initializers]
../Core/Src/main.cpp:145:44: warning: missing initializer for member 'RCC_OscInitTypeDef::LSIDiv' [-Wmissing-field-initializers]
../Core/Src/main.cpp:145:44: warning: missing initializer for member 'RCC_OscInitTypeDef::MSIState' [-Wmissing-field-initializers]
../Core/Src/main.cpp:145:44: warning: missing initializer for member 'RCC_OscInitTypeDef::MSICalibrationValue' [-Wmissing-field-initializers]
../Core/Src/main.cpp:145:44: warning: missing initializer for member 'RCC_OscInitTypeDef::MSIClockRange' [-Wmissing-field-initializers]
../Core/Src/main.cpp:145:44: warning: missing initializer for member 'RCC_OscInitTypeDef::HSI48State' [-Wmissing-field-initializers]
../Core/Src/main.cpp:145:44: warning: missing initializer for member 'RCC_OscInitTypeDef::PLL' [-Wmissing-field-initializers]
../Core/Src/main.cpp:146:44: warning: missing initializer for member 'RCC_ClkInitTypeDef::SYSCLKSource' [-Wmissing-field-initializers]
  146 |   RCC_ClkInitTypeDef RCC_ClkInitStruct = {0};
      |                                            ^
../Core/Src/main.cpp:146:44: warning: missing initializer for member 'RCC_ClkInitTypeDef::AHBCLKDivider' [-Wmissing-field-initializers]
../Core/Src/main.cpp:146:44: warning: missing initializer for member 'RCC_ClkInitTypeDef::APB1CLKDivider' [-Wmissing-field-initializers]
../Core/Src/main.cpp:146:44: warning: missing initializer for member 'RCC_ClkInitTypeDef::APB2CLKDivider' [-Wmissing-field-initializers]
make: *** [Core/Src/subdir.mk:55: Core/Src/main.o] Error 1
"make -j12 all" terminated with exit code 2. Build might be incomplete.
18:32:18 **** Incremental Build of configuration Debug for project Tire_Temperature_Sensor ****
make -j12 all 
arm-none-eabi-g++ "../Core/Src/main.cpp" -mcpu=cortex-m4 -std=c++20 -g3 -DDEBUG -DUSE_HAL_DRIVER -DSTM32L4P5xx -c -I../Core/Inc -I../Drivers/STM32L4xx_HAL_Driver/Inc -I../Drivers/STM32L4xx_HAL_Driver/Inc/Legacy -I../Drivers/CMSIS/Device/ST/STM32L4xx/Include -I../Drivers/CMSIS/Include -O0 -ffunction-sections -fdata-sections -fno-exceptions -fno-rtti -fno-use-cxa-atexit -Wall -Wextra -pedantic -Wswitch-default -Wswitch-enum -Wconversion -fstack-usage -MMD -MP -MF"Core/Src/main.d" -MT"Core/Src/main.o" --specs=nano.specs -mfpu=fpv4-sp-d16 -mfloat-abi=hard -mthumb -o "Core/Src/main.o"
In file included from ../Drivers/CMSIS/Include/core_cm4.h:1955,
                 from ../Drivers/CMSIS/Device/ST/STM32L4xx/Include/stm32l4p5xx.h:170,
                 from ../Drivers/CMSIS/Device/ST/STM32L4xx/Include/stm32l4xx.h:159,
                 from ../Drivers/STM32L4xx_HAL_Driver/Inc/stm32l4xx_hal_def.h:29,
                 from ../Drivers/STM32L4xx_HAL_Driver/Inc/stm32l4xx_hal_rcc.h:27,
                 from ../Core/Inc/stm32l4xx_hal_conf.h:258,
                 from ../Drivers/STM32L4xx_HAL_Driver/Inc/stm32l4xx_hal.h:29,
                 from ../Core/Inc/main.h:30,
                 from ../Core/Src/main.cpp:20:
../Drivers/CMSIS/Include/mpu_armv7.h: In function 'void ARM_MPU_Enable(uint32_t)':
../Drivers/CMSIS/Include/mpu_armv7.h:195:14: warning: compound assignment with 'volatile'-qualified left operand is deprecated [-Wvolatile]
  195 |   SCB->SHCSR |= SCB_SHCSR_MEMFAULTENA_Msk;
../Drivers/CMSIS/Include/mpu_armv7.h: In function 'void ARM_MPU_Disable()':
../Drivers/CMSIS/Include/mpu_armv7.h:207:14: warning: compound assignment with 'volatile'-qualified left operand is deprecated [-Wvolatile]
  207 |   SCB->SHCSR &= ~SCB_SHCSR_MEMFAULTENA_Msk;
../Drivers/CMSIS/Include/mpu_armv7.h:209:14: warning: compound assignment with 'volatile'-qualified left operand is deprecated [-Wvolatile]
  209 |   MPU->CTRL  &= ~MPU_CTRL_ENABLE_Msk;
../Core/Src/main.cpp: In function 'int main()':
../Core/Src/main.cpp:120:51: error: cannot convert 'paramsMLX90621' to 'paramsMLX90621*'
  120 |   status = MLX90621_ExtractParameters(eeMLX90621, mlx90621);
      |                                                   ^~~~~~~~
      |                                                   |
      |                                                   paramsMLX90621
In file included from ../Core/Src/main.cpp:24:
../Core/Inc/MLX90621_API.h:45:69: note:   initializing argument 2 of 'int MLX90621_ExtractParameters(uint8_t*, paramsMLX90621*)'
   45 |     int MLX90621_ExtractParameters(uint8_t *eeData, paramsMLX90621 *mlx90621);
      |                                                     ~~~~~~~~~~~~~~~~^~~~~~~~
../Core/Src/main.cpp:122:34: error: cannot convert 'int*' to 'uint16_t*' {aka 'short unsigned int*'}
  122 |   status = MLX90621_GetFrameData(mlx90621Frame);
      |                                  ^~~~~~~~~~~~~
      |                                  |
      |                                  int*
In file included from ../Core/Src/main.cpp:24:
../Core/Inc/MLX90621_API.h:41:41: note:   initializing argument 1 of 'int MLX90621_GetFrameData(uint16_t*)'
   41 |     int MLX90621_GetFrameData(uint16_t *frameData);
      |                               ~~~~~~~~~~^~~~~~~~~
../Core/Src/main.cpp:124:23: error: cannot convert 'int*' to 'uint16_t*' {aka 'short unsigned int*'}
  124 |   Ta = MLX90621_GetTa(mlx90621Frame, &mlx90621);
      |                       ^~~~~~~~~~~~~
      |                       |
      |                       int*
In file included from ../Core/Src/main.cpp:24:
../Core/Inc/MLX90621_API.h:46:36: note:   initializing argument 1 of 'float MLX90621_GetTa(uint16_t*, const paramsMLX90621*)'
   46 |     float MLX90621_GetTa(uint16_t *frameData, const paramsMLX90621 *params);
      |                          ~~~~~~~~~~^~~~~~~~~
../Core/Src/main.cpp: In function 'void SystemClock_Config()':
../Core/Src/main.cpp:145:44: warning: missing initializer for member 'RCC_OscInitTypeDef::HSEState' [-Wmissing-field-initializers]
  145 |   RCC_OscInitTypeDef RCC_OscInitStruct = {0};
      |                                            ^
../Core/Src/main.cpp:145:44: warning: missing initializer for member 'RCC_OscInitTypeDef::LSEState' [-Wmissing-field-initializers]
../Core/Src/main.cpp:145:44: warning: missing initializer for member 'RCC_OscInitTypeDef::HSIState' [-Wmissing-field-initializers]
../Core/Src/main.cpp:145:44: warning: missing initializer for member 'RCC_OscInitTypeDef::HSICalibrationValue' [-Wmissing-field-initializers]
../Core/Src/main.cpp:145:44: warning: missing initializer for member 'RCC_OscInitTypeDef::LSIState' [-Wmissing-field-initializers]
../Core/Src/main.cpp:145:44: warning: missing initializer for member 'RCC_OscInitTypeDef::LSIDiv' [-Wmissing-field-initializers]
../Core/Src/main.cpp:145:44: warning: missing initializer for member 'RCC_OscInitTypeDef::MSIState' [-Wmissing-field-initializers]
../Core/Src/main.cpp:145:44: warning: missing initializer for member 'RCC_OscInitTypeDef::MSICalibrationValue' [-Wmissing-field-initializers]
../Core/Src/main.cpp:145:44: warning: missing initializer for member 'RCC_OscInitTypeDef::MSIClockRange' [-Wmissing-field-initializers]
../Core/Src/main.cpp:145:44: warning: missing initializer for member 'RCC_OscInitTypeDef::HSI48State' [-Wmissing-field-initializers]
../Core/Src/main.cpp:145:44: warning: missing initializer for member 'RCC_OscInitTypeDef::PLL' [-Wmissing-field-initializers]
../Core/Src/main.cpp:146:44: warning: missing initializer for member 'RCC_ClkInitTypeDef::SYSCLKSource' [-Wmissing-field-initializers]
  146 |   RCC_ClkInitTypeDef RCC_ClkInitStruct = {0};
      |                                            ^
../Core/Src/main.cpp:146:44: warning: missing initializer for member 'RCC_ClkInitTypeDef::AHBCLKDivider' [-Wmissing-field-initializers]
../Core/Src/main.cpp:146:44: warning: missing initializer for member 'RCC_ClkInitTypeDef::APB1CLKDivider' [-Wmissing-field-initializers]
../Core/Src/main.cpp:146:44: warning: missing initializer for member 'RCC_ClkInitTypeDef::APB2CLKDivider' [-Wmissing-field-initializers]
make: *** [Core/Src/subdir.mk:55: Core/Src/main.o] Error 1
"make -j12 all" terminated with exit code 2. Build might be incomplete.
18:34:07 **** Incremental Build of configuration Debug for project Tire_Temperature_Sensor ****
make -j12 all 
arm-none-eabi-g++ "../Core/Src/main.cpp" -mcpu=cortex-m4 -std=c++20 -g3 -DDEBUG -DUSE_HAL_DRIVER -DSTM32L4P5xx -c -I../Core/Inc -I../Drivers/STM32L4xx_HAL_Driver/Inc -I../Drivers/STM32L4xx_HAL_Driver/Inc/Legacy -I../Drivers/CMSIS/Device/ST/STM32L4xx/Include -I../Drivers/CMSIS/Include -O0 -ffunction-sections -fdata-sections -fno-exceptions -fno-rtti -fno-use-cxa-atexit -Wall -Wextra -pedantic -Wswitch-default -Wswitch-enum -Wconversion -fstack-usage -MMD -MP -MF"Core/Src/main.d" -MT"Core/Src/main.o" --specs=nano.specs -mfpu=fpv4-sp-d16 -mfloat-abi=hard -mthumb -o "Core/Src/main.o"
In file included from ../Drivers/CMSIS/Include/core_cm4.h:1955,
                 from ../Drivers/CMSIS/Device/ST/STM32L4xx/Include/stm32l4p5xx.h:170,
                 from ../Drivers/CMSIS/Device/ST/STM32L4xx/Include/stm32l4xx.h:159,
                 from ../Drivers/STM32L4xx_HAL_Driver/Inc/stm32l4xx_hal_def.h:29,
                 from ../Drivers/STM32L4xx_HAL_Driver/Inc/stm32l4xx_hal_rcc.h:27,
                 from ../Core/Inc/stm32l4xx_hal_conf.h:258,
                 from ../Drivers/STM32L4xx_HAL_Driver/Inc/stm32l4xx_hal.h:29,
                 from ../Core/Inc/main.h:30,
                 from ../Core/Src/main.cpp:20:
../Drivers/CMSIS/Include/mpu_armv7.h: In function 'void ARM_MPU_Enable(uint32_t)':
../Drivers/CMSIS/Include/mpu_armv7.h:195:14: warning: compound assignment with 'volatile'-qualified left operand is deprecated [-Wvolatile]
  195 |   SCB->SHCSR |= SCB_SHCSR_MEMFAULTENA_Msk;
../Drivers/CMSIS/Include/mpu_armv7.h: In function 'void ARM_MPU_Disable()':
../Drivers/CMSIS/Include/mpu_armv7.h:207:14: warning: compound assignment with 'volatile'-qualified left operand is deprecated [-Wvolatile]
  207 |   SCB->SHCSR &= ~SCB_SHCSR_MEMFAULTENA_Msk;
../Drivers/CMSIS/Include/mpu_armv7.h:209:14: warning: compound assignment with 'volatile'-qualified left operand is deprecated [-Wvolatile]
  209 |   MPU->CTRL  &= ~MPU_CTRL_ENABLE_Msk;
../Core/Src/main.cpp: In function 'int main()':
../Core/Src/main.cpp:120:39: error: cannot convert 'uint8_t (*)[256]' {aka 'unsigned char (*)[256]'} to 'uint8_t*' {aka 'unsigned char*'}
  120 |   status = MLX90621_ExtractParameters(&eeMLX90621, &mlx90621);
      |                                       ^~~~~~~~~~~
      |                                       |
      |                                       uint8_t (*)[256] {aka unsigned char (*)[256]}
In file included from ../Core/Src/main.cpp:24:
../Core/Inc/MLX90621_API.h:45:45: note:   initializing argument 1 of 'int MLX90621_ExtractParameters(uint8_t*, paramsMLX90621*)'
   45 |     int MLX90621_ExtractParameters(uint8_t *eeData, paramsMLX90621 *mlx90621);
      |                                    ~~~~~~~~~^~~~~~
../Core/Src/main.cpp: In function 'void SystemClock_Config()':
../Core/Src/main.cpp:145:44: warning: missing initializer for member 'RCC_OscInitTypeDef::HSEState' [-Wmissing-field-initializers]
  145 |   RCC_OscInitTypeDef RCC_OscInitStruct = {0};
      |                                            ^
../Core/Src/main.cpp:145:44: warning: missing initializer for member 'RCC_OscInitTypeDef::LSEState' [-Wmissing-field-initializers]
../Core/Src/main.cpp:145:44: warning: missing initializer for member 'RCC_OscInitTypeDef::HSIState' [-Wmissing-field-initializers]
../Core/Src/main.cpp:145:44: warning: missing initializer for member 'RCC_OscInitTypeDef::HSICalibrationValue' [-Wmissing-field-initializers]
../Core/Src/main.cpp:145:44: warning: missing initializer for member 'RCC_OscInitTypeDef::LSIState' [-Wmissing-field-initializers]
../Core/Src/main.cpp:145:44: warning: missing initializer for member 'RCC_OscInitTypeDef::LSIDiv' [-Wmissing-field-initializers]
../Core/Src/main.cpp:145:44: warning: missing initializer for member 'RCC_OscInitTypeDef::MSIState' [-Wmissing-field-initializers]
../Core/Src/main.cpp:145:44: warning: missing initializer for member 'RCC_OscInitTypeDef::MSICalibrationValue' [-Wmissing-field-initializers]
../Core/Src/main.cpp:145:44: warning: missing initializer for member 'RCC_OscInitTypeDef::MSIClockRange' [-Wmissing-field-initializers]
../Core/Src/main.cpp:145:44: warning: missing initializer for member 'RCC_OscInitTypeDef::HSI48State' [-Wmissing-field-initializers]
../Core/Src/main.cpp:145:44: warning: missing initializer for member 'RCC_OscInitTypeDef::PLL' [-Wmissing-field-initializers]
../Core/Src/main.cpp:146:44: warning: missing initializer for member 'RCC_ClkInitTypeDef::SYSCLKSource' [-Wmissing-field-initializers]
  146 |   RCC_ClkInitTypeDef RCC_ClkInitStruct = {0};
      |                                            ^
../Core/Src/main.cpp:146:44: warning: missing initializer for member 'RCC_ClkInitTypeDef::AHBCLKDivider' [-Wmissing-field-initializers]
../Core/Src/main.cpp:146:44: warning: missing initializer for member 'RCC_ClkInitTypeDef::APB1CLKDivider' [-Wmissing-field-initializers]
../Core/Src/main.cpp:146:44: warning: missing initializer for member 'RCC_ClkInitTypeDef::APB2CLKDivider' [-Wmissing-field-initializers]
make: *** [Core/Src/subdir.mk:55: Core/Src/main.o] Error 1
"make -j12 all" terminated with exit code 2. Build might be incomplete.
18:34:29 **** Incremental Build of configuration Debug for project Tire_Temperature_Sensor ****
make -j12 all 
arm-none-eabi-g++ "../Core/Src/main.cpp" -mcpu=cortex-m4 -std=c++20 -g3 -DDEBUG -DUSE_HAL_DRIVER -DSTM32L4P5xx -c -I../Core/Inc -I../Drivers/STM32L4xx_HAL_Driver/Inc -I../Drivers/STM32L4xx_HAL_Driver/Inc/Legacy -I../Drivers/CMSIS/Device/ST/STM32L4xx/Include -I../Drivers/CMSIS/Include -O0 -ffunction-sections -fdata-sections -fno-exceptions -fno-rtti -fno-use-cxa-atexit -Wall -Wextra -pedantic -Wswitch-default -Wswitch-enum -Wconversion -fstack-usage -MMD -MP -MF"Core/Src/main.d" -MT"Core/Src/main.o" --specs=nano.specs -mfpu=fpv4-sp-d16 -mfloat-abi=hard -mthumb -o "Core/Src/main.o"
In file included from ../Drivers/CMSIS/Include/core_cm4.h:1955,
                 from ../Drivers/CMSIS/Device/ST/STM32L4xx/Include/stm32l4p5xx.h:170,
                 from ../Drivers/CMSIS/Device/ST/STM32L4xx/Include/stm32l4xx.h:159,
                 from ../Drivers/STM32L4xx_HAL_Driver/Inc/stm32l4xx_hal_def.h:29,
                 from ../Drivers/STM32L4xx_HAL_Driver/Inc/stm32l4xx_hal_rcc.h:27,
                 from ../Core/Inc/stm32l4xx_hal_conf.h:258,
                 from ../Drivers/STM32L4xx_HAL_Driver/Inc/stm32l4xx_hal.h:29,
                 from ../Core/Inc/main.h:30,
                 from ../Core/Src/main.cpp:20:
../Drivers/CMSIS/Include/mpu_armv7.h: In function 'void ARM_MPU_Enable(uint32_t)':
../Drivers/CMSIS/Include/mpu_armv7.h:195:14: warning: compound assignment with 'volatile'-qualified left operand is deprecated [-Wvolatile]
  195 |   SCB->SHCSR |= SCB_SHCSR_MEMFAULTENA_Msk;
../Drivers/CMSIS/Include/mpu_armv7.h: In function 'void ARM_MPU_Disable()':
../Drivers/CMSIS/Include/mpu_armv7.h:207:14: warning: compound assignment with 'volatile'-qualified left operand is deprecated [-Wvolatile]
  207 |   SCB->SHCSR &= ~SCB_SHCSR_MEMFAULTENA_Msk;
../Drivers/CMSIS/Include/mpu_armv7.h:209:14: warning: compound assignment with 'volatile'-qualified left operand is deprecated [-Wvolatile]
  209 |   MPU->CTRL  &= ~MPU_CTRL_ENABLE_Msk;
../Core/Src/main.cpp: In function 'int main()':
../Core/Src/main.cpp:106:7: warning: variable 'status' set but not used [-Wunused-but-set-variable]
  106 |   int status;
      |       ^~~~~~
../Core/Src/main.cpp:107:9: warning: variable 'Ta' set but not used [-Wunused-but-set-variable]
  107 |   float Ta;
      |         ^~
../Core/Src/main.cpp:108:7: warning: variable 'resolution' set but not used [-Wunused-but-set-variable]
  108 |   int resolution;
      |       ^~~~~~~~~~
../Core/Src/main.cpp:109:7: warning: variable 'refresh' set but not used [-Wunused-but-set-variable]
  109 |   int refresh;
      |       ^~~~~~~
../Core/Src/main.cpp: In function 'void SystemClock_Config()':
../Core/Src/main.cpp:145:44: warning: missing initializer for member 'RCC_OscInitTypeDef::HSEState' [-Wmissing-field-initializers]
  145 |   RCC_OscInitTypeDef RCC_OscInitStruct = {0};
      |                                            ^
../Core/Src/main.cpp:145:44: warning: missing initializer for member 'RCC_OscInitTypeDef::LSEState' [-Wmissing-field-initializers]
../Core/Src/main.cpp:145:44: warning: missing initializer for member 'RCC_OscInitTypeDef::HSIState' [-Wmissing-field-initializers]
../Core/Src/main.cpp:145:44: warning: missing initializer for member 'RCC_OscInitTypeDef::HSICalibrationValue' [-Wmissing-field-initializers]
../Core/Src/main.cpp:145:44: warning: missing initializer for member 'RCC_OscInitTypeDef::LSIState' [-Wmissing-field-initializers]
../Core/Src/main.cpp:145:44: warning: missing initializer for member 'RCC_OscInitTypeDef::LSIDiv' [-Wmissing-field-initializers]
../Core/Src/main.cpp:145:44: warning: missing initializer for member 'RCC_OscInitTypeDef::MSIState' [-Wmissing-field-initializers]
../Core/Src/main.cpp:145:44: warning: missing initializer for member 'RCC_OscInitTypeDef::MSICalibrationValue' [-Wmissing-field-initializers]
../Core/Src/main.cpp:145:44: warning: missing initializer for member 'RCC_OscInitTypeDef::MSIClockRange' [-Wmissing-field-initializers]
../Core/Src/main.cpp:145:44: warning: missing initializer for member 'RCC_OscInitTypeDef::HSI48State' [-Wmissing-field-initializers]
../Core/Src/main.cpp:145:44: warning: missing initializer for member 'RCC_OscInitTypeDef::PLL' [-Wmissing-field-initializers]
../Core/Src/main.cpp:146:44: warning: missing initializer for member 'RCC_ClkInitTypeDef::SYSCLKSource' [-Wmissing-field-initializers]
  146 |   RCC_ClkInitTypeDef RCC_ClkInitStruct = {0};
      |                                            ^
../Core/Src/main.cpp:146:44: warning: missing initializer for member 'RCC_ClkInitTypeDef::AHBCLKDivider' [-Wmissing-field-initializers]
../Core/Src/main.cpp:146:44: warning: missing initializer for member 'RCC_ClkInitTypeDef::APB1CLKDivider' [-Wmissing-field-initializers]
../Core/Src/main.cpp:146:44: warning: missing initializer for member 'RCC_ClkInitTypeDef::APB2CLKDivider' [-Wmissing-field-initializers]
arm-none-eabi-g++ -o "Tire_Temperature_Sensor.elf" @"objects.list"   -mcpu=cortex-m4 -T"/home/mateusz/Desktop/Tire_Temperature_Sensor/FIRMWARE/Tire_Temperature_Sensor/STM32L4P5RETX_FLASH.ld" -Wl,-Map="Tire_Temperature_Sensor.map" -Wl,--gc-sections -static --specs=nano.specs -mfpu=fpv4-sp-d16 -mfloat-abi=hard -mthumb -Wl,--start-group -lc -lm -lstdc++ -lsupc++ -Wl,--end-group
Finished building target: Tire_Temperature_Sensor.elf
 
arm-none-eabi-size   Tire_Temperature_Sensor.elf 
arm-none-eabi-objdump -h -S  Tire_Temperature_Sensor.elf  > "Tire_Temperature_Sensor.list"
   text	   data	    bss	    dec	    hex	filename
  23692	    120	   2088	  25900	   652c	Tire_Temperature_Sensor.elf
Finished building: default.size.stdout
 
Finished building: Tire_Temperature_Sensor.list
 
18:35:23 **** Incremental Build of configuration Debug for project Tire_Temperature_Sensor ****
make -j12 all 
arm-none-eabi-g++ "../Core/Src/main.cpp" -mcpu=cortex-m4 -std=c++20 -g3 -DDEBUG -DUSE_HAL_DRIVER -DSTM32L4P5xx -c -I../Core/Inc -I../Drivers/STM32L4xx_HAL_Driver/Inc -I../Drivers/STM32L4xx_HAL_Driver/Inc/Legacy -I../Drivers/CMSIS/Device/ST/STM32L4xx/Include -I../Drivers/CMSIS/Include -O0 -ffunction-sections -fdata-sections -fno-exceptions -fno-rtti -fno-use-cxa-atexit -Wall -Wextra -pedantic -Wswitch-default -Wswitch-enum -Wconversion -fstack-usage -MMD -MP -MF"Core/Src/main.d" -MT"Core/Src/main.o" --specs=nano.specs -mfpu=fpv4-sp-d16 -mfloat-abi=hard -mthumb -o "Core/Src/main.o"
In file included from ../Drivers/CMSIS/Include/core_cm4.h:1955,
                 from ../Drivers/CMSIS/Device/ST/STM32L4xx/Include/stm32l4p5xx.h:170,
                 from ../Drivers/CMSIS/Device/ST/STM32L4xx/Include/stm32l4xx.h:159,
                 from ../Drivers/STM32L4xx_HAL_Driver/Inc/stm32l4xx_hal_def.h:29,
                 from ../Drivers/STM32L4xx_HAL_Driver/Inc/stm32l4xx_hal_rcc.h:27,
                 from ../Core/Inc/stm32l4xx_hal_conf.h:258,
                 from ../Drivers/STM32L4xx_HAL_Driver/Inc/stm32l4xx_hal.h:29,
                 from ../Core/Inc/main.h:30,
                 from ../Core/Src/main.cpp:20:
../Drivers/CMSIS/Include/mpu_armv7.h: In function 'void ARM_MPU_Enable(uint32_t)':
../Drivers/CMSIS/Include/mpu_armv7.h:195:14: warning: compound assignment with 'volatile'-qualified left operand is deprecated [-Wvolatile]
  195 |   SCB->SHCSR |= SCB_SHCSR_MEMFAULTENA_Msk;
../Drivers/CMSIS/Include/mpu_armv7.h: In function 'void ARM_MPU_Disable()':
../Drivers/CMSIS/Include/mpu_armv7.h:207:14: warning: compound assignment with 'volatile'-qualified left operand is deprecated [-Wvolatile]
  207 |   SCB->SHCSR &= ~SCB_SHCSR_MEMFAULTENA_Msk;
../Drivers/CMSIS/Include/mpu_armv7.h:209:14: warning: compound assignment with 'volatile'-qualified left operand is deprecated [-Wvolatile]
  209 |   MPU->CTRL  &= ~MPU_CTRL_ENABLE_Msk;
../Core/Src/main.cpp: In function 'int main()':
../Core/Src/main.cpp:106:7: warning: variable 'status' set but not used [-Wunused-but-set-variable]
  106 |   int status;
      |       ^~~~~~
../Core/Src/main.cpp:107:9: warning: variable 'Ta' set but not used [-Wunused-but-set-variable]
  107 |   float Ta;
      |         ^~
../Core/Src/main.cpp:108:7: warning: variable 'resolution' set but not used [-Wunused-but-set-variable]
  108 |   int resolution;
      |       ^~~~~~~~~~
../Core/Src/main.cpp:109:7: warning: variable 'refresh' set but not used [-Wunused-but-set-variable]
  109 |   int refresh;
      |       ^~~~~~~
../Core/Src/main.cpp: In function 'void SystemClock_Config()':
../Core/Src/main.cpp:145:44: warning: missing initializer for member 'RCC_OscInitTypeDef::HSEState' [-Wmissing-field-initializers]
  145 |   RCC_OscInitTypeDef RCC_OscInitStruct = {0};
      |                                            ^
../Core/Src/main.cpp:145:44: warning: missing initializer for member 'RCC_OscInitTypeDef::LSEState' [-Wmissing-field-initializers]
../Core/Src/main.cpp:145:44: warning: missing initializer for member 'RCC_OscInitTypeDef::HSIState' [-Wmissing-field-initializers]
../Core/Src/main.cpp:145:44: warning: missing initializer for member 'RCC_OscInitTypeDef::HSICalibrationValue' [-Wmissing-field-initializers]
../Core/Src/main.cpp:145:44: warning: missing initializer for member 'RCC_OscInitTypeDef::LSIState' [-Wmissing-field-initializers]
../Core/Src/main.cpp:145:44: warning: missing initializer for member 'RCC_OscInitTypeDef::LSIDiv' [-Wmissing-field-initializers]
../Core/Src/main.cpp:145:44: warning: missing initializer for member 'RCC_OscInitTypeDef::MSIState' [-Wmissing-field-initializers]
../Core/Src/main.cpp:145:44: warning: missing initializer for member 'RCC_OscInitTypeDef::MSICalibrationValue' [-Wmissing-field-initializers]
../Core/Src/main.cpp:145:44: warning: missing initializer for member 'RCC_OscInitTypeDef::MSIClockRange' [-Wmissing-field-initializers]
../Core/Src/main.cpp:145:44: warning: missing initializer for member 'RCC_OscInitTypeDef::HSI48State' [-Wmissing-field-initializers]
../Core/Src/main.cpp:145:44: warning: missing initializer for member 'RCC_OscInitTypeDef::PLL' [-Wmissing-field-initializers]
../Core/Src/main.cpp:146:44: warning: missing initializer for member 'RCC_ClkInitTypeDef::SYSCLKSource' [-Wmissing-field-initializers]
  146 |   RCC_ClkInitTypeDef RCC_ClkInitStruct = {0};
      |                                            ^
../Core/Src/main.cpp:146:44: warning: missing initializer for member 'RCC_ClkInitTypeDef::AHBCLKDivider' [-Wmissing-field-initializers]
../Core/Src/main.cpp:146:44: warning: missing initializer for member 'RCC_ClkInitTypeDef::APB1CLKDivider' [-Wmissing-field-initializers]
../Core/Src/main.cpp:146:44: warning: missing initializer for member 'RCC_ClkInitTypeDef::APB2CLKDivider' [-Wmissing-field-initializers]
arm-none-eabi-g++ -o "Tire_Temperature_Sensor.elf" @"objects.list"   -mcpu=cortex-m4 -T"/home/mateusz/Desktop/Tire_Temperature_Sensor/FIRMWARE/Tire_Temperature_Sensor/STM32L4P5RETX_FLASH.ld" -Wl,-Map="Tire_Temperature_Sensor.map" -Wl,--gc-sections -static --specs=nano.specs -mfpu=fpv4-sp-d16 -mfloat-abi=hard -mthumb -Wl,--start-group -lc -lm -lstdc++ -lsupc++ -Wl,--end-group
Finished building target: Tire_Temperature_Sensor.elf
 
arm-none-eabi-size   Tire_Temperature_Sensor.elf 
arm-none-eabi-objdump -h -S  Tire_Temperature_Sensor.elf  > "Tire_Temperature_Sensor.list"
   text	   data	    bss	    dec	    hex	filename
  23692	    120	   2088	  25900	   652c	Tire_Temperature_Sensor.elf
Finished building: default.size.stdout
 
Finished building: Tire_Temperature_Sensor.list
 
18:35:38 **** Incremental Build of configuration Debug for project Tire_Temperature_Sensor ****
make -j12 all 
arm-none-eabi-size   Tire_Temperature_Sensor.elf 
   text	   data	    bss	    dec	    hex	filename
  23692	    120	   2088	  25900	   652c	Tire_Temperature_Sensor.elf
Finished building: default.size.stdout
 
